
Merging object attributes


Discarded input sections

 .text          0x00000000       0x14 ./stm32f10x_lib/CMSIS/CM3/DeviceSupport/ST/STM32F10x/startup/gcc_ride7/startup_stm32f10x_md_vl.o
 .data          0x00000000        0x0 ./stm32f10x_lib/CMSIS/CM3/DeviceSupport/ST/STM32F10x/startup/gcc_ride7/startup_stm32f10x_md_vl.o
 .bss           0x00000000        0x0 ./stm32f10x_lib/CMSIS/CM3/DeviceSupport/ST/STM32F10x/startup/gcc_ride7/startup_stm32f10x_md_vl.o
 .data          0x00000000        0x0 ./user/main.o
 .bss           0x00000000        0x0 ./user/main.o
 .bss           0x00000000        0x0 ./stm32f10x_lib/CMSIS/CM3/DeviceSupport/ST/STM32F10x/system_stm32f10x.o
 .text          0x00000000       0x8a ./stm32f10x_lib/CMSIS/CM3/CoreSupport/core_cm3.o
 .data          0x00000000        0x0 ./stm32f10x_lib/CMSIS/CM3/CoreSupport/core_cm3.o
 .bss           0x00000000        0x0 ./stm32f10x_lib/CMSIS/CM3/CoreSupport/core_cm3.o
 .debug_info    0x00000000      0x63b ./stm32f10x_lib/CMSIS/CM3/CoreSupport/core_cm3.o
 .debug_abbrev  0x00000000       0xe4 ./stm32f10x_lib/CMSIS/CM3/CoreSupport/core_cm3.o
 .debug_loc     0x00000000      0x398 ./stm32f10x_lib/CMSIS/CM3/CoreSupport/core_cm3.o
 .debug_aranges
                0x00000000       0x20 ./stm32f10x_lib/CMSIS/CM3/CoreSupport/core_cm3.o
 .debug_ranges  0x00000000       0x10 ./stm32f10x_lib/CMSIS/CM3/CoreSupport/core_cm3.o
 .debug_line    0x00000000      0x271 ./stm32f10x_lib/CMSIS/CM3/CoreSupport/core_cm3.o
 .debug_str     0x00000000      0x2ee ./stm32f10x_lib/CMSIS/CM3/CoreSupport/core_cm3.o
 .comment       0x00000000       0x1f ./stm32f10x_lib/CMSIS/CM3/CoreSupport/core_cm3.o
 .debug_frame   0x00000000      0x170 ./stm32f10x_lib/CMSIS/CM3/CoreSupport/core_cm3.o
 .ARM.attributes
                0x00000000       0x2d ./stm32f10x_lib/CMSIS/CM3/CoreSupport/core_cm3.o
 .data          0x00000000        0x0 ./stm32f10x_lib/STM32F10x_StdPeriph_Driver/src/stm32f10x_rcc.o
 .bss           0x00000000        0x0 ./stm32f10x_lib/STM32F10x_StdPeriph_Driver/src/stm32f10x_rcc.o
 .data          0x00000000        0x0 ./stm32f10x_lib/STM32F10x_StdPeriph_Driver/src/stm32f10x_gpio.o
 .bss           0x00000000        0x0 ./stm32f10x_lib/STM32F10x_StdPeriph_Driver/src/stm32f10x_gpio.o
 .text          0x00000000       0xf4 ./stm32f10x_lib/STM32F10x_StdPeriph_Driver/src/stm32f10x_exti.o
 .data          0x00000000        0x0 ./stm32f10x_lib/STM32F10x_StdPeriph_Driver/src/stm32f10x_exti.o
 .bss           0x00000000        0x0 ./stm32f10x_lib/STM32F10x_StdPeriph_Driver/src/stm32f10x_exti.o
 .debug_info    0x00000000      0x3a3 ./stm32f10x_lib/STM32F10x_StdPeriph_Driver/src/stm32f10x_exti.o
 .debug_abbrev  0x00000000      0x1ee ./stm32f10x_lib/STM32F10x_StdPeriph_Driver/src/stm32f10x_exti.o
 .debug_loc     0x00000000      0x218 ./stm32f10x_lib/STM32F10x_StdPeriph_Driver/src/stm32f10x_exti.o
 .debug_aranges
                0x00000000       0x20 ./stm32f10x_lib/STM32F10x_StdPeriph_Driver/src/stm32f10x_exti.o
 .debug_line    0x00000000      0x2e2 ./stm32f10x_lib/STM32F10x_StdPeriph_Driver/src/stm32f10x_exti.o
 .debug_str     0x00000000      0x34d ./stm32f10x_lib/STM32F10x_StdPeriph_Driver/src/stm32f10x_exti.o
 .comment       0x00000000       0x1f ./stm32f10x_lib/STM32F10x_StdPeriph_Driver/src/stm32f10x_exti.o
 .debug_frame   0x00000000       0x98 ./stm32f10x_lib/STM32F10x_StdPeriph_Driver/src/stm32f10x_exti.o
 .ARM.attributes
                0x00000000       0x2d ./stm32f10x_lib/STM32F10x_StdPeriph_Driver/src/stm32f10x_exti.o
 .text          0x00000000      0x330 ./stm32f10x_lib/STM32F10x_StdPeriph_Driver/src/stm32f10x_usart.o
 .data          0x00000000        0x0 ./stm32f10x_lib/STM32F10x_StdPeriph_Driver/src/stm32f10x_usart.o
 .bss           0x00000000        0x0 ./stm32f10x_lib/STM32F10x_StdPeriph_Driver/src/stm32f10x_usart.o
 .debug_info    0x00000000      0xc91 ./stm32f10x_lib/STM32F10x_StdPeriph_Driver/src/stm32f10x_usart.o
 .debug_abbrev  0x00000000      0x257 ./stm32f10x_lib/STM32F10x_StdPeriph_Driver/src/stm32f10x_usart.o
 .debug_loc     0x00000000      0x96d ./stm32f10x_lib/STM32F10x_StdPeriph_Driver/src/stm32f10x_usart.o
 .debug_aranges
                0x00000000       0x20 ./stm32f10x_lib/STM32F10x_StdPeriph_Driver/src/stm32f10x_usart.o
 .debug_line    0x00000000      0x7d2 ./stm32f10x_lib/STM32F10x_StdPeriph_Driver/src/stm32f10x_usart.o
 .debug_str     0x00000000      0x6d4 ./stm32f10x_lib/STM32F10x_StdPeriph_Driver/src/stm32f10x_usart.o
 .comment       0x00000000       0x1f ./stm32f10x_lib/STM32F10x_StdPeriph_Driver/src/stm32f10x_usart.o
 .debug_frame   0x00000000      0x220 ./stm32f10x_lib/STM32F10x_StdPeriph_Driver/src/stm32f10x_usart.o
 .ARM.attributes
                0x00000000       0x2d ./stm32f10x_lib/STM32F10x_StdPeriph_Driver/src/stm32f10x_usart.o
 .text          0x00000000       0xac ./stm32f10x_lib/STM32F10x_StdPeriph_Driver/src/misc.o
 .data          0x00000000        0x0 ./stm32f10x_lib/STM32F10x_StdPeriph_Driver/src/misc.o
 .bss           0x00000000        0x0 ./stm32f10x_lib/STM32F10x_StdPeriph_Driver/src/misc.o
 .debug_info    0x00000000      0x58d ./stm32f10x_lib/STM32F10x_StdPeriph_Driver/src/misc.o
 .debug_abbrev  0x00000000      0x192 ./stm32f10x_lib/STM32F10x_StdPeriph_Driver/src/misc.o
 .debug_loc     0x00000000      0x191 ./stm32f10x_lib/STM32F10x_StdPeriph_Driver/src/misc.o
 .debug_aranges
                0x00000000       0x20 ./stm32f10x_lib/STM32F10x_StdPeriph_Driver/src/misc.o
 .debug_line    0x00000000      0x29a ./stm32f10x_lib/STM32F10x_StdPeriph_Driver/src/misc.o
 .debug_str     0x00000000      0x3bc ./stm32f10x_lib/STM32F10x_StdPeriph_Driver/src/misc.o
 .comment       0x00000000       0x1f ./stm32f10x_lib/STM32F10x_StdPeriph_Driver/src/misc.o
 .debug_frame   0x00000000       0x6c ./stm32f10x_lib/STM32F10x_StdPeriph_Driver/src/misc.o
 .ARM.attributes
                0x00000000       0x2d ./stm32f10x_lib/STM32F10x_StdPeriph_Driver/src/misc.o

Memory Configuration

Name             Origin             Length             Attributes
flash            0x08000000         0x00010000         xr
ram              0x20000000         0x00005000         xrw
*default*        0x00000000         0xffffffff

Linker script and memory map

LOAD ./stm32f10x_lib/CMSIS/CM3/DeviceSupport/ST/STM32F10x/startup/gcc_ride7/startup_stm32f10x_md_vl.o
LOAD ./user/main.o
LOAD ./stm32f10x_lib/CMSIS/CM3/DeviceSupport/ST/STM32F10x/system_stm32f10x.o
LOAD ./stm32f10x_lib/CMSIS/CM3/CoreSupport/core_cm3.o
LOAD ./stm32f10x_lib/STM32F10x_StdPeriph_Driver/src/stm32f10x_rcc.o
LOAD ./stm32f10x_lib/STM32F10x_StdPeriph_Driver/src/stm32f10x_gpio.o
LOAD ./stm32f10x_lib/STM32F10x_StdPeriph_Driver/src/stm32f10x_exti.o
LOAD ./stm32f10x_lib/STM32F10x_StdPeriph_Driver/src/stm32f10x_usart.o
LOAD ./stm32f10x_lib/STM32F10x_StdPeriph_Driver/src/misc.o
START GROUP
LOAD /usr/lib/gcc/arm-none-eabi/16.2.0/thumb/v7-m/nofp/libgcc.a
LOAD /usr/lib/gcc/arm-none-eabi/16.2.0/../../../../arm-none-eabi/lib/thumb/v7-m/nofp/libg.a
LOAD /usr/lib/gcc/arm-none-eabi/16.2.0/../../../../arm-none-eabi/lib/thumb/v7-m/nofp/libc.a
END GROUP
                0x00000000                        _heap_size = 0x0
                0x00000000                        _stack_size = 0x0
                0x20005000                        _estack = (ORIGIN (ram) + LENGTH (ram))

.isr_vector     0x08000000      0x1d0
                0x08000000                        __isr_vector_start__ = .
 *(.isr_vector)
 .isr_vector    0x08000000      0x1d0 ./stm32f10x_lib/CMSIS/CM3/DeviceSupport/ST/STM32F10x/startup/gcc_ride7/startup_stm32f10x_md_vl.o
                0x08000000                g_pfnVectors
                0x00000001                        ASSERT ((. != __isr_vector_start__), The .isr_vector section is empty)

.text           0x080001d0      0x7d4
                0x080001d0                        . = ALIGN (0x4)
                0x080001d0                        _stext = .
 *(.text*)
 .text.Reset_Handler
                0x080001d0       0x44 ./stm32f10x_lib/CMSIS/CM3/DeviceSupport/ST/STM32F10x/startup/gcc_ride7/startup_stm32f10x_md_vl.o
                0x080001d0                Reset_Handler
 .text.Default_Handler
                0x08000214        0x2 ./stm32f10x_lib/CMSIS/CM3/DeviceSupport/ST/STM32F10x/startup/gcc_ride7/startup_stm32f10x_md_vl.o
                0x08000214                EXTI2_IRQHandler
                0x08000214                DebugMon_Handler
                0x08000214                TIM1_CC_IRQHandler
                0x08000214                HardFault_Handler
                0x08000214                SysTick_Handler
                0x08000214                PVD_IRQHandler
                0x08000214                PendSV_Handler
                0x08000214                NMI_Handler
                0x08000214                EXTI3_IRQHandler
                0x08000214                EXTI0_IRQHandler
                0x08000214                I2C2_EV_IRQHandler
                0x08000214                TIM1_UP_TIM16_IRQHandler
                0x08000214                UsageFault_Handler
                0x08000214                SPI1_IRQHandler
                0x08000214                TAMPER_IRQHandler
                0x08000214                TIM6_DAC_IRQHandler
                0x08000214                DMA1_Channel4_IRQHandler
                0x08000214                ADC1_IRQHandler
                0x08000214                USART3_IRQHandler
                0x08000214                RTC_IRQHandler
                0x08000214                DMA1_Channel7_IRQHandler
                0x08000214                TIM4_IRQHandler
                0x08000214                I2C1_EV_IRQHandler
                0x08000214                DMA1_Channel6_IRQHandler
                0x08000214                TIM3_IRQHandler
                0x08000214                RCC_IRQHandler
                0x08000214                DMA1_Channel1_IRQHandler
                0x08000214                Default_Handler
                0x08000214                CEC_IRQHandler
                0x08000214                EXTI15_10_IRQHandler
                0x08000214                TIM7_IRQHandler
                0x08000214                EXTI9_5_IRQHandler
                0x08000214                SPI2_IRQHandler
                0x08000214                MemManage_Handler
                0x08000214                SVC_Handler
                0x08000214                DMA1_Channel5_IRQHandler
                0x08000214                EXTI4_IRQHandler
                0x08000214                TIM1_TRG_COM_TIM17_IRQHandler
                0x08000214                DMA1_Channel3_IRQHandler
                0x08000214                WWDG_IRQHandler
                0x08000214                TIM2_IRQHandler
                0x08000214                EXTI1_IRQHandler
                0x08000214                RTCAlarm_IRQHandler
                0x08000214                USART2_IRQHandler
                0x08000214                I2C2_ER_IRQHandler
                0x08000214                DMA1_Channel2_IRQHandler
                0x08000214                FLASH_IRQHandler
                0x08000214                BusFault_Handler
                0x08000214                USART1_IRQHandler
                0x08000214                I2C1_ER_IRQHandler
                0x08000214                TIM1_BRK_TIM15_IRQHandler
 .text          0x08000216       0x14 ./user/main.o
                0x08000216                Delay
 *fill*         0x0800022a        0x2 
 .text.startup  0x0800022c       0x44 ./user/main.o
                0x0800022c                main
 .text          0x08000270      0x128 ./stm32f10x_lib/CMSIS/CM3/DeviceSupport/ST/STM32F10x/system_stm32f10x.o
                0x08000270                SystemInit
                0x08000340                SystemCoreClockUpdate
 .text          0x08000398      0x35c ./stm32f10x_lib/STM32F10x_StdPeriph_Driver/src/stm32f10x_rcc.o
                0x08000398                RCC_DeInit
                0x080003dc                RCC_HSEConfig
                0x08000414                RCC_AdjustHSICalibrationValue
                0x08000428                RCC_HSICmd
                0x08000434                RCC_PLLConfig
                0x08000448                RCC_PLLCmd
                0x08000454                RCC_PREDIV1Config
                0x0800046c                RCC_SYSCLKConfig
                0x08000480                RCC_GetSYSCLKSource
                0x08000490                RCC_HCLKConfig
                0x080004a4                RCC_PCLK1Config
                0x080004b8                RCC_PCLK2Config
                0x080004cc                RCC_ITConfig
                0x080004e4                RCC_USBCLKConfig
                0x080004f0                RCC_ADCCLKConfig
                0x08000504                RCC_LSEConfig
                0x0800052c                RCC_LSICmd
                0x08000538                RCC_RTCCLKConfig
                0x08000548                RCC_RTCCLKCmd
                0x08000554                RCC_GetClocksFreq
                0x080005d4                RCC_AHBPeriphClockCmd
                0x080005ec                RCC_APB2PeriphClockCmd
                0x08000604                RCC_APB1PeriphClockCmd
                0x0800061c                RCC_APB2PeriphResetCmd
                0x08000634                RCC_APB1PeriphResetCmd
                0x0800064c                RCC_BackupResetCmd
                0x08000658                RCC_ClockSecuritySystemCmd
                0x08000664                RCC_MCOConfig
                0x08000670                RCC_GetFlagStatus
                0x08000698                RCC_WaitForHSEStartUp
                0x080006c2                RCC_ClearFlag
                0x080006d4                RCC_GetITStatus
                0x080006e8                RCC_ClearITPendingBit
 .text          0x080006f4      0x28c ./stm32f10x_lib/STM32F10x_StdPeriph_Driver/src/stm32f10x_gpio.o
                0x080006f4                GPIO_DeInit
                0x080007ac                GPIO_AFIODeInit
                0x080007c2                GPIO_Init
                0x08000864                GPIO_StructInit
                0x08000872                GPIO_ReadInputDataBit
                0x0800087e                GPIO_ReadInputData
                0x08000884                GPIO_ReadOutputDataBit
                0x08000890                GPIO_ReadOutputData
                0x08000896                GPIO_SetBits
                0x0800089a                GPIO_ResetBits
                0x0800089e                GPIO_WriteBit
                0x080008a8                GPIO_Write
                0x080008ac                GPIO_PinLockConfig
                0x080008bc                GPIO_EventOutputConfig
                0x080008d8                GPIO_EventOutputCmd
                0x080008e4                GPIO_PinRemapConfig
                0x08000948                GPIO_EXTILineConfig
                0x08000972                GPIO_ETH_MediaInterfaceConfig
 *(.rodata*)
 .rodata        0x08000980       0x10 ./stm32f10x_lib/CMSIS/CM3/DeviceSupport/ST/STM32F10x/system_stm32f10x.o
                0x08000980                AHBPrescTable
 .rodata        0x08000990       0x14 ./stm32f10x_lib/STM32F10x_StdPeriph_Driver/src/stm32f10x_rcc.o
 *(.init)
 *(.fini)
                0x080009a4                        . = ALIGN (0x4)
                0x080009a4                        _etext = .

.glue_7         0x080009a4        0x0
 .glue_7        0x080009a4        0x0 linker stubs

.glue_7t        0x080009a4        0x0
 .glue_7t       0x080009a4        0x0 linker stubs

.vfp11_veneer   0x080009a4        0x0
 .vfp11_veneer  0x080009a4        0x0 linker stubs

.v4_bx          0x080009a4        0x0
 .v4_bx         0x080009a4        0x0 linker stubs

.iplt           0x080009a4        0x0
 .iplt          0x080009a4        0x0 ./stm32f10x_lib/CMSIS/CM3/DeviceSupport/ST/STM32F10x/startup/gcc_ride7/startup_stm32f10x_md_vl.o

.rel.dyn        0x080009a4        0x0
 .rel.iplt      0x080009a4        0x0 ./stm32f10x_lib/CMSIS/CM3/DeviceSupport/ST/STM32F10x/startup/gcc_ride7/startup_stm32f10x_md_vl.o

.ARM.extab
 *(.ARM.extab*)

.ARM.exidx
 *(.ARM.exidx*)

.preinit_array  0x080009a4        0x0
                [!provide]                        PROVIDE (__preinit_array_start = .)
 *(.preinit_array*)
                [!provide]                        PROVIDE (__preinit_array_end = .)

.init_array     0x080009a4        0x0
                [!provide]                        PROVIDE (__init_array_start = .)
 *(SORT_BY_NAME(.init_array.*))
 *(.init_array*)
                [!provide]                        PROVIDE (__init_array_end = .)

.fini_array     0x080009a4        0x0
                [!provide]                        PROVIDE (__fini_array_start = .)
 *(SORT_BY_NAME(.fini_array.*))
 *(.fini_array*)
                [!provide]                        PROVIDE (__fini_array_end = .)
                0x080009a4                        _sidata = .

.data           0x20000000        0x4 load address 0x080009a4
                0x20000000                        . = ALIGN (0x4)
                0x20000000                        _sdata = .
 *(.data*)
 .data          0x20000000        0x4 ./stm32f10x_lib/CMSIS/CM3/DeviceSupport/ST/STM32F10x/system_stm32f10x.o
                0x20000000                SystemCoreClock
                0x20000004                        . = ALIGN (0x4)
                0x20000004                        _edata = .

.igot.plt       0x20000004        0x0 load address 0x080009a8
 .igot.plt      0x20000004        0x0 ./stm32f10x_lib/CMSIS/CM3/DeviceSupport/ST/STM32F10x/startup/gcc_ride7/startup_stm32f10x_md_vl.o

.bss            0x20000004        0x0
                0x20000004                        . = ALIGN (0x4)
                0x20000004                        _sbss = .
 *(.bss*)
 *(COMMON)
                0x20000004                        . = ALIGN (0x4)
                0x20000004                        _ebss = .

._heap          0x20000004        0x0
                0x20000004                        . = ALIGN (0x4)
                0x20000004                        . = (. + _heap_size)
                0x20000004                        . = ALIGN (0x4)

._stack         0x20000004        0x0
                0x20000004                        . = ALIGN (0x4)
                0x20000004                        . = (. + _stack_size)
                0x20000004                        . = ALIGN (0x4)
                0x000001d0                        __isr_vector_size__ = SIZEOF (.isr_vector)
                0x000007d4                        __text_size__ = SIZEOF (.text)
                0x00000004                        __data_size__ = SIZEOF (.data)
                0x00000000                        __bss_size__ = SIZEOF (.bss)
OUTPUT(stm32f10x_makefile_template.elf elf32-littlearm)
LOAD linker stubs

.ARM.attributes
                0x00000000       0x2f
 .ARM.attributes
                0x00000000       0x21 ./stm32f10x_lib/CMSIS/CM3/DeviceSupport/ST/STM32F10x/startup/gcc_ride7/startup_stm32f10x_md_vl.o
 .ARM.attributes
                0x00000021       0x2d ./user/main.o
 .ARM.attributes
                0x0000004e       0x2d ./stm32f10x_lib/CMSIS/CM3/DeviceSupport/ST/STM32F10x/system_stm32f10x.o
 .ARM.attributes
                0x0000007b       0x2d ./stm32f10x_lib/STM32F10x_StdPeriph_Driver/src/stm32f10x_rcc.o
 .ARM.attributes
                0x000000a8       0x2d ./stm32f10x_lib/STM32F10x_StdPeriph_Driver/src/stm32f10x_gpio.o

.comment        0x00000000       0x1e
 .comment       0x00000000       0x1e ./user/main.o
                                 0x1f (size before relaxing)
 .comment       0x0000001e        0x0 ./stm32f10x_lib/CMSIS/CM3/DeviceSupport/ST/STM32F10x/system_stm32f10x.o
                                 0x1f (size before relaxing)
 .comment       0x0000001e        0x0 ./stm32f10x_lib/STM32F10x_StdPeriph_Driver/src/stm32f10x_rcc.o
                                 0x1f (size before relaxing)
 .comment       0x0000001e        0x0 ./stm32f10x_lib/STM32F10x_StdPeriph_Driver/src/stm32f10x_gpio.o
                                 0x1f (size before relaxing)

.debug_line     0x00000000     0x12f7
 .debug_line    0x00000000       0xb7 ./stm32f10x_lib/CMSIS/CM3/DeviceSupport/ST/STM32F10x/startup/gcc_ride7/startup_stm32f10x_md_vl.o
 .debug_line    0x000000b7      0x18b ./user/main.o
 .debug_line    0x00000242      0x334 ./stm32f10x_lib/CMSIS/CM3/DeviceSupport/ST/STM32F10x/system_stm32f10x.o
 .debug_line    0x00000576      0x79c ./stm32f10x_lib/STM32F10x_StdPeriph_Driver/src/stm32f10x_rcc.o
 .debug_line    0x00000d12      0x5e5 ./stm32f10x_lib/STM32F10x_StdPeriph_Driver/src/stm32f10x_gpio.o

.debug_info     0x00000000     0x1bae
 .debug_info    0x00000000       0x30 ./stm32f10x_lib/CMSIS/CM3/DeviceSupport/ST/STM32F10x/startup/gcc_ride7/startup_stm32f10x_md_vl.o
 .debug_info    0x00000030      0x373 ./user/main.o
 .debug_info    0x000003a3      0x495 ./stm32f10x_lib/CMSIS/CM3/DeviceSupport/ST/STM32F10x/system_stm32f10x.o
 .debug_info    0x00000838      0xa7f ./stm32f10x_lib/STM32F10x_StdPeriph_Driver/src/stm32f10x_rcc.o
 .debug_info    0x000012b7      0x8f7 ./stm32f10x_lib/STM32F10x_StdPeriph_Driver/src/stm32f10x_gpio.o

.debug_abbrev   0x00000000      0x832
 .debug_abbrev  0x00000000       0x1d ./stm32f10x_lib/CMSIS/CM3/DeviceSupport/ST/STM32F10x/startup/gcc_ride7/startup_stm32f10x_md_vl.o
 .debug_abbrev  0x0000001d      0x174 ./user/main.o
 .debug_abbrev  0x00000191      0x1d4 ./stm32f10x_lib/CMSIS/CM3/DeviceSupport/ST/STM32F10x/system_stm32f10x.o
 .debug_abbrev  0x00000365      0x252 ./stm32f10x_lib/STM32F10x_StdPeriph_Driver/src/stm32f10x_rcc.o
 .debug_abbrev  0x000005b7      0x27b ./stm32f10x_lib/STM32F10x_StdPeriph_Driver/src/stm32f10x_gpio.o

.debug_aranges  0x00000000       0xb0
 .debug_aranges
                0x00000000       0x28 ./stm32f10x_lib/CMSIS/CM3/DeviceSupport/ST/STM32F10x/startup/gcc_ride7/startup_stm32f10x_md_vl.o
 .debug_aranges
                0x00000028       0x28 ./user/main.o
 .debug_aranges
                0x00000050       0x20 ./stm32f10x_lib/CMSIS/CM3/DeviceSupport/ST/STM32F10x/system_stm32f10x.o
 .debug_aranges
                0x00000070       0x20 ./stm32f10x_lib/STM32F10x_StdPeriph_Driver/src/stm32f10x_rcc.o
 .debug_aranges
                0x00000090       0x20 ./stm32f10x_lib/STM32F10x_StdPeriph_Driver/src/stm32f10x_gpio.o

.debug_str      0x00000000      0xaf1
 .debug_str     0x00000000      0xaf1 ./stm32f10x_lib/CMSIS/CM3/DeviceSupport/ST/STM32F10x/startup/gcc_ride7/startup_stm32f10x_md_vl.o
                                 0xb0 (size before relaxing)
 .debug_str     0x00000af1        0x0 ./user/main.o
                                0x2fa (size before relaxing)
 .debug_str     0x00000af1        0x0 ./stm32f10x_lib/CMSIS/CM3/DeviceSupport/ST/STM32F10x/system_stm32f10x.o
                                0x2df (size before relaxing)
 .debug_str     0x00000af1        0x0 ./stm32f10x_lib/STM32F10x_StdPeriph_Driver/src/stm32f10x_rcc.o
                                0x671 (size before relaxing)
 .debug_str     0x00000af1        0x0 ./stm32f10x_lib/STM32F10x_StdPeriph_Driver/src/stm32f10x_gpio.o
                                0x534 (size before relaxing)

.debug_ranges   0x00000000       0x38
 .debug_ranges  0x00000000       0x20 ./stm32f10x_lib/CMSIS/CM3/DeviceSupport/ST/STM32F10x/startup/gcc_ride7/startup_stm32f10x_md_vl.o
 .debug_ranges  0x00000020       0x18 ./user/main.o

.debug_loc      0x00000000      0xdf6
 .debug_loc     0x00000000       0x58 ./user/main.o
 .debug_loc     0x00000058      0x11e ./stm32f10x_lib/CMSIS/CM3/DeviceSupport/ST/STM32F10x/system_stm32f10x.o
 .debug_loc     0x00000176      0x558 ./stm32f10x_lib/STM32F10x_StdPeriph_Driver/src/stm32f10x_rcc.o
 .debug_loc     0x000006ce      0x728 ./stm32f10x_lib/STM32F10x_StdPeriph_Driver/src/stm32f10x_gpio.o

.debug_frame    0x00000000      0x420
 .debug_frame   0x00000000       0x44 ./user/main.o
 .debug_frame   0x00000044       0x38 ./stm32f10x_lib/CMSIS/CM3/DeviceSupport/ST/STM32F10x/system_stm32f10x.o
 .debug_frame   0x0000007c      0x234 ./stm32f10x_lib/STM32F10x_StdPeriph_Driver/src/stm32f10x_rcc.o
 .debug_frame   0x000002b0      0x170 ./stm32f10x_lib/STM32F10x_StdPeriph_Driver/src/stm32f10x_gpio.o

Cross Reference Table

Symbol                                            File
ADC1_IRQHandler                                   ./stm32f10x_lib/CMSIS/CM3/DeviceSupport/ST/STM32F10x/startup/gcc_ride7/startup_stm32f10x_md_vl.o
AHBPrescTable                                     ./stm32f10x_lib/CMSIS/CM3/DeviceSupport/ST/STM32F10x/system_stm32f10x.o
BusFault_Handler                                  ./stm32f10x_lib/CMSIS/CM3/DeviceSupport/ST/STM32F10x/startup/gcc_ride7/startup_stm32f10x_md_vl.o
CEC_IRQHandler                                    ./stm32f10x_lib/CMSIS/CM3/DeviceSupport/ST/STM32F10x/startup/gcc_ride7/startup_stm32f10x_md_vl.o
DMA1_Channel1_IRQHandler                          ./stm32f10x_lib/CMSIS/CM3/DeviceSupport/ST/STM32F10x/startup/gcc_ride7/startup_stm32f10x_md_vl.o
DMA1_Channel2_IRQHandler                          ./stm32f10x_lib/CMSIS/CM3/DeviceSupport/ST/STM32F10x/startup/gcc_ride7/startup_stm32f10x_md_vl.o
DMA1_Channel3_IRQHandler                          ./stm32f10x_lib/CMSIS/CM3/DeviceSupport/ST/STM32F10x/startup/gcc_ride7/startup_stm32f10x_md_vl.o
DMA1_Channel4_IRQHandler                          ./stm32f10x_lib/CMSIS/CM3/DeviceSupport/ST/STM32F10x/startup/gcc_ride7/startup_stm32f10x_md_vl.o
DMA1_Channel5_IRQHandler                          ./stm32f10x_lib/CMSIS/CM3/DeviceSupport/ST/STM32F10x/startup/gcc_ride7/startup_stm32f10x_md_vl.o
DMA1_Channel6_IRQHandler                          ./stm32f10x_lib/CMSIS/CM3/DeviceSupport/ST/STM32F10x/startup/gcc_ride7/startup_stm32f10x_md_vl.o
DMA1_Channel7_IRQHandler                          ./stm32f10x_lib/CMSIS/CM3/DeviceSupport/ST/STM32F10x/startup/gcc_ride7/startup_stm32f10x_md_vl.o
DebugMon_Handler                                  ./stm32f10x_lib/CMSIS/CM3/DeviceSupport/ST/STM32F10x/startup/gcc_ride7/startup_stm32f10x_md_vl.o
Default_Handler                                   ./stm32f10x_lib/CMSIS/CM3/DeviceSupport/ST/STM32F10x/startup/gcc_ride7/startup_stm32f10x_md_vl.o
Delay                                             ./user/main.o
EXTI0_IRQHandler                                  ./stm32f10x_lib/CMSIS/CM3/DeviceSupport/ST/STM32F10x/startup/gcc_ride7/startup_stm32f10x_md_vl.o
EXTI15_10_IRQHandler                              ./stm32f10x_lib/CMSIS/CM3/DeviceSupport/ST/STM32F10x/startup/gcc_ride7/startup_stm32f10x_md_vl.o
EXTI1_IRQHandler                                  ./stm32f10x_lib/CMSIS/CM3/DeviceSupport/ST/STM32F10x/startup/gcc_ride7/startup_stm32f10x_md_vl.o
EXTI2_IRQHandler                                  ./stm32f10x_lib/CMSIS/CM3/DeviceSupport/ST/STM32F10x/startup/gcc_ride7/startup_stm32f10x_md_vl.o
EXTI3_IRQHandler                                  ./stm32f10x_lib/CMSIS/CM3/DeviceSupport/ST/STM32F10x/startup/gcc_ride7/startup_stm32f10x_md_vl.o
EXTI4_IRQHandler                                  ./stm32f10x_lib/CMSIS/CM3/DeviceSupport/ST/STM32F10x/startup/gcc_ride7/startup_stm32f10x_md_vl.o
EXTI9_5_IRQHandler                                ./stm32f10x_lib/CMSIS/CM3/DeviceSupport/ST/STM32F10x/startup/gcc_ride7/startup_stm32f10x_md_vl.o
EXTI_ClearFlag                                    ./stm32f10x_lib/STM32F10x_StdPeriph_Driver/src/stm32f10x_exti.o
EXTI_ClearITPendingBit                            ./stm32f10x_lib/STM32F10x_StdPeriph_Driver/src/stm32f10x_exti.o
EXTI_DeInit                                       ./stm32f10x_lib/STM32F10x_StdPeriph_Driver/src/stm32f10x_exti.o
EXTI_GenerateSWInterrupt                          ./stm32f10x_lib/STM32F10x_StdPeriph_Driver/src/stm32f10x_exti.o
EXTI_GetFlagStatus                                ./stm32f10x_lib/STM32F10x_StdPeriph_Driver/src/stm32f10x_exti.o
EXTI_GetITStatus                                  ./stm32f10x_lib/STM32F10x_StdPeriph_Driver/src/stm32f10x_exti.o
EXTI_Init                                         ./stm32f10x_lib/STM32F10x_StdPeriph_Driver/src/stm32f10x_exti.o
EXTI_StructInit                                   ./stm32f10x_lib/STM32F10x_StdPeriph_Driver/src/stm32f10x_exti.o
FLASH_IRQHandler                                  ./stm32f10x_lib/CMSIS/CM3/DeviceSupport/ST/STM32F10x/startup/gcc_ride7/startup_stm32f10x_md_vl.o
GPIO_AFIODeInit                                   ./stm32f10x_lib/STM32F10x_StdPeriph_Driver/src/stm32f10x_gpio.o
GPIO_DeInit                                       ./stm32f10x_lib/STM32F10x_StdPeriph_Driver/src/stm32f10x_gpio.o
GPIO_ETH_MediaInterfaceConfig                     ./stm32f10x_lib/STM32F10x_StdPeriph_Driver/src/stm32f10x_gpio.o
GPIO_EXTILineConfig                               ./stm32f10x_lib/STM32F10x_StdPeriph_Driver/src/stm32f10x_gpio.o
GPIO_EventOutputCmd                               ./stm32f10x_lib/STM32F10x_StdPeriph_Driver/src/stm32f10x_gpio.o
GPIO_EventOutputConfig                            ./stm32f10x_lib/STM32F10x_StdPeriph_Driver/src/stm32f10x_gpio.o
GPIO_Init                                         ./stm32f10x_lib/STM32F10x_StdPeriph_Driver/src/stm32f10x_gpio.o
                                                  ./user/main.o
GPIO_PinLockConfig                                ./stm32f10x_lib/STM32F10x_StdPeriph_Driver/src/stm32f10x_gpio.o
GPIO_PinRemapConfig                               ./stm32f10x_lib/STM32F10x_StdPeriph_Driver/src/stm32f10x_gpio.o
GPIO_ReadInputData                                ./stm32f10x_lib/STM32F10x_StdPeriph_Driver/src/stm32f10x_gpio.o
GPIO_ReadInputDataBit                             ./stm32f10x_lib/STM32F10x_StdPeriph_Driver/src/stm32f10x_gpio.o
GPIO_ReadOutputData                               ./stm32f10x_lib/STM32F10x_StdPeriph_Driver/src/stm32f10x_gpio.o
GPIO_ReadOutputDataBit                            ./stm32f10x_lib/STM32F10x_StdPeriph_Driver/src/stm32f10x_gpio.o
GPIO_ResetBits                                    ./stm32f10x_lib/STM32F10x_StdPeriph_Driver/src/stm32f10x_gpio.o
                                                  ./user/main.o
GPIO_SetBits                                      ./stm32f10x_lib/STM32F10x_StdPeriph_Driver/src/stm32f10x_gpio.o
                                                  ./user/main.o
GPIO_StructInit                                   ./stm32f10x_lib/STM32F10x_StdPeriph_Driver/src/stm32f10x_gpio.o
GPIO_Write                                        ./stm32f10x_lib/STM32F10x_StdPeriph_Driver/src/stm32f10x_gpio.o
GPIO_WriteBit                                     ./stm32f10x_lib/STM32F10x_StdPeriph_Driver/src/stm32f10x_gpio.o
HardFault_Handler                                 ./stm32f10x_lib/CMSIS/CM3/DeviceSupport/ST/STM32F10x/startup/gcc_ride7/startup_stm32f10x_md_vl.o
I2C1_ER_IRQHandler                                ./stm32f10x_lib/CMSIS/CM3/DeviceSupport/ST/STM32F10x/startup/gcc_ride7/startup_stm32f10x_md_vl.o
I2C1_EV_IRQHandler                                ./stm32f10x_lib/CMSIS/CM3/DeviceSupport/ST/STM32F10x/startup/gcc_ride7/startup_stm32f10x_md_vl.o
I2C2_ER_IRQHandler                                ./stm32f10x_lib/CMSIS/CM3/DeviceSupport/ST/STM32F10x/startup/gcc_ride7/startup_stm32f10x_md_vl.o
I2C2_EV_IRQHandler                                ./stm32f10x_lib/CMSIS/CM3/DeviceSupport/ST/STM32F10x/startup/gcc_ride7/startup_stm32f10x_md_vl.o
MemManage_Handler                                 ./stm32f10x_lib/CMSIS/CM3/DeviceSupport/ST/STM32F10x/startup/gcc_ride7/startup_stm32f10x_md_vl.o
NMI_Handler                                       ./stm32f10x_lib/CMSIS/CM3/DeviceSupport/ST/STM32F10x/startup/gcc_ride7/startup_stm32f10x_md_vl.o
NVIC_Init                                         ./stm32f10x_lib/STM32F10x_StdPeriph_Driver/src/misc.o
NVIC_PriorityGroupConfig                          ./stm32f10x_lib/STM32F10x_StdPeriph_Driver/src/misc.o
NVIC_SetVectorTable                               ./stm32f10x_lib/STM32F10x_StdPeriph_Driver/src/misc.o
NVIC_SystemLPConfig                               ./stm32f10x_lib/STM32F10x_StdPeriph_Driver/src/misc.o
PVD_IRQHandler                                    ./stm32f10x_lib/CMSIS/CM3/DeviceSupport/ST/STM32F10x/startup/gcc_ride7/startup_stm32f10x_md_vl.o
PendSV_Handler                                    ./stm32f10x_lib/CMSIS/CM3/DeviceSupport/ST/STM32F10x/startup/gcc_ride7/startup_stm32f10x_md_vl.o
RCC_ADCCLKConfig                                  ./stm32f10x_lib/STM32F10x_StdPeriph_Driver/src/stm32f10x_rcc.o
RCC_AHBPeriphClockCmd                             ./stm32f10x_lib/STM32F10x_StdPeriph_Driver/src/stm32f10x_rcc.o
RCC_APB1PeriphClockCmd                            ./stm32f10x_lib/STM32F10x_StdPeriph_Driver/src/stm32f10x_rcc.o
RCC_APB1PeriphResetCmd                            ./stm32f10x_lib/STM32F10x_StdPeriph_Driver/src/stm32f10x_rcc.o
                                                  ./stm32f10x_lib/STM32F10x_StdPeriph_Driver/src/stm32f10x_usart.o
RCC_APB2PeriphClockCmd                            ./stm32f10x_lib/STM32F10x_StdPeriph_Driver/src/stm32f10x_rcc.o
                                                  ./user/main.o
RCC_APB2PeriphResetCmd                            ./stm32f10x_lib/STM32F10x_StdPeriph_Driver/src/stm32f10x_rcc.o
                                                  ./stm32f10x_lib/STM32F10x_StdPeriph_Driver/src/stm32f10x_usart.o
                                                  ./stm32f10x_lib/STM32F10x_StdPeriph_Driver/src/stm32f10x_gpio.o
RCC_AdjustHSICalibrationValue                     ./stm32f10x_lib/STM32F10x_StdPeriph_Driver/src/stm32f10x_rcc.o
RCC_BackupResetCmd                                ./stm32f10x_lib/STM32F10x_StdPeriph_Driver/src/stm32f10x_rcc.o
RCC_ClearFlag                                     ./stm32f10x_lib/STM32F10x_StdPeriph_Driver/src/stm32f10x_rcc.o
RCC_ClearITPendingBit                             ./stm32f10x_lib/STM32F10x_StdPeriph_Driver/src/stm32f10x_rcc.o
RCC_ClockSecuritySystemCmd                        ./stm32f10x_lib/STM32F10x_StdPeriph_Driver/src/stm32f10x_rcc.o
RCC_DeInit                                        ./stm32f10x_lib/STM32F10x_StdPeriph_Driver/src/stm32f10x_rcc.o
RCC_GetClocksFreq                                 ./stm32f10x_lib/STM32F10x_StdPeriph_Driver/src/stm32f10x_rcc.o
                                                  ./stm32f10x_lib/STM32F10x_StdPeriph_Driver/src/stm32f10x_usart.o
RCC_GetFlagStatus                                 ./stm32f10x_lib/STM32F10x_StdPeriph_Driver/src/stm32f10x_rcc.o
RCC_GetITStatus                                   ./stm32f10x_lib/STM32F10x_StdPeriph_Driver/src/stm32f10x_rcc.o
RCC_GetSYSCLKSource                               ./stm32f10x_lib/STM32F10x_StdPeriph_Driver/src/stm32f10x_rcc.o
RCC_HCLKConfig                                    ./stm32f10x_lib/STM32F10x_StdPeriph_Driver/src/stm32f10x_rcc.o
RCC_HSEConfig                                     ./stm32f10x_lib/STM32F10x_StdPeriph_Driver/src/stm32f10x_rcc.o
RCC_HSICmd                                        ./stm32f10x_lib/STM32F10x_StdPeriph_Driver/src/stm32f10x_rcc.o
RCC_IRQHandler                                    ./stm32f10x_lib/CMSIS/CM3/DeviceSupport/ST/STM32F10x/startup/gcc_ride7/startup_stm32f10x_md_vl.o
RCC_ITConfig                                      ./stm32f10x_lib/STM32F10x_StdPeriph_Driver/src/stm32f10x_rcc.o
RCC_LSEConfig                                     ./stm32f10x_lib/STM32F10x_StdPeriph_Driver/src/stm32f10x_rcc.o
RCC_LSICmd                                        ./stm32f10x_lib/STM32F10x_StdPeriph_Driver/src/stm32f10x_rcc.o
RCC_MCOConfig                                     ./stm32f10x_lib/STM32F10x_StdPeriph_Driver/src/stm32f10x_rcc.o
RCC_PCLK1Config                                   ./stm32f10x_lib/STM32F10x_StdPeriph_Driver/src/stm32f10x_rcc.o
RCC_PCLK2Config                                   ./stm32f10x_lib/STM32F10x_StdPeriph_Driver/src/stm32f10x_rcc.o
RCC_PLLCmd                                        ./stm32f10x_lib/STM32F10x_StdPeriph_Driver/src/stm32f10x_rcc.o
RCC_PLLConfig                                     ./stm32f10x_lib/STM32F10x_StdPeriph_Driver/src/stm32f10x_rcc.o
RCC_PREDIV1Config                                 ./stm32f10x_lib/STM32F10x_StdPeriph_Driver/src/stm32f10x_rcc.o
RCC_RTCCLKCmd                                     ./stm32f10x_lib/STM32F10x_StdPeriph_Driver/src/stm32f10x_rcc.o
RCC_RTCCLKConfig                                  ./stm32f10x_lib/STM32F10x_StdPeriph_Driver/src/stm32f10x_rcc.o
RCC_SYSCLKConfig                                  ./stm32f10x_lib/STM32F10x_StdPeriph_Driver/src/stm32f10x_rcc.o
RCC_USBCLKConfig                                  ./stm32f10x_lib/STM32F10x_StdPeriph_Driver/src/stm32f10x_rcc.o
RCC_WaitForHSEStartUp                             ./stm32f10x_lib/STM32F10x_StdPeriph_Driver/src/stm32f10x_rcc.o
RTCAlarm_IRQHandler                               ./stm32f10x_lib/CMSIS/CM3/DeviceSupport/ST/STM32F10x/startup/gcc_ride7/startup_stm32f10x_md_vl.o
RTC_IRQHandler                                    ./stm32f10x_lib/CMSIS/CM3/DeviceSupport/ST/STM32F10x/startup/gcc_ride7/startup_stm32f10x_md_vl.o
Reset_Handler                                     ./stm32f10x_lib/CMSIS/CM3/DeviceSupport/ST/STM32F10x/startup/gcc_ride7/startup_stm32f10x_md_vl.o
SPI1_IRQHandler                                   ./stm32f10x_lib/CMSIS/CM3/DeviceSupport/ST/STM32F10x/startup/gcc_ride7/startup_stm32f10x_md_vl.o
SPI2_IRQHandler                                   ./stm32f10x_lib/CMSIS/CM3/DeviceSupport/ST/STM32F10x/startup/gcc_ride7/startup_stm32f10x_md_vl.o
SVC_Handler                                       ./stm32f10x_lib/CMSIS/CM3/DeviceSupport/ST/STM32F10x/startup/gcc_ride7/startup_stm32f10x_md_vl.o
SysTick_CLKSourceConfig                           ./stm32f10x_lib/STM32F10x_StdPeriph_Driver/src/misc.o
SysTick_Handler                                   ./stm32f10x_lib/CMSIS/CM3/DeviceSupport/ST/STM32F10x/startup/gcc_ride7/startup_stm32f10x_md_vl.o
SystemCoreClock                                   ./stm32f10x_lib/CMSIS/CM3/DeviceSupport/ST/STM32F10x/system_stm32f10x.o
SystemCoreClockUpdate                             ./stm32f10x_lib/CMSIS/CM3/DeviceSupport/ST/STM32F10x/system_stm32f10x.o
SystemInit                                        ./stm32f10x_lib/CMSIS/CM3/DeviceSupport/ST/STM32F10x/system_stm32f10x.o
                                                  ./stm32f10x_lib/CMSIS/CM3/DeviceSupport/ST/STM32F10x/startup/gcc_ride7/startup_stm32f10x_md_vl.o
TAMPER_IRQHandler                                 ./stm32f10x_lib/CMSIS/CM3/DeviceSupport/ST/STM32F10x/startup/gcc_ride7/startup_stm32f10x_md_vl.o
TIM1_BRK_TIM15_IRQHandler                         ./stm32f10x_lib/CMSIS/CM3/DeviceSupport/ST/STM32F10x/startup/gcc_ride7/startup_stm32f10x_md_vl.o
TIM1_CC_IRQHandler                                ./stm32f10x_lib/CMSIS/CM3/DeviceSupport/ST/STM32F10x/startup/gcc_ride7/startup_stm32f10x_md_vl.o
TIM1_TRG_COM_TIM17_IRQHandler                     ./stm32f10x_lib/CMSIS/CM3/DeviceSupport/ST/STM32F10x/startup/gcc_ride7/startup_stm32f10x_md_vl.o
TIM1_UP_TIM16_IRQHandler                          ./stm32f10x_lib/CMSIS/CM3/DeviceSupport/ST/STM32F10x/startup/gcc_ride7/startup_stm32f10x_md_vl.o
TIM2_IRQHandler                                   ./stm32f10x_lib/CMSIS/CM3/DeviceSupport/ST/STM32F10x/startup/gcc_ride7/startup_stm32f10x_md_vl.o
TIM3_IRQHandler                                   ./stm32f10x_lib/CMSIS/CM3/DeviceSupport/ST/STM32F10x/startup/gcc_ride7/startup_stm32f10x_md_vl.o
TIM4_IRQHandler                                   ./stm32f10x_lib/CMSIS/CM3/DeviceSupport/ST/STM32F10x/startup/gcc_ride7/startup_stm32f10x_md_vl.o
TIM6_DAC_IRQHandler                               ./stm32f10x_lib/CMSIS/CM3/DeviceSupport/ST/STM32F10x/startup/gcc_ride7/startup_stm32f10x_md_vl.o
TIM7_IRQHandler                                   ./stm32f10x_lib/CMSIS/CM3/DeviceSupport/ST/STM32F10x/startup/gcc_ride7/startup_stm32f10x_md_vl.o
USART1_IRQHandler                                 ./stm32f10x_lib/CMSIS/CM3/DeviceSupport/ST/STM32F10x/startup/gcc_ride7/startup_stm32f10x_md_vl.o
USART2_IRQHandler                                 ./stm32f10x_lib/CMSIS/CM3/DeviceSupport/ST/STM32F10x/startup/gcc_ride7/startup_stm32f10x_md_vl.o
USART3_IRQHandler                                 ./stm32f10x_lib/CMSIS/CM3/DeviceSupport/ST/STM32F10x/startup/gcc_ride7/startup_stm32f10x_md_vl.o
USART_ClearFlag                                   ./stm32f10x_lib/STM32F10x_StdPeriph_Driver/src/stm32f10x_usart.o
USART_ClearITPendingBit                           ./stm32f10x_lib/STM32F10x_StdPeriph_Driver/src/stm32f10x_usart.o
USART_ClockInit                                   ./stm32f10x_lib/STM32F10x_StdPeriph_Driver/src/stm32f10x_usart.o
USART_ClockStructInit                             ./stm32f10x_lib/STM32F10x_StdPeriph_Driver/src/stm32f10x_usart.o
USART_Cmd                                         ./stm32f10x_lib/STM32F10x_StdPeriph_Driver/src/stm32f10x_usart.o
USART_DMACmd                                      ./stm32f10x_lib/STM32F10x_StdPeriph_Driver/src/stm32f10x_usart.o
USART_DeInit                                      ./stm32f10x_lib/STM32F10x_StdPeriph_Driver/src/stm32f10x_usart.o
USART_GetFlagStatus                               ./stm32f10x_lib/STM32F10x_StdPeriph_Driver/src/stm32f10x_usart.o
USART_GetITStatus                                 ./stm32f10x_lib/STM32F10x_StdPeriph_Driver/src/stm32f10x_usart.o
USART_HalfDuplexCmd                               ./stm32f10x_lib/STM32F10x_StdPeriph_Driver/src/stm32f10x_usart.o
USART_ITConfig                                    ./stm32f10x_lib/STM32F10x_StdPeriph_Driver/src/stm32f10x_usart.o
USART_Init                                        ./stm32f10x_lib/STM32F10x_StdPeriph_Driver/src/stm32f10x_usart.o
USART_IrDACmd                                     ./stm32f10x_lib/STM32F10x_StdPeriph_Driver/src/stm32f10x_usart.o
USART_IrDAConfig                                  ./stm32f10x_lib/STM32F10x_StdPeriph_Driver/src/stm32f10x_usart.o
USART_LINBreakDetectLengthConfig                  ./stm32f10x_lib/STM32F10x_StdPeriph_Driver/src/stm32f10x_usart.o
USART_LINCmd                                      ./stm32f10x_lib/STM32F10x_StdPeriph_Driver/src/stm32f10x_usart.o
USART_OneBitMethodCmd                             ./stm32f10x_lib/STM32F10x_StdPeriph_Driver/src/stm32f10x_usart.o
USART_OverSampling8Cmd                            ./stm32f10x_lib/STM32F10x_StdPeriph_Driver/src/stm32f10x_usart.o
USART_ReceiveData                                 ./stm32f10x_lib/STM32F10x_StdPeriph_Driver/src/stm32f10x_usart.o
USART_ReceiverWakeUpCmd                           ./stm32f10x_lib/STM32F10x_StdPeriph_Driver/src/stm32f10x_usart.o
USART_SendBreak                                   ./stm32f10x_lib/STM32F10x_StdPeriph_Driver/src/stm32f10x_usart.o
USART_SendData                                    ./stm32f10x_lib/STM32F10x_StdPeriph_Driver/src/stm32f10x_usart.o
USART_SetAddress                                  ./stm32f10x_lib/STM32F10x_StdPeriph_Driver/src/stm32f10x_usart.o
USART_SetGuardTime                                ./stm32f10x_lib/STM32F10x_StdPeriph_Driver/src/stm32f10x_usart.o
USART_SetPrescaler                                ./stm32f10x_lib/STM32F10x_StdPeriph_Driver/src/stm32f10x_usart.o
USART_SmartCardCmd                                ./stm32f10x_lib/STM32F10x_StdPeriph_Driver/src/stm32f10x_usart.o
USART_SmartCardNACKCmd                            ./stm32f10x_lib/STM32F10x_StdPeriph_Driver/src/stm32f10x_usart.o
USART_StructInit                                  ./stm32f10x_lib/STM32F10x_StdPeriph_Driver/src/stm32f10x_usart.o
USART_WakeUpConfig                                ./stm32f10x_lib/STM32F10x_StdPeriph_Driver/src/stm32f10x_usart.o
UsageFault_Handler                                ./stm32f10x_lib/CMSIS/CM3/DeviceSupport/ST/STM32F10x/startup/gcc_ride7/startup_stm32f10x_md_vl.o
WWDG_IRQHandler                                   ./stm32f10x_lib/CMSIS/CM3/DeviceSupport/ST/STM32F10x/startup/gcc_ride7/startup_stm32f10x_md_vl.o
__LDREXB                                          ./stm32f10x_lib/CMSIS/CM3/CoreSupport/core_cm3.o
__LDREXH                                          ./stm32f10x_lib/CMSIS/CM3/CoreSupport/core_cm3.o
__LDREXW                                          ./stm32f10x_lib/CMSIS/CM3/CoreSupport/core_cm3.o
__RBIT                                            ./stm32f10x_lib/CMSIS/CM3/CoreSupport/core_cm3.o
__REV                                             ./stm32f10x_lib/CMSIS/CM3/CoreSupport/core_cm3.o
__REV16                                           ./stm32f10x_lib/CMSIS/CM3/CoreSupport/core_cm3.o
__REVSH                                           ./stm32f10x_lib/CMSIS/CM3/CoreSupport/core_cm3.o
__STREXB                                          ./stm32f10x_lib/CMSIS/CM3/CoreSupport/core_cm3.o
__STREXH                                          ./stm32f10x_lib/CMSIS/CM3/CoreSupport/core_cm3.o
__STREXW                                          ./stm32f10x_lib/CMSIS/CM3/CoreSupport/core_cm3.o
__get_BASEPRI                                     ./stm32f10x_lib/CMSIS/CM3/CoreSupport/core_cm3.o
__get_CONTROL                                     ./stm32f10x_lib/CMSIS/CM3/CoreSupport/core_cm3.o
__get_FAULTMASK                                   ./stm32f10x_lib/CMSIS/CM3/CoreSupport/core_cm3.o
__get_MSP                                         ./stm32f10x_lib/CMSIS/CM3/CoreSupport/core_cm3.o
__get_PRIMASK                                     ./stm32f10x_lib/CMSIS/CM3/CoreSupport/core_cm3.o
__get_PSP                                         ./stm32f10x_lib/CMSIS/CM3/CoreSupport/core_cm3.o
__set_BASEPRI                                     ./stm32f10x_lib/CMSIS/CM3/CoreSupport/core_cm3.o
__set_CONTROL                                     ./stm32f10x_lib/CMSIS/CM3/CoreSupport/core_cm3.o
__set_FAULTMASK                                   ./stm32f10x_lib/CMSIS/CM3/CoreSupport/core_cm3.o
__set_MSP                                         ./stm32f10x_lib/CMSIS/CM3/CoreSupport/core_cm3.o
__set_PRIMASK                                     ./stm32f10x_lib/CMSIS/CM3/CoreSupport/core_cm3.o
__set_PSP                                         ./stm32f10x_lib/CMSIS/CM3/CoreSupport/core_cm3.o
_ebss                                             ./stm32f10x_lib/CMSIS/CM3/DeviceSupport/ST/STM32F10x/startup/gcc_ride7/startup_stm32f10x_md_vl.o
_edata                                            ./stm32f10x_lib/CMSIS/CM3/DeviceSupport/ST/STM32F10x/startup/gcc_ride7/startup_stm32f10x_md_vl.o
_estack                                           ./stm32f10x_lib/CMSIS/CM3/DeviceSupport/ST/STM32F10x/startup/gcc_ride7/startup_stm32f10x_md_vl.o
_sbss                                             ./stm32f10x_lib/CMSIS/CM3/DeviceSupport/ST/STM32F10x/startup/gcc_ride7/startup_stm32f10x_md_vl.o
_sdata                                            ./stm32f10x_lib/CMSIS/CM3/DeviceSupport/ST/STM32F10x/startup/gcc_ride7/startup_stm32f10x_md_vl.o
_sidata                                           ./stm32f10x_lib/CMSIS/CM3/DeviceSupport/ST/STM32F10x/startup/gcc_ride7/startup_stm32f10x_md_vl.o
g_pfnVectors                                      ./stm32f10x_lib/CMSIS/CM3/DeviceSupport/ST/STM32F10x/startup/gcc_ride7/startup_stm32f10x_md_vl.o
main                                              ./user/main.o
                                                  ./stm32f10x_lib/CMSIS/CM3/DeviceSupport/ST/STM32F10x/startup/gcc_ride7/startup_stm32f10x_md_vl.o
