ARM GAS  /tmp/ccYMl0pw.s 			page 1


   1              		.cpu cortex-m3
   2              		.arch armv7-m
   3              		.fpu softvfp
   4              		.eabi_attribute 20, 1	@ Tag_ABI_FP_denormal
   5              		.eabi_attribute 21, 1	@ Tag_ABI_FP_exceptions
   6              		.eabi_attribute 23, 3	@ Tag_ABI_FP_number_model
   7              		.eabi_attribute 24, 1	@ Tag_ABI_align8_needed
   8              		.eabi_attribute 25, 1	@ Tag_ABI_align8_preserved
   9              		.eabi_attribute 26, 1	@ Tag_ABI_enum_size
  10              		.eabi_attribute 30, 4	@ Tag_ABI_optimization_goals
  11              		.eabi_attribute 34, 1	@ Tag_CPU_unaligned_access
  12              		.eabi_attribute 18, 4	@ Tag_ABI_PCS_wchar_t
  13              		.file	"misc.c"
  14              	@ GNU C23 (Arch Repository) version 16.2.0 (arm-none-eabi)
  15              	@	compiled by GNU C version 16.2.1 20260810, GMP version 6.3.0, MPFR version 4.2.2, MPC version 1.4
  16              	
  17              	@ GGC heuristics: --param ggc-min-expand=100 --param ggc-min-heapsize=131072
  18              	@ options passed: -mcpu=cortex-m3 -mthumb -mfloat-abi=soft -march=armv7-m -g -gdwarf-2 -Os -fomit-f
  19              		.text
  20              	.Ltext0:
  21              		.cfi_sections	.debug_frame
  22              		.file 1 "stm32f10x_lib/STM32F10x_StdPeriph_Driver/src/misc.c"
  23              		.align	1
  24              		.global	NVIC_PriorityGroupConfig
  25              		.syntax unified
  26              		.thumb
  27              		.thumb_func
  28              		.type	NVIC_PriorityGroupConfig, %function
  29              	NVIC_PriorityGroupConfig:
  30              	.LVL0:
  31              	.LFB29:
   1:stm32f10x_lib/STM32F10x_StdPeriph_Driver/src/misc.c **** /**
   2:stm32f10x_lib/STM32F10x_StdPeriph_Driver/src/misc.c ****   ******************************************************************************
   3:stm32f10x_lib/STM32F10x_StdPeriph_Driver/src/misc.c ****   * @file    misc.c
   4:stm32f10x_lib/STM32F10x_StdPeriph_Driver/src/misc.c ****   * @author  MCD Application Team
   5:stm32f10x_lib/STM32F10x_StdPeriph_Driver/src/misc.c ****   * @version V3.5.0
   6:stm32f10x_lib/STM32F10x_StdPeriph_Driver/src/misc.c ****   * @date    11-March-2011
   7:stm32f10x_lib/STM32F10x_StdPeriph_Driver/src/misc.c ****   * @brief   This file provides all the miscellaneous firmware functions (add-on
   8:stm32f10x_lib/STM32F10x_StdPeriph_Driver/src/misc.c ****   *          to CMSIS functions).
   9:stm32f10x_lib/STM32F10x_StdPeriph_Driver/src/misc.c ****   ******************************************************************************
  10:stm32f10x_lib/STM32F10x_StdPeriph_Driver/src/misc.c ****   * @attention
  11:stm32f10x_lib/STM32F10x_StdPeriph_Driver/src/misc.c ****   *
  12:stm32f10x_lib/STM32F10x_StdPeriph_Driver/src/misc.c ****   * THE PRESENT FIRMWARE WHICH IS FOR GUIDANCE ONLY AIMS AT PROVIDING CUSTOMERS
  13:stm32f10x_lib/STM32F10x_StdPeriph_Driver/src/misc.c ****   * WITH CODING INFORMATION REGARDING THEIR PRODUCTS IN ORDER FOR THEM TO SAVE
  14:stm32f10x_lib/STM32F10x_StdPeriph_Driver/src/misc.c ****   * TIME. AS A RESULT, STMICROELECTRONICS SHALL NOT BE HELD LIABLE FOR ANY
  15:stm32f10x_lib/STM32F10x_StdPeriph_Driver/src/misc.c ****   * DIRECT, INDIRECT OR CONSEQUENTIAL DAMAGES WITH RESPECT TO ANY CLAIMS ARISING
  16:stm32f10x_lib/STM32F10x_StdPeriph_Driver/src/misc.c ****   * FROM THE CONTENT OF SUCH FIRMWARE AND/OR THE USE MADE BY CUSTOMERS OF THE
  17:stm32f10x_lib/STM32F10x_StdPeriph_Driver/src/misc.c ****   * CODING INFORMATION CONTAINED HEREIN IN CONNECTION WITH THEIR PRODUCTS.
  18:stm32f10x_lib/STM32F10x_StdPeriph_Driver/src/misc.c ****   *
  19:stm32f10x_lib/STM32F10x_StdPeriph_Driver/src/misc.c ****   * <h2><center>&copy; COPYRIGHT 2011 STMicroelectronics</center></h2>
  20:stm32f10x_lib/STM32F10x_StdPeriph_Driver/src/misc.c ****   ******************************************************************************
  21:stm32f10x_lib/STM32F10x_StdPeriph_Driver/src/misc.c ****   */
  22:stm32f10x_lib/STM32F10x_StdPeriph_Driver/src/misc.c **** 
  23:stm32f10x_lib/STM32F10x_StdPeriph_Driver/src/misc.c **** /* Includes ------------------------------------------------------------------*/
  24:stm32f10x_lib/STM32F10x_StdPeriph_Driver/src/misc.c **** #include "misc.h"
  25:stm32f10x_lib/STM32F10x_StdPeriph_Driver/src/misc.c **** 
  26:stm32f10x_lib/STM32F10x_StdPeriph_Driver/src/misc.c **** /** @addtogroup STM32F10x_StdPeriph_Driver
ARM GAS  /tmp/ccYMl0pw.s 			page 2


  27:stm32f10x_lib/STM32F10x_StdPeriph_Driver/src/misc.c ****   * @{
  28:stm32f10x_lib/STM32F10x_StdPeriph_Driver/src/misc.c ****   */
  29:stm32f10x_lib/STM32F10x_StdPeriph_Driver/src/misc.c **** 
  30:stm32f10x_lib/STM32F10x_StdPeriph_Driver/src/misc.c **** /** @defgroup MISC 
  31:stm32f10x_lib/STM32F10x_StdPeriph_Driver/src/misc.c ****   * @brief MISC driver modules
  32:stm32f10x_lib/STM32F10x_StdPeriph_Driver/src/misc.c ****   * @{
  33:stm32f10x_lib/STM32F10x_StdPeriph_Driver/src/misc.c ****   */
  34:stm32f10x_lib/STM32F10x_StdPeriph_Driver/src/misc.c **** 
  35:stm32f10x_lib/STM32F10x_StdPeriph_Driver/src/misc.c **** /** @defgroup MISC_Private_TypesDefinitions
  36:stm32f10x_lib/STM32F10x_StdPeriph_Driver/src/misc.c ****   * @{
  37:stm32f10x_lib/STM32F10x_StdPeriph_Driver/src/misc.c ****   */
  38:stm32f10x_lib/STM32F10x_StdPeriph_Driver/src/misc.c **** 
  39:stm32f10x_lib/STM32F10x_StdPeriph_Driver/src/misc.c **** /**
  40:stm32f10x_lib/STM32F10x_StdPeriph_Driver/src/misc.c ****   * @}
  41:stm32f10x_lib/STM32F10x_StdPeriph_Driver/src/misc.c ****   */ 
  42:stm32f10x_lib/STM32F10x_StdPeriph_Driver/src/misc.c **** 
  43:stm32f10x_lib/STM32F10x_StdPeriph_Driver/src/misc.c **** /** @defgroup MISC_Private_Defines
  44:stm32f10x_lib/STM32F10x_StdPeriph_Driver/src/misc.c ****   * @{
  45:stm32f10x_lib/STM32F10x_StdPeriph_Driver/src/misc.c ****   */
  46:stm32f10x_lib/STM32F10x_StdPeriph_Driver/src/misc.c **** 
  47:stm32f10x_lib/STM32F10x_StdPeriph_Driver/src/misc.c **** #define AIRCR_VECTKEY_MASK    ((uint32_t)0x05FA0000)
  48:stm32f10x_lib/STM32F10x_StdPeriph_Driver/src/misc.c **** /**
  49:stm32f10x_lib/STM32F10x_StdPeriph_Driver/src/misc.c ****   * @}
  50:stm32f10x_lib/STM32F10x_StdPeriph_Driver/src/misc.c ****   */
  51:stm32f10x_lib/STM32F10x_StdPeriph_Driver/src/misc.c **** 
  52:stm32f10x_lib/STM32F10x_StdPeriph_Driver/src/misc.c **** /** @defgroup MISC_Private_Macros
  53:stm32f10x_lib/STM32F10x_StdPeriph_Driver/src/misc.c ****   * @{
  54:stm32f10x_lib/STM32F10x_StdPeriph_Driver/src/misc.c ****   */
  55:stm32f10x_lib/STM32F10x_StdPeriph_Driver/src/misc.c **** 
  56:stm32f10x_lib/STM32F10x_StdPeriph_Driver/src/misc.c **** /**
  57:stm32f10x_lib/STM32F10x_StdPeriph_Driver/src/misc.c ****   * @}
  58:stm32f10x_lib/STM32F10x_StdPeriph_Driver/src/misc.c ****   */
  59:stm32f10x_lib/STM32F10x_StdPeriph_Driver/src/misc.c **** 
  60:stm32f10x_lib/STM32F10x_StdPeriph_Driver/src/misc.c **** /** @defgroup MISC_Private_Variables
  61:stm32f10x_lib/STM32F10x_StdPeriph_Driver/src/misc.c ****   * @{
  62:stm32f10x_lib/STM32F10x_StdPeriph_Driver/src/misc.c ****   */
  63:stm32f10x_lib/STM32F10x_StdPeriph_Driver/src/misc.c **** 
  64:stm32f10x_lib/STM32F10x_StdPeriph_Driver/src/misc.c **** /**
  65:stm32f10x_lib/STM32F10x_StdPeriph_Driver/src/misc.c ****   * @}
  66:stm32f10x_lib/STM32F10x_StdPeriph_Driver/src/misc.c ****   */
  67:stm32f10x_lib/STM32F10x_StdPeriph_Driver/src/misc.c **** 
  68:stm32f10x_lib/STM32F10x_StdPeriph_Driver/src/misc.c **** /** @defgroup MISC_Private_FunctionPrototypes
  69:stm32f10x_lib/STM32F10x_StdPeriph_Driver/src/misc.c ****   * @{
  70:stm32f10x_lib/STM32F10x_StdPeriph_Driver/src/misc.c ****   */
  71:stm32f10x_lib/STM32F10x_StdPeriph_Driver/src/misc.c **** 
  72:stm32f10x_lib/STM32F10x_StdPeriph_Driver/src/misc.c **** /**
  73:stm32f10x_lib/STM32F10x_StdPeriph_Driver/src/misc.c ****   * @}
  74:stm32f10x_lib/STM32F10x_StdPeriph_Driver/src/misc.c ****   */
  75:stm32f10x_lib/STM32F10x_StdPeriph_Driver/src/misc.c **** 
  76:stm32f10x_lib/STM32F10x_StdPeriph_Driver/src/misc.c **** /** @defgroup MISC_Private_Functions
  77:stm32f10x_lib/STM32F10x_StdPeriph_Driver/src/misc.c ****   * @{
  78:stm32f10x_lib/STM32F10x_StdPeriph_Driver/src/misc.c ****   */
  79:stm32f10x_lib/STM32F10x_StdPeriph_Driver/src/misc.c **** 
  80:stm32f10x_lib/STM32F10x_StdPeriph_Driver/src/misc.c **** /**
  81:stm32f10x_lib/STM32F10x_StdPeriph_Driver/src/misc.c ****   * @brief  Configures the priority grouping: pre-emption priority and subpriority.
  82:stm32f10x_lib/STM32F10x_StdPeriph_Driver/src/misc.c ****   * @param  NVIC_PriorityGroup: specifies the priority grouping bits length. 
  83:stm32f10x_lib/STM32F10x_StdPeriph_Driver/src/misc.c ****   *   This parameter can be one of the following values:
ARM GAS  /tmp/ccYMl0pw.s 			page 3


  84:stm32f10x_lib/STM32F10x_StdPeriph_Driver/src/misc.c ****   *     @arg NVIC_PriorityGroup_0: 0 bits for pre-emption priority
  85:stm32f10x_lib/STM32F10x_StdPeriph_Driver/src/misc.c ****   *                                4 bits for subpriority
  86:stm32f10x_lib/STM32F10x_StdPeriph_Driver/src/misc.c ****   *     @arg NVIC_PriorityGroup_1: 1 bits for pre-emption priority
  87:stm32f10x_lib/STM32F10x_StdPeriph_Driver/src/misc.c ****   *                                3 bits for subpriority
  88:stm32f10x_lib/STM32F10x_StdPeriph_Driver/src/misc.c ****   *     @arg NVIC_PriorityGroup_2: 2 bits for pre-emption priority
  89:stm32f10x_lib/STM32F10x_StdPeriph_Driver/src/misc.c ****   *                                2 bits for subpriority
  90:stm32f10x_lib/STM32F10x_StdPeriph_Driver/src/misc.c ****   *     @arg NVIC_PriorityGroup_3: 3 bits for pre-emption priority
  91:stm32f10x_lib/STM32F10x_StdPeriph_Driver/src/misc.c ****   *                                1 bits for subpriority
  92:stm32f10x_lib/STM32F10x_StdPeriph_Driver/src/misc.c ****   *     @arg NVIC_PriorityGroup_4: 4 bits for pre-emption priority
  93:stm32f10x_lib/STM32F10x_StdPeriph_Driver/src/misc.c ****   *                                0 bits for subpriority
  94:stm32f10x_lib/STM32F10x_StdPeriph_Driver/src/misc.c ****   * @retval None
  95:stm32f10x_lib/STM32F10x_StdPeriph_Driver/src/misc.c ****   */
  96:stm32f10x_lib/STM32F10x_StdPeriph_Driver/src/misc.c **** void NVIC_PriorityGroupConfig(uint32_t NVIC_PriorityGroup)
  97:stm32f10x_lib/STM32F10x_StdPeriph_Driver/src/misc.c **** {
  32              		.loc 1 97 1 view -0
  33              		.cfi_startproc
  34              		@ args = 0, pretend = 0, frame = 0
  35              		@ frame_needed = 0, uses_anonymous_args = 0
  36              		@ link register save eliminated.
  98:stm32f10x_lib/STM32F10x_StdPeriph_Driver/src/misc.c ****   /* Check the parameters */
  99:stm32f10x_lib/STM32F10x_StdPeriph_Driver/src/misc.c ****   assert_param(IS_NVIC_PRIORITY_GROUP(NVIC_PriorityGroup));
  37              		.loc 1 99 3 view .LVU1
 100:stm32f10x_lib/STM32F10x_StdPeriph_Driver/src/misc.c ****   
 101:stm32f10x_lib/STM32F10x_StdPeriph_Driver/src/misc.c ****   /* Set the PRIGROUP[10:8] bits according to NVIC_PriorityGroup value */
 102:stm32f10x_lib/STM32F10x_StdPeriph_Driver/src/misc.c ****   SCB->AIRCR = AIRCR_VECTKEY_MASK | NVIC_PriorityGroup;
  38              		.loc 1 102 3 view .LVU2
  39              	@ stm32f10x_lib/STM32F10x_StdPeriph_Driver/src/misc.c:102:   SCB->AIRCR = AIRCR_VECTKEY_MASK | NVIC
  40              		.loc 1 102 14 is_stmt 0 view .LVU3
  41 0000 034B     		ldr	r3, .L2	@ tmp97,
  42              	@ stm32f10x_lib/STM32F10x_StdPeriph_Driver/src/misc.c:102:   SCB->AIRCR = AIRCR_VECTKEY_MASK | NVIC
  43              		.loc 1 102 35 view .LVU4
  44 0002 40F0BF60 		orr	r0, r0, #100139008	@ _1, NVIC_PriorityGroup,
  45              	.LVL1:
  46              		.loc 1 102 35 view .LVU5
  47 0006 40F40030 		orr	r0, r0, #131072	@ _1, _1,
  48              	@ stm32f10x_lib/STM32F10x_StdPeriph_Driver/src/misc.c:102:   SCB->AIRCR = AIRCR_VECTKEY_MASK | NVIC
  49              		.loc 1 102 14 view .LVU6
  50 000a D860     		str	r0, [r3, #12]	@ _1, MEM[(struct SCB_Type *)3758157056B].AIRCR
  51              	@ stm32f10x_lib/STM32F10x_StdPeriph_Driver/src/misc.c:103: }
 103:stm32f10x_lib/STM32F10x_StdPeriph_Driver/src/misc.c **** }
  52              		.loc 1 103 1 view .LVU7
  53 000c 7047     		bx	lr	@
  54              	.L3:
  55 000e 00BF     		.align	2
  56              	.L2:
  57 0010 00ED00E0 		.word	-536810240
  58              		.cfi_endproc
  59              	.LFE29:
  60              		.size	NVIC_PriorityGroupConfig, .-NVIC_PriorityGroupConfig
  61              		.align	1
  62              		.global	NVIC_Init
  63              		.syntax unified
  64              		.thumb
  65              		.thumb_func
  66              		.type	NVIC_Init, %function
  67              	NVIC_Init:
  68              	.LVL2:
ARM GAS  /tmp/ccYMl0pw.s 			page 4


  69              	.LFB30:
 104:stm32f10x_lib/STM32F10x_StdPeriph_Driver/src/misc.c **** 
 105:stm32f10x_lib/STM32F10x_StdPeriph_Driver/src/misc.c **** /**
 106:stm32f10x_lib/STM32F10x_StdPeriph_Driver/src/misc.c ****   * @brief  Initializes the NVIC peripheral according to the specified
 107:stm32f10x_lib/STM32F10x_StdPeriph_Driver/src/misc.c ****   *         parameters in the NVIC_InitStruct.
 108:stm32f10x_lib/STM32F10x_StdPeriph_Driver/src/misc.c ****   * @param  NVIC_InitStruct: pointer to a NVIC_InitTypeDef structure that contains
 109:stm32f10x_lib/STM32F10x_StdPeriph_Driver/src/misc.c ****   *         the configuration information for the specified NVIC peripheral.
 110:stm32f10x_lib/STM32F10x_StdPeriph_Driver/src/misc.c ****   * @retval None
 111:stm32f10x_lib/STM32F10x_StdPeriph_Driver/src/misc.c ****   */
 112:stm32f10x_lib/STM32F10x_StdPeriph_Driver/src/misc.c **** void NVIC_Init(NVIC_InitTypeDef* NVIC_InitStruct)
 113:stm32f10x_lib/STM32F10x_StdPeriph_Driver/src/misc.c **** {
  70              		.loc 1 113 1 is_stmt 1 view -0
  71              		.cfi_startproc
  72              		@ args = 0, pretend = 0, frame = 0
  73              		@ frame_needed = 0, uses_anonymous_args = 0
 114:stm32f10x_lib/STM32F10x_StdPeriph_Driver/src/misc.c ****   uint32_t tmppriority = 0x00, tmppre = 0x00, tmpsub = 0x0F;
  74              		.loc 1 114 3 view .LVU9
 115:stm32f10x_lib/STM32F10x_StdPeriph_Driver/src/misc.c ****   
 116:stm32f10x_lib/STM32F10x_StdPeriph_Driver/src/misc.c ****   /* Check the parameters */
 117:stm32f10x_lib/STM32F10x_StdPeriph_Driver/src/misc.c ****   assert_param(IS_FUNCTIONAL_STATE(NVIC_InitStruct->NVIC_IRQChannelCmd));
  75              		.loc 1 117 3 view .LVU10
 118:stm32f10x_lib/STM32F10x_StdPeriph_Driver/src/misc.c ****   assert_param(IS_NVIC_PREEMPTION_PRIORITY(NVIC_InitStruct->NVIC_IRQChannelPreemptionPriority));  
  76              		.loc 1 118 3 view .LVU11
 119:stm32f10x_lib/STM32F10x_StdPeriph_Driver/src/misc.c ****   assert_param(IS_NVIC_SUB_PRIORITY(NVIC_InitStruct->NVIC_IRQChannelSubPriority));
  77              		.loc 1 119 3 view .LVU12
 120:stm32f10x_lib/STM32F10x_StdPeriph_Driver/src/misc.c ****     
 121:stm32f10x_lib/STM32F10x_StdPeriph_Driver/src/misc.c ****   if (NVIC_InitStruct->NVIC_IRQChannelCmd != DISABLE)
  78              		.loc 1 121 3 view .LVU13
  79              	@ stm32f10x_lib/STM32F10x_StdPeriph_Driver/src/misc.c:113: {
 113:stm32f10x_lib/STM32F10x_StdPeriph_Driver/src/misc.c ****   uint32_t tmppriority = 0x00, tmppre = 0x00, tmpsub = 0x0F;
  80              		.loc 1 113 1 is_stmt 0 view .LVU14
  81 0014 70B5     		push	{r4, r5, r6, lr}	@
  82              	.LCFI0:
  83              		.cfi_def_cfa_offset 16
  84              		.cfi_offset 4, -16
  85              		.cfi_offset 5, -12
  86              		.cfi_offset 6, -8
  87              		.cfi_offset 14, -4
  88              	@ stm32f10x_lib/STM32F10x_StdPeriph_Driver/src/misc.c:142:       (uint32_t)0x01 << (NVIC_InitStruct
 122:stm32f10x_lib/STM32F10x_StdPeriph_Driver/src/misc.c ****   {
 123:stm32f10x_lib/STM32F10x_StdPeriph_Driver/src/misc.c ****     /* Compute the Corresponding IRQ Priority --------------------------------*/    
 124:stm32f10x_lib/STM32F10x_StdPeriph_Driver/src/misc.c ****     tmppriority = (0x700 - ((SCB->AIRCR) & (uint32_t)0x700))>> 0x08;
 125:stm32f10x_lib/STM32F10x_StdPeriph_Driver/src/misc.c ****     tmppre = (0x4 - tmppriority);
 126:stm32f10x_lib/STM32F10x_StdPeriph_Driver/src/misc.c ****     tmpsub = tmpsub >> tmppriority;
 127:stm32f10x_lib/STM32F10x_StdPeriph_Driver/src/misc.c **** 
 128:stm32f10x_lib/STM32F10x_StdPeriph_Driver/src/misc.c ****     tmppriority = (uint32_t)NVIC_InitStruct->NVIC_IRQChannelPreemptionPriority << tmppre;
 129:stm32f10x_lib/STM32F10x_StdPeriph_Driver/src/misc.c ****     tmppriority |=  NVIC_InitStruct->NVIC_IRQChannelSubPriority & tmpsub;
 130:stm32f10x_lib/STM32F10x_StdPeriph_Driver/src/misc.c ****     tmppriority = tmppriority << 0x04;
 131:stm32f10x_lib/STM32F10x_StdPeriph_Driver/src/misc.c ****         
 132:stm32f10x_lib/STM32F10x_StdPeriph_Driver/src/misc.c ****     NVIC->IP[NVIC_InitStruct->NVIC_IRQChannel] = tmppriority;
 133:stm32f10x_lib/STM32F10x_StdPeriph_Driver/src/misc.c ****     
 134:stm32f10x_lib/STM32F10x_StdPeriph_Driver/src/misc.c ****     /* Enable the Selected IRQ Channels --------------------------------------*/
 135:stm32f10x_lib/STM32F10x_StdPeriph_Driver/src/misc.c ****     NVIC->ISER[NVIC_InitStruct->NVIC_IRQChannel >> 0x05] =
 136:stm32f10x_lib/STM32F10x_StdPeriph_Driver/src/misc.c ****       (uint32_t)0x01 << (NVIC_InitStruct->NVIC_IRQChannel & (uint8_t)0x1F);
 137:stm32f10x_lib/STM32F10x_StdPeriph_Driver/src/misc.c ****   }
 138:stm32f10x_lib/STM32F10x_StdPeriph_Driver/src/misc.c ****   else
 139:stm32f10x_lib/STM32F10x_StdPeriph_Driver/src/misc.c ****   {
ARM GAS  /tmp/ccYMl0pw.s 			page 5


 140:stm32f10x_lib/STM32F10x_StdPeriph_Driver/src/misc.c ****     /* Disable the Selected IRQ Channels -------------------------------------*/
 141:stm32f10x_lib/STM32F10x_StdPeriph_Driver/src/misc.c ****     NVIC->ICER[NVIC_InitStruct->NVIC_IRQChannel >> 0x05] =
 142:stm32f10x_lib/STM32F10x_StdPeriph_Driver/src/misc.c ****       (uint32_t)0x01 << (NVIC_InitStruct->NVIC_IRQChannel & (uint8_t)0x1F);
  89              		.loc 1 142 22 view .LVU15
  90 0016 0125     		movs	r5, #1	@ tmp122,
  91              	@ stm32f10x_lib/STM32F10x_StdPeriph_Driver/src/misc.c:132:     NVIC->IP[NVIC_InitStruct->NVIC_IRQCh
 132:stm32f10x_lib/STM32F10x_StdPeriph_Driver/src/misc.c ****     
  92              		.loc 1 132 29 view .LVU16
  93 0018 0178     		ldrb	r1, [r0]	@ zero_extendqisi2	@ pretmp_37, NVIC_InitStruct_27(D)->NVIC_IRQChannel
  94              	@ stm32f10x_lib/STM32F10x_StdPeriph_Driver/src/misc.c:142:       (uint32_t)0x01 << (NVIC_InitStruct
  95              		.loc 1 142 59 view .LVU17
  96 001a 01F01F03 		and	r3, r1, #31	@ _39, pretmp_37,
  97              	@ stm32f10x_lib/STM32F10x_StdPeriph_Driver/src/misc.c:142:       (uint32_t)0x01 << (NVIC_InitStruct
  98              		.loc 1 142 22 view .LVU18
  99 001e 9D40     		lsls	r5, r5, r3	@ _42, tmp122, _39
 100              	@ stm32f10x_lib/STM32F10x_StdPeriph_Driver/src/misc.c:121:   if (NVIC_InitStruct->NVIC_IRQChannelCm
 121:stm32f10x_lib/STM32F10x_StdPeriph_Driver/src/misc.c ****   {
 101              		.loc 1 121 6 view .LVU19
 102 0020 C378     		ldrb	r3, [r0, #3]	@ zero_extendqisi2	@ NVIC_InitStruct_27(D)->NVIC_IRQChannelCmd, NVIC_InitStruct_
 103              	@ stm32f10x_lib/STM32F10x_StdPeriph_Driver/src/misc.c:141:     NVIC->ICER[NVIC_InitStruct->NVIC_IRQ
 141:stm32f10x_lib/STM32F10x_StdPeriph_Driver/src/misc.c ****       (uint32_t)0x01 << (NVIC_InitStruct->NVIC_IRQChannel & (uint8_t)0x1F);
 104              		.loc 1 141 49 view .LVU20
 105 0022 4C09     		lsrs	r4, r1, #5	@ _41, pretmp_37,
 106              	@ stm32f10x_lib/STM32F10x_StdPeriph_Driver/src/misc.c:121:   if (NVIC_InitStruct->NVIC_IRQChannelCm
 121:stm32f10x_lib/STM32F10x_StdPeriph_Driver/src/misc.c ****   {
 107              		.loc 1 121 6 view .LVU21
 108 0024 B3B1     		cbz	r3, .L5	@ NVIC_InitStruct_27(D)->NVIC_IRQChannelCmd,
 124:stm32f10x_lib/STM32F10x_StdPeriph_Driver/src/misc.c ****     tmppre = (0x4 - tmppriority);
 109              		.loc 1 124 5 is_stmt 1 view .LVU22
 110              	@ stm32f10x_lib/STM32F10x_StdPeriph_Driver/src/misc.c:124:     tmppriority = (0x700 - ((SCB->AIRCR)
 124:stm32f10x_lib/STM32F10x_StdPeriph_Driver/src/misc.c ****     tmppre = (0x4 - tmppriority);
 111              		.loc 1 124 33 is_stmt 0 view .LVU23
 112 0026 0E4B     		ldr	r3, .L7	@ tmp124,
 113              	@ stm32f10x_lib/STM32F10x_StdPeriph_Driver/src/misc.c:128:     tmppriority = (uint32_t)NVIC_InitStr
 128:stm32f10x_lib/STM32F10x_StdPeriph_Driver/src/misc.c ****     tmppriority |=  NVIC_InitStruct->NVIC_IRQChannelSubPriority & tmpsub;
 114              		.loc 1 128 19 view .LVU24
 115 0028 4678     		ldrb	r6, [r0, #1]	@ zero_extendqisi2	@ _6, NVIC_InitStruct_27(D)->NVIC_IRQChannelPreemptionPriorit
 116              	@ stm32f10x_lib/STM32F10x_StdPeriph_Driver/src/misc.c:124:     tmppriority = (0x700 - ((SCB->AIRCR)
 124:stm32f10x_lib/STM32F10x_StdPeriph_Driver/src/misc.c ****     tmppre = (0x4 - tmppriority);
 117              		.loc 1 124 33 view .LVU25
 118 002a DA68     		ldr	r2, [r3, #12]	@ _2, MEM[(struct SCB_Type *)3758157056B].AIRCR
 119              	@ stm32f10x_lib/STM32F10x_StdPeriph_Driver/src/misc.c:124:     tmppriority = (0x700 - ((SCB->AIRCR)
 124:stm32f10x_lib/STM32F10x_StdPeriph_Driver/src/misc.c ****     tmppre = (0x4 - tmppriority);
 120              		.loc 1 124 26 view .LVU26
 121 002c D243     		mvns	r2, r2	@ _3, _2
 122              	@ stm32f10x_lib/STM32F10x_StdPeriph_Driver/src/misc.c:124:     tmppriority = (0x700 - ((SCB->AIRCR)
 124:stm32f10x_lib/STM32F10x_StdPeriph_Driver/src/misc.c ****     tmppre = (0x4 - tmppriority);
 123              		.loc 1 124 17 view .LVU27
 124 002e C2F30222 		ubfx	r2, r2, #8, #3	@ tmppriority, _3,,
 125              	.LVL3:
 125:stm32f10x_lib/STM32F10x_StdPeriph_Driver/src/misc.c ****     tmpsub = tmpsub >> tmppriority;
 126              		.loc 1 125 5 is_stmt 1 view .LVU28
 127              	@ stm32f10x_lib/STM32F10x_StdPeriph_Driver/src/misc.c:125:     tmppre = (0x4 - tmppriority);
 125:stm32f10x_lib/STM32F10x_StdPeriph_Driver/src/misc.c ****     tmpsub = tmpsub >> tmppriority;
 128              		.loc 1 125 12 is_stmt 0 view .LVU29
 129 0032 C2F10403 		rsb	r3, r2, #4	@ tmppre, tmppriority,
 130              	.LVL4:
ARM GAS  /tmp/ccYMl0pw.s 			page 6


 126:stm32f10x_lib/STM32F10x_StdPeriph_Driver/src/misc.c **** 
 131              		.loc 1 126 5 is_stmt 1 view .LVU30
 128:stm32f10x_lib/STM32F10x_StdPeriph_Driver/src/misc.c ****     tmppriority |=  NVIC_InitStruct->NVIC_IRQChannelSubPriority & tmpsub;
 132              		.loc 1 128 5 view .LVU31
 133              	@ stm32f10x_lib/STM32F10x_StdPeriph_Driver/src/misc.c:128:     tmppriority = (uint32_t)NVIC_InitStr
 128:stm32f10x_lib/STM32F10x_StdPeriph_Driver/src/misc.c ****     tmppriority |=  NVIC_InitStruct->NVIC_IRQChannelSubPriority & tmpsub;
 134              		.loc 1 128 17 is_stmt 0 view .LVU32
 135 0036 9E40     		lsls	r6, r6, r3	@ tmppriority, _6, tmppre
 136              	.LVL5:
 129:stm32f10x_lib/STM32F10x_StdPeriph_Driver/src/misc.c ****     tmppriority = tmppriority << 0x04;
 137              		.loc 1 129 5 is_stmt 1 view .LVU33
 138              	@ stm32f10x_lib/STM32F10x_StdPeriph_Driver/src/misc.c:129:     tmppriority |=  NVIC_InitStruct->NVI
 129:stm32f10x_lib/STM32F10x_StdPeriph_Driver/src/misc.c ****     tmppriority = tmppriority << 0x04;
 139              		.loc 1 129 36 is_stmt 0 view .LVU34
 140 0038 8378     		ldrb	r3, [r0, #2]	@ zero_extendqisi2	@ _8, NVIC_InitStruct_27(D)->NVIC_IRQChannelSubPriority
 141              	.LVL6:
 142              	@ stm32f10x_lib/STM32F10x_StdPeriph_Driver/src/misc.c:126:     tmpsub = tmpsub >> tmppriority;
 126:stm32f10x_lib/STM32F10x_StdPeriph_Driver/src/misc.c **** 
 143              		.loc 1 126 12 view .LVU35
 144 003a 0F20     		movs	r0, #15	@ tmp130,
 145              	.LVL7:
 126:stm32f10x_lib/STM32F10x_StdPeriph_Driver/src/misc.c **** 
 146              		.loc 1 126 12 view .LVU36
 147 003c 20FA02F2 		lsr	r2, r0, r2	@ tmpsub_31, tmp130, tmppriority
 148              	.LVL8:
 149              	@ stm32f10x_lib/STM32F10x_StdPeriph_Driver/src/misc.c:129:     tmppriority |=  NVIC_InitStruct->NVI
 129:stm32f10x_lib/STM32F10x_StdPeriph_Driver/src/misc.c ****     tmppriority = tmppriority << 0x04;
 150              		.loc 1 129 65 view .LVU37
 151 0040 1340     		ands	r3, r3, r2	@, _9, _8, tmpsub_31
 130:stm32f10x_lib/STM32F10x_StdPeriph_Driver/src/misc.c ****         
 152              		.loc 1 130 5 is_stmt 1 view .LVU38
 153              	.LVL9:
 132:stm32f10x_lib/STM32F10x_StdPeriph_Driver/src/misc.c ****     
 154              		.loc 1 132 5 view .LVU39
 155              	@ stm32f10x_lib/STM32F10x_StdPeriph_Driver/src/misc.c:132:     NVIC->IP[NVIC_InitStruct->NVIC_IRQCh
 132:stm32f10x_lib/STM32F10x_StdPeriph_Driver/src/misc.c ****     
 156              		.loc 1 132 48 is_stmt 0 view .LVU40
 157 0042 084A     		ldr	r2, .L7+4	@ tmp134,
 158              	.LVL10:
 159              	@ stm32f10x_lib/STM32F10x_StdPeriph_Driver/src/misc.c:129:     tmppriority |=  NVIC_InitStruct->NVI
 129:stm32f10x_lib/STM32F10x_StdPeriph_Driver/src/misc.c ****     tmppriority = tmppriority << 0x04;
 160              		.loc 1 129 17 view .LVU41
 161 0044 3343     		orrs	r3, r3, r6	@, tmppriority_33, _9, tmppriority
 162              	.LVL11:
 163              	@ stm32f10x_lib/STM32F10x_StdPeriph_Driver/src/misc.c:132:     NVIC->IP[NVIC_InitStruct->NVIC_IRQCh
 132:stm32f10x_lib/STM32F10x_StdPeriph_Driver/src/misc.c ****     
 164              		.loc 1 132 48 view .LVU42
 165 0046 1B01     		lsls	r3, r3, #4	@ _12, tmppriority_33,
 166              	.LVL12:
 132:stm32f10x_lib/STM32F10x_StdPeriph_Driver/src/misc.c ****     
 167              		.loc 1 132 48 view .LVU43
 168 0048 1144     		add	r1, r1, r2	@ tmp135, tmp134
 169 004a 81F80033 		strb	r3, [r1, #768]	@ _12, MEM[(struct NVIC_Type *)3758153984B].IP[_11]
 135:stm32f10x_lib/STM32F10x_StdPeriph_Driver/src/misc.c ****       (uint32_t)0x01 << (NVIC_InitStruct->NVIC_IRQChannel & (uint8_t)0x1F);
 170              		.loc 1 135 5 is_stmt 1 view .LVU44
 171              	@ stm32f10x_lib/STM32F10x_StdPeriph_Driver/src/misc.c:135:     NVIC->ISER[NVIC_InitStruct->NVIC_IRQ
 135:stm32f10x_lib/STM32F10x_StdPeriph_Driver/src/misc.c ****       (uint32_t)0x01 << (NVIC_InitStruct->NVIC_IRQChannel & (uint8_t)0x1F);
ARM GAS  /tmp/ccYMl0pw.s 			page 7


 172              		.loc 1 135 58 is_stmt 0 view .LVU45
 173 004e 42F82450 		str	r5, [r2, r4, lsl #2]	@ _42, MEM[(struct NVIC_Type *)3758153984B].ISER[_41]
 174              	.LVL13:
 175              	.L4:
 176              	@ stm32f10x_lib/STM32F10x_StdPeriph_Driver/src/misc.c:144: }
 143:stm32f10x_lib/STM32F10x_StdPeriph_Driver/src/misc.c ****   }
 144:stm32f10x_lib/STM32F10x_StdPeriph_Driver/src/misc.c **** }
 177              		.loc 1 144 1 view .LVU46
 178 0052 70BD     		pop	{r4, r5, r6, pc}	@
 179              	.LVL14:
 180              	.L5:
 141:stm32f10x_lib/STM32F10x_StdPeriph_Driver/src/misc.c ****       (uint32_t)0x01 << (NVIC_InitStruct->NVIC_IRQChannel & (uint8_t)0x1F);
 181              		.loc 1 141 5 is_stmt 1 view .LVU47
 182              	@ stm32f10x_lib/STM32F10x_StdPeriph_Driver/src/misc.c:141:     NVIC->ICER[NVIC_InitStruct->NVIC_IRQ
 141:stm32f10x_lib/STM32F10x_StdPeriph_Driver/src/misc.c ****       (uint32_t)0x01 << (NVIC_InitStruct->NVIC_IRQChannel & (uint8_t)0x1F);
 183              		.loc 1 141 58 is_stmt 0 view .LVU48
 184 0054 034B     		ldr	r3, .L7+4	@ tmp138,
 185 0056 2034     		adds	r4, r4, #32	@ tmp139, _41,
 186 0058 43F82450 		str	r5, [r3, r4, lsl #2]	@ _42, MEM[(struct NVIC_Type *)3758153984B].ICER[_41]
 187              	@ stm32f10x_lib/STM32F10x_StdPeriph_Driver/src/misc.c:144: }
 188              		.loc 1 144 1 view .LVU49
 189 005c F9E7     		b	.L4		@
 190              	.L8:
 191 005e 00BF     		.align	2
 192              	.L7:
 193 0060 00ED00E0 		.word	-536810240
 194 0064 00E100E0 		.word	-536813312
 195              		.cfi_endproc
 196              	.LFE30:
 197              		.size	NVIC_Init, .-NVIC_Init
 198              		.align	1
 199              		.global	NVIC_SetVectorTable
 200              		.syntax unified
 201              		.thumb
 202              		.thumb_func
 203              		.type	NVIC_SetVectorTable, %function
 204              	NVIC_SetVectorTable:
 205              	.LVL15:
 206              	.LFB31:
 145:stm32f10x_lib/STM32F10x_StdPeriph_Driver/src/misc.c **** 
 146:stm32f10x_lib/STM32F10x_StdPeriph_Driver/src/misc.c **** /**
 147:stm32f10x_lib/STM32F10x_StdPeriph_Driver/src/misc.c ****   * @brief  Sets the vector table location and Offset.
 148:stm32f10x_lib/STM32F10x_StdPeriph_Driver/src/misc.c ****   * @param  NVIC_VectTab: specifies if the vector table is in RAM or FLASH memory.
 149:stm32f10x_lib/STM32F10x_StdPeriph_Driver/src/misc.c ****   *   This parameter can be one of the following values:
 150:stm32f10x_lib/STM32F10x_StdPeriph_Driver/src/misc.c ****   *     @arg NVIC_VectTab_RAM
 151:stm32f10x_lib/STM32F10x_StdPeriph_Driver/src/misc.c ****   *     @arg NVIC_VectTab_FLASH
 152:stm32f10x_lib/STM32F10x_StdPeriph_Driver/src/misc.c ****   * @param  Offset: Vector Table base offset field. This value must be a multiple 
 153:stm32f10x_lib/STM32F10x_StdPeriph_Driver/src/misc.c ****   *         of 0x200.
 154:stm32f10x_lib/STM32F10x_StdPeriph_Driver/src/misc.c ****   * @retval None
 155:stm32f10x_lib/STM32F10x_StdPeriph_Driver/src/misc.c ****   */
 156:stm32f10x_lib/STM32F10x_StdPeriph_Driver/src/misc.c **** void NVIC_SetVectorTable(uint32_t NVIC_VectTab, uint32_t Offset)
 157:stm32f10x_lib/STM32F10x_StdPeriph_Driver/src/misc.c **** { 
 207              		.loc 1 157 1 is_stmt 1 view -0
 208              		.cfi_startproc
 209              		@ args = 0, pretend = 0, frame = 0
 210              		@ frame_needed = 0, uses_anonymous_args = 0
 211              		@ link register save eliminated.
ARM GAS  /tmp/ccYMl0pw.s 			page 8


 158:stm32f10x_lib/STM32F10x_StdPeriph_Driver/src/misc.c ****   /* Check the parameters */
 159:stm32f10x_lib/STM32F10x_StdPeriph_Driver/src/misc.c ****   assert_param(IS_NVIC_VECTTAB(NVIC_VectTab));
 212              		.loc 1 159 3 view .LVU51
 160:stm32f10x_lib/STM32F10x_StdPeriph_Driver/src/misc.c ****   assert_param(IS_NVIC_OFFSET(Offset));  
 213              		.loc 1 160 3 view .LVU52
 161:stm32f10x_lib/STM32F10x_StdPeriph_Driver/src/misc.c ****    
 162:stm32f10x_lib/STM32F10x_StdPeriph_Driver/src/misc.c ****   SCB->VTOR = NVIC_VectTab | (Offset & (uint32_t)0x1FFFFF80);
 214              		.loc 1 162 3 view .LVU53
 215              	@ stm32f10x_lib/STM32F10x_StdPeriph_Driver/src/misc.c:162:   SCB->VTOR = NVIC_VectTab | (Offset & (
 216              		.loc 1 162 38 is_stmt 0 view .LVU54
 217 0068 21F06041 		bic	r1, r1, #-536870912	@ _1, Offset,
 218              	.LVL16:
 219              	@ stm32f10x_lib/STM32F10x_StdPeriph_Driver/src/misc.c:162:   SCB->VTOR = NVIC_VectTab | (Offset & (
 220              		.loc 1 162 13 view .LVU55
 221 006c 024B     		ldr	r3, .L10	@ tmp100,
 222              	@ stm32f10x_lib/STM32F10x_StdPeriph_Driver/src/misc.c:162:   SCB->VTOR = NVIC_VectTab | (Offset & (
 223              		.loc 1 162 38 view .LVU56
 224 006e 21F07F01 		bic	r1, r1, #127	@ _1, _1,
 225              	@ stm32f10x_lib/STM32F10x_StdPeriph_Driver/src/misc.c:162:   SCB->VTOR = NVIC_VectTab | (Offset & (
 226              		.loc 1 162 28 view .LVU57
 227 0072 0143     		orrs	r1, r1, r0	@, _2, _1, NVIC_VectTab
 228              	@ stm32f10x_lib/STM32F10x_StdPeriph_Driver/src/misc.c:162:   SCB->VTOR = NVIC_VectTab | (Offset & (
 229              		.loc 1 162 13 view .LVU58
 230 0074 9960     		str	r1, [r3, #8]	@ _2, MEM[(struct SCB_Type *)3758157056B].VTOR
 231              	@ stm32f10x_lib/STM32F10x_StdPeriph_Driver/src/misc.c:163: }
 163:stm32f10x_lib/STM32F10x_StdPeriph_Driver/src/misc.c **** }
 232              		.loc 1 163 1 view .LVU59
 233 0076 7047     		bx	lr	@
 234              	.L11:
 235              		.align	2
 236              	.L10:
 237 0078 00ED00E0 		.word	-536810240
 238              		.cfi_endproc
 239              	.LFE31:
 240              		.size	NVIC_SetVectorTable, .-NVIC_SetVectorTable
 241              		.align	1
 242              		.global	NVIC_SystemLPConfig
 243              		.syntax unified
 244              		.thumb
 245              		.thumb_func
 246              		.type	NVIC_SystemLPConfig, %function
 247              	NVIC_SystemLPConfig:
 248              	.LVL17:
 249              	.LFB32:
 164:stm32f10x_lib/STM32F10x_StdPeriph_Driver/src/misc.c **** 
 165:stm32f10x_lib/STM32F10x_StdPeriph_Driver/src/misc.c **** /**
 166:stm32f10x_lib/STM32F10x_StdPeriph_Driver/src/misc.c ****   * @brief  Selects the condition for the system to enter low power mode.
 167:stm32f10x_lib/STM32F10x_StdPeriph_Driver/src/misc.c ****   * @param  LowPowerMode: Specifies the new mode for the system to enter low power mode.
 168:stm32f10x_lib/STM32F10x_StdPeriph_Driver/src/misc.c ****   *   This parameter can be one of the following values:
 169:stm32f10x_lib/STM32F10x_StdPeriph_Driver/src/misc.c ****   *     @arg NVIC_LP_SEVONPEND
 170:stm32f10x_lib/STM32F10x_StdPeriph_Driver/src/misc.c ****   *     @arg NVIC_LP_SLEEPDEEP
 171:stm32f10x_lib/STM32F10x_StdPeriph_Driver/src/misc.c ****   *     @arg NVIC_LP_SLEEPONEXIT
 172:stm32f10x_lib/STM32F10x_StdPeriph_Driver/src/misc.c ****   * @param  NewState: new state of LP condition. This parameter can be: ENABLE or DISABLE.
 173:stm32f10x_lib/STM32F10x_StdPeriph_Driver/src/misc.c ****   * @retval None
 174:stm32f10x_lib/STM32F10x_StdPeriph_Driver/src/misc.c ****   */
 175:stm32f10x_lib/STM32F10x_StdPeriph_Driver/src/misc.c **** void NVIC_SystemLPConfig(uint8_t LowPowerMode, FunctionalState NewState)
 176:stm32f10x_lib/STM32F10x_StdPeriph_Driver/src/misc.c **** {
ARM GAS  /tmp/ccYMl0pw.s 			page 9


 250              		.loc 1 176 1 is_stmt 1 view -0
 251              		.cfi_startproc
 252              		@ args = 0, pretend = 0, frame = 0
 253              		@ frame_needed = 0, uses_anonymous_args = 0
 254              		@ link register save eliminated.
 177:stm32f10x_lib/STM32F10x_StdPeriph_Driver/src/misc.c ****   /* Check the parameters */
 178:stm32f10x_lib/STM32F10x_StdPeriph_Driver/src/misc.c ****   assert_param(IS_NVIC_LP(LowPowerMode));
 255              		.loc 1 178 3 view .LVU61
 179:stm32f10x_lib/STM32F10x_StdPeriph_Driver/src/misc.c ****   assert_param(IS_FUNCTIONAL_STATE(NewState));  
 256              		.loc 1 179 3 view .LVU62
 180:stm32f10x_lib/STM32F10x_StdPeriph_Driver/src/misc.c ****   
 181:stm32f10x_lib/STM32F10x_StdPeriph_Driver/src/misc.c ****   if (NewState != DISABLE)
 257              		.loc 1 181 3 view .LVU63
 258 007c 044B     		ldr	r3, .L16	@ tmp107,
 259              	@ stm32f10x_lib/STM32F10x_StdPeriph_Driver/src/misc.c:183:     SCB->SCR |= LowPowerMode;
 182:stm32f10x_lib/STM32F10x_StdPeriph_Driver/src/misc.c ****   {
 183:stm32f10x_lib/STM32F10x_StdPeriph_Driver/src/misc.c ****     SCB->SCR |= LowPowerMode;
 260              		.loc 1 183 8 is_stmt 0 view .LVU64
 261 007e 1A69     		ldr	r2, [r3, #16]	@ _1,
 262              	@ stm32f10x_lib/STM32F10x_StdPeriph_Driver/src/misc.c:181:   if (NewState != DISABLE)
 181:stm32f10x_lib/STM32F10x_StdPeriph_Driver/src/misc.c ****   {
 263              		.loc 1 181 6 view .LVU65
 264 0080 11B1     		cbz	r1, .L13	@ NewState,
 265              		.loc 1 183 5 is_stmt 1 view .LVU66
 266              	@ stm32f10x_lib/STM32F10x_StdPeriph_Driver/src/misc.c:183:     SCB->SCR |= LowPowerMode;
 267              		.loc 1 183 14 is_stmt 0 view .LVU67
 268 0082 0243     		orrs	r2, r2, r0	@, _3, _1, LowPowerMode
 269              	.L15:
 270              	@ stm32f10x_lib/STM32F10x_StdPeriph_Driver/src/misc.c:187:     SCB->SCR &= (uint32_t)(~(uint32_t)Lo
 184:stm32f10x_lib/STM32F10x_StdPeriph_Driver/src/misc.c ****   }
 185:stm32f10x_lib/STM32F10x_StdPeriph_Driver/src/misc.c ****   else
 186:stm32f10x_lib/STM32F10x_StdPeriph_Driver/src/misc.c ****   {
 187:stm32f10x_lib/STM32F10x_StdPeriph_Driver/src/misc.c ****     SCB->SCR &= (uint32_t)(~(uint32_t)LowPowerMode);
 271              		.loc 1 187 14 view .LVU68
 272 0084 1A61     		str	r2, [r3, #16]	@ _7,
 273              	@ stm32f10x_lib/STM32F10x_StdPeriph_Driver/src/misc.c:189: }
 188:stm32f10x_lib/STM32F10x_StdPeriph_Driver/src/misc.c ****   }
 189:stm32f10x_lib/STM32F10x_StdPeriph_Driver/src/misc.c **** }
 274              		.loc 1 189 1 view .LVU69
 275 0086 7047     		bx	lr	@
 276              	.L13:
 187:stm32f10x_lib/STM32F10x_StdPeriph_Driver/src/misc.c ****   }
 277              		.loc 1 187 5 is_stmt 1 view .LVU70
 278              	@ stm32f10x_lib/STM32F10x_StdPeriph_Driver/src/misc.c:187:     SCB->SCR &= (uint32_t)(~(uint32_t)Lo
 187:stm32f10x_lib/STM32F10x_StdPeriph_Driver/src/misc.c ****   }
 279              		.loc 1 187 14 is_stmt 0 view .LVU71
 280 0088 22EA0002 		bic	r2, r2, r0	@ _7, _4, LowPowerMode
 281 008c FAE7     		b	.L15		@
 282              	.L17:
 283 008e 00BF     		.align	2
 284              	.L16:
 285 0090 00ED00E0 		.word	-536810240
 286              		.cfi_endproc
 287              	.LFE32:
 288              		.size	NVIC_SystemLPConfig, .-NVIC_SystemLPConfig
 289              		.align	1
 290              		.global	SysTick_CLKSourceConfig
ARM GAS  /tmp/ccYMl0pw.s 			page 10


 291              		.syntax unified
 292              		.thumb
 293              		.thumb_func
 294              		.type	SysTick_CLKSourceConfig, %function
 295              	SysTick_CLKSourceConfig:
 296              	.LVL18:
 297              	.LFB33:
 190:stm32f10x_lib/STM32F10x_StdPeriph_Driver/src/misc.c **** 
 191:stm32f10x_lib/STM32F10x_StdPeriph_Driver/src/misc.c **** /**
 192:stm32f10x_lib/STM32F10x_StdPeriph_Driver/src/misc.c ****   * @brief  Configures the SysTick clock source.
 193:stm32f10x_lib/STM32F10x_StdPeriph_Driver/src/misc.c ****   * @param  SysTick_CLKSource: specifies the SysTick clock source.
 194:stm32f10x_lib/STM32F10x_StdPeriph_Driver/src/misc.c ****   *   This parameter can be one of the following values:
 195:stm32f10x_lib/STM32F10x_StdPeriph_Driver/src/misc.c ****   *     @arg SysTick_CLKSource_HCLK_Div8: AHB clock divided by 8 selected as SysTick clock source.
 196:stm32f10x_lib/STM32F10x_StdPeriph_Driver/src/misc.c ****   *     @arg SysTick_CLKSource_HCLK: AHB clock selected as SysTick clock source.
 197:stm32f10x_lib/STM32F10x_StdPeriph_Driver/src/misc.c ****   * @retval None
 198:stm32f10x_lib/STM32F10x_StdPeriph_Driver/src/misc.c ****   */
 199:stm32f10x_lib/STM32F10x_StdPeriph_Driver/src/misc.c **** void SysTick_CLKSourceConfig(uint32_t SysTick_CLKSource)
 200:stm32f10x_lib/STM32F10x_StdPeriph_Driver/src/misc.c **** {
 298              		.loc 1 200 1 is_stmt 1 view -0
 299              		.cfi_startproc
 300              		@ args = 0, pretend = 0, frame = 0
 301              		@ frame_needed = 0, uses_anonymous_args = 0
 302              		@ link register save eliminated.
 201:stm32f10x_lib/STM32F10x_StdPeriph_Driver/src/misc.c ****   /* Check the parameters */
 202:stm32f10x_lib/STM32F10x_StdPeriph_Driver/src/misc.c ****   assert_param(IS_SYSTICK_CLK_SOURCE(SysTick_CLKSource));
 303              		.loc 1 202 3 view .LVU73
 203:stm32f10x_lib/STM32F10x_StdPeriph_Driver/src/misc.c ****   if (SysTick_CLKSource == SysTick_CLKSource_HCLK)
 304              		.loc 1 203 3 view .LVU74
 305 0094 4FF0E023 		mov	r3, #-536813568	@ tmp103,
 306              	@ stm32f10x_lib/STM32F10x_StdPeriph_Driver/src/misc.c:205:     SysTick->CTRL |= SysTick_CLKSource_H
 204:stm32f10x_lib/STM32F10x_StdPeriph_Driver/src/misc.c ****   {
 205:stm32f10x_lib/STM32F10x_StdPeriph_Driver/src/misc.c ****     SysTick->CTRL |= SysTick_CLKSource_HCLK;
 307              		.loc 1 205 12 is_stmt 0 view .LVU75
 308 0098 1A69     		ldr	r2, [r3, #16]	@ _1,
 309              		.loc 1 205 5 is_stmt 1 view .LVU76
 310              	@ stm32f10x_lib/STM32F10x_StdPeriph_Driver/src/misc.c:203:   if (SysTick_CLKSource == SysTick_CLKSo
 203:stm32f10x_lib/STM32F10x_StdPeriph_Driver/src/misc.c ****   if (SysTick_CLKSource == SysTick_CLKSource_HCLK)
 311              		.loc 1 203 6 is_stmt 0 view .LVU77
 312 009a 0428     		cmp	r0, #4	@ SysTick_CLKSource,
 313              	@ stm32f10x_lib/STM32F10x_StdPeriph_Driver/src/misc.c:205:     SysTick->CTRL |= SysTick_CLKSource_H
 314              		.loc 1 205 19 view .LVU78
 315 009c 0CBF     		ite	eq
 316 009e 42F00402 		orreq	r2, r2, #4	@ _2, _1,
 206:stm32f10x_lib/STM32F10x_StdPeriph_Driver/src/misc.c ****   }
 207:stm32f10x_lib/STM32F10x_StdPeriph_Driver/src/misc.c ****   else
 208:stm32f10x_lib/STM32F10x_StdPeriph_Driver/src/misc.c ****   {
 209:stm32f10x_lib/STM32F10x_StdPeriph_Driver/src/misc.c ****     SysTick->CTRL &= SysTick_CLKSource_HCLK_Div8;
 317              		.loc 1 209 5 is_stmt 1 view .LVU79
 318              	@ stm32f10x_lib/STM32F10x_StdPeriph_Driver/src/misc.c:209:     SysTick->CTRL &= SysTick_CLKSource_H
 319              		.loc 1 209 19 is_stmt 0 view .LVU80
 320 00a2 22F00402 		bicne	r2, r2, #4	@ _4, _3,
 321 00a6 1A61     		str	r2, [r3, #16]	@ _4,
 322              	@ stm32f10x_lib/STM32F10x_StdPeriph_Driver/src/misc.c:211: }
 210:stm32f10x_lib/STM32F10x_StdPeriph_Driver/src/misc.c ****   }
 211:stm32f10x_lib/STM32F10x_StdPeriph_Driver/src/misc.c **** }
 323              		.loc 1 211 1 view .LVU81
 324 00a8 7047     		bx	lr	@
ARM GAS  /tmp/ccYMl0pw.s 			page 11


 325              		.cfi_endproc
 326              	.LFE33:
 327              		.size	SysTick_CLKSourceConfig, .-SysTick_CLKSourceConfig
 328              	.Letext0:
 329              		.file 2 "/usr/arm-none-eabi/include/machine/_default_types.h"
 330              		.file 3 "/usr/arm-none-eabi/include/sys/_stdint.h"
 331              		.file 4 "./stm32f10x_lib/CMSIS/CM3/CoreSupport/core_cm3.h"
 332              		.file 5 "./stm32f10x_lib/CMSIS/CM3/DeviceSupport/ST/STM32F10x/stm32f10x.h"
 333              		.file 6 "./stm32f10x_lib/STM32F10x_StdPeriph_Driver/inc/misc.h"
 334 00aa 00BF     		.section	.debug_info,"",%progbits
 335              	.Ldebug_info0:
 336 0000 89050000 		.4byte	0x589
 337 0004 0200     		.2byte	0x2
 338 0006 00000000 		.4byte	.Ldebug_abbrev0
 339 000a 04       		.byte	0x4
 340 000b 01       		.uleb128 0x1
 341 000c 2F030000 		.4byte	.LASF66
 342 0010 0C       		.byte	0xc
 343 0011 81000000 		.4byte	.LASF67
 344 0015 EC000000 		.4byte	.LASF68
 345 0019 00000000 		.4byte	.Ltext0
 346 001d AA000000 		.4byte	.Letext0
 347 0021 00000000 		.4byte	.Ldebug_line0
 348 0025 02       		.uleb128 0x2
 349 0026 08       		.byte	0x8
 350 0027 07       		.byte	0x7
 351 0028 A1010000 		.4byte	.LASF0
 352 002c 02       		.uleb128 0x2
 353 002d 04       		.byte	0x4
 354 002e 07       		.byte	0x7
 355 002f C4010000 		.4byte	.LASF1
 356 0033 02       		.uleb128 0x2
 357 0034 01       		.byte	0x1
 358 0035 06       		.byte	0x6
 359 0036 95010000 		.4byte	.LASF2
 360 003a 03       		.uleb128 0x3
 361 003b 54010000 		.4byte	.LASF7
 362 003f 02       		.byte	0x2
 363 0040 2B       		.byte	0x2b
 364 0041 18       		.byte	0x18
 365 0042 46000000 		.4byte	0x46
 366 0046 02       		.uleb128 0x2
 367 0047 01       		.byte	0x1
 368 0048 08       		.byte	0x8
 369 0049 69010000 		.4byte	.LASF3
 370 004d 02       		.uleb128 0x2
 371 004e 02       		.byte	0x2
 372 004f 05       		.byte	0x5
 373 0050 6D000000 		.4byte	.LASF4
 374 0054 02       		.uleb128 0x2
 375 0055 02       		.byte	0x2
 376 0056 07       		.byte	0x7
 377 0057 16020000 		.4byte	.LASF5
 378 005b 02       		.uleb128 0x2
 379 005c 04       		.byte	0x4
 380 005d 05       		.byte	0x5
 381 005e 4B010000 		.4byte	.LASF6
ARM GAS  /tmp/ccYMl0pw.s 			page 12


 382 0062 03       		.uleb128 0x3
 383 0063 B5000000 		.4byte	.LASF8
 384 0067 02       		.byte	0x2
 385 0068 4F       		.byte	0x4f
 386 0069 19       		.byte	0x19
 387 006a 6E000000 		.4byte	0x6e
 388 006e 02       		.uleb128 0x2
 389 006f 04       		.byte	0x4
 390 0070 07       		.byte	0x7
 391 0071 BD020000 		.4byte	.LASF9
 392 0075 02       		.uleb128 0x2
 393 0076 08       		.byte	0x8
 394 0077 05       		.byte	0x5
 395 0078 31010000 		.4byte	.LASF10
 396 007c 04       		.uleb128 0x4
 397 007d 04       		.byte	0x4
 398 007e 05       		.byte	0x5
 399 007f 696E7400 		.ascii	"int\000"
 400 0083 03       		.uleb128 0x3
 401 0084 CD000000 		.4byte	.LASF11
 402 0088 03       		.byte	0x3
 403 0089 18       		.byte	0x18
 404 008a 13       		.byte	0x13
 405 008b 3A000000 		.4byte	0x3a
 406 008f 05       		.uleb128 0x5
 407 0090 83000000 		.4byte	0x83
 408 0094 03       		.uleb128 0x3
 409 0095 00000000 		.4byte	.LASF12
 410 0099 03       		.byte	0x3
 411 009a 30       		.byte	0x30
 412 009b 14       		.byte	0x14
 413 009c 62000000 		.4byte	0x62
 414 00a0 05       		.uleb128 0x5
 415 00a1 94000000 		.4byte	0x94
 416 00a5 06       		.uleb128 0x6
 417 00a6 A0000000 		.4byte	0xa0
 418 00aa 07       		.uleb128 0x7
 419 00ab 040E     		.2byte	0xe04
 420 00ad 04       		.byte	0x4
 421 00ae 84       		.byte	0x84
 422 00af 09       		.byte	0x9
 423 00b0 82010000 		.4byte	0x182
 424 00b4 08       		.uleb128 0x8
 425 00b5 81020000 		.4byte	.LASF13
 426 00b9 04       		.byte	0x4
 427 00ba 86       		.byte	0x86
 428 00bb 11       		.byte	0x11
 429 00bc 92010000 		.4byte	0x192
 430 00c0 02       		.byte	0x2
 431 00c1 23       		.byte	0x23
 432 00c2 00       		.uleb128 0
 433 00c3 08       		.uleb128 0x8
 434 00c4 8B020000 		.4byte	.LASF14
 435 00c8 04       		.byte	0x4
 436 00c9 87       		.byte	0x87
 437 00ca 11       		.byte	0x11
 438 00cb 97010000 		.4byte	0x197
ARM GAS  /tmp/ccYMl0pw.s 			page 13


 439 00cf 02       		.byte	0x2
 440 00d0 23       		.byte	0x23
 441 00d1 20       		.uleb128 0x20
 442 00d2 08       		.uleb128 0x8
 443 00d3 D1010000 		.4byte	.LASF15
 444 00d7 04       		.byte	0x4
 445 00d8 88       		.byte	0x88
 446 00d9 11       		.byte	0x11
 447 00da 92010000 		.4byte	0x192
 448 00de 03       		.byte	0x3
 449 00df 23       		.byte	0x23
 450 00e0 8001     		.uleb128 0x80
 451 00e2 08       		.uleb128 0x8
 452 00e3 28010000 		.4byte	.LASF16
 453 00e7 04       		.byte	0x4
 454 00e8 89       		.byte	0x89
 455 00e9 11       		.byte	0x11
 456 00ea 97010000 		.4byte	0x197
 457 00ee 03       		.byte	0x3
 458 00ef 23       		.byte	0x23
 459 00f0 A001     		.uleb128 0xa0
 460 00f2 08       		.uleb128 0x8
 461 00f3 47020000 		.4byte	.LASF17
 462 00f7 04       		.byte	0x4
 463 00f8 8A       		.byte	0x8a
 464 00f9 11       		.byte	0x11
 465 00fa 92010000 		.4byte	0x192
 466 00fe 03       		.byte	0x3
 467 00ff 23       		.byte	0x23
 468 0100 8002     		.uleb128 0x100
 469 0102 08       		.uleb128 0x8
 470 0103 95020000 		.4byte	.LASF18
 471 0107 04       		.byte	0x4
 472 0108 8B       		.byte	0x8b
 473 0109 11       		.byte	0x11
 474 010a 97010000 		.4byte	0x197
 475 010e 03       		.byte	0x3
 476 010f 23       		.byte	0x23
 477 0110 A002     		.uleb128 0x120
 478 0112 08       		.uleb128 0x8
 479 0113 90010000 		.4byte	.LASF19
 480 0117 04       		.byte	0x4
 481 0118 8C       		.byte	0x8c
 482 0119 11       		.byte	0x11
 483 011a 92010000 		.4byte	0x192
 484 011e 03       		.byte	0x3
 485 011f 23       		.byte	0x23
 486 0120 8003     		.uleb128 0x180
 487 0122 08       		.uleb128 0x8
 488 0123 9F020000 		.4byte	.LASF20
 489 0127 04       		.byte	0x4
 490 0128 8D       		.byte	0x8d
 491 0129 11       		.byte	0x11
 492 012a 97010000 		.4byte	0x197
 493 012e 03       		.byte	0x3
 494 012f 23       		.byte	0x23
 495 0130 A003     		.uleb128 0x1a0
ARM GAS  /tmp/ccYMl0pw.s 			page 14


 496 0132 08       		.uleb128 0x8
 497 0133 09000000 		.4byte	.LASF21
 498 0137 04       		.byte	0x4
 499 0138 8E       		.byte	0x8e
 500 0139 11       		.byte	0x11
 501 013a 92010000 		.4byte	0x192
 502 013e 03       		.byte	0x3
 503 013f 23       		.byte	0x23
 504 0140 8004     		.uleb128 0x200
 505 0142 08       		.uleb128 0x8
 506 0143 A9020000 		.4byte	.LASF22
 507 0147 04       		.byte	0x4
 508 0148 8F       		.byte	0x8f
 509 0149 11       		.byte	0x11
 510 014a A7010000 		.4byte	0x1a7
 511 014e 03       		.byte	0x3
 512 014f 23       		.byte	0x23
 513 0150 A004     		.uleb128 0x220
 514 0152 09       		.uleb128 0x9
 515 0153 495000   		.ascii	"IP\000"
 516 0156 04       		.byte	0x4
 517 0157 90       		.byte	0x90
 518 0158 11       		.byte	0x11
 519 0159 C7010000 		.4byte	0x1c7
 520 015d 03       		.byte	0x3
 521 015e 23       		.byte	0x23
 522 015f 8006     		.uleb128 0x300
 523 0161 08       		.uleb128 0x8
 524 0162 B3020000 		.4byte	.LASF23
 525 0166 04       		.byte	0x4
 526 0167 91       		.byte	0x91
 527 0168 11       		.byte	0x11
 528 0169 CC010000 		.4byte	0x1cc
 529 016d 03       		.byte	0x3
 530 016e 23       		.byte	0x23
 531 016f F007     		.uleb128 0x3f0
 532 0171 08       		.uleb128 0x8
 533 0172 E7000000 		.4byte	.LASF24
 534 0176 04       		.byte	0x4
 535 0177 92       		.byte	0x92
 536 0178 11       		.byte	0x11
 537 0179 A0000000 		.4byte	0xa0
 538 017d 03       		.byte	0x3
 539 017e 23       		.byte	0x23
 540 017f 801C     		.uleb128 0xe00
 541 0181 00       		.byte	0
 542 0182 0A       		.uleb128 0xa
 543 0183 A0000000 		.4byte	0xa0
 544 0187 92010000 		.4byte	0x192
 545 018b 0B       		.uleb128 0xb
 546 018c 2C000000 		.4byte	0x2c
 547 0190 07       		.byte	0x7
 548 0191 00       		.byte	0
 549 0192 05       		.uleb128 0x5
 550 0193 82010000 		.4byte	0x182
 551 0197 0A       		.uleb128 0xa
 552 0198 94000000 		.4byte	0x94
ARM GAS  /tmp/ccYMl0pw.s 			page 15


 553 019c A7010000 		.4byte	0x1a7
 554 01a0 0B       		.uleb128 0xb
 555 01a1 2C000000 		.4byte	0x2c
 556 01a5 17       		.byte	0x17
 557 01a6 00       		.byte	0
 558 01a7 0A       		.uleb128 0xa
 559 01a8 94000000 		.4byte	0x94
 560 01ac B7010000 		.4byte	0x1b7
 561 01b0 0B       		.uleb128 0xb
 562 01b1 2C000000 		.4byte	0x2c
 563 01b5 37       		.byte	0x37
 564 01b6 00       		.byte	0
 565 01b7 0A       		.uleb128 0xa
 566 01b8 8F000000 		.4byte	0x8f
 567 01bc C7010000 		.4byte	0x1c7
 568 01c0 0B       		.uleb128 0xb
 569 01c1 2C000000 		.4byte	0x2c
 570 01c5 EF       		.byte	0xef
 571 01c6 00       		.byte	0
 572 01c7 05       		.uleb128 0x5
 573 01c8 B7010000 		.4byte	0x1b7
 574 01cc 0A       		.uleb128 0xa
 575 01cd 94000000 		.4byte	0x94
 576 01d1 DD010000 		.4byte	0x1dd
 577 01d5 0C       		.uleb128 0xc
 578 01d6 2C000000 		.4byte	0x2c
 579 01da 8302     		.2byte	0x283
 580 01dc 00       		.byte	0
 581 01dd 03       		.uleb128 0x3
 582 01de CF020000 		.4byte	.LASF25
 583 01e2 04       		.byte	0x4
 584 01e3 93       		.byte	0x93
 585 01e4 04       		.byte	0x4
 586 01e5 AA000000 		.4byte	0xaa
 587 01e9 0D       		.uleb128 0xd
 588 01ea 74       		.byte	0x74
 589 01eb 04       		.byte	0x4
 590 01ec 9B       		.byte	0x9b
 591 01ed 09       		.byte	0x9
 592 01ee 10030000 		.4byte	0x310
 593 01f2 08       		.uleb128 0x8
 594 01f3 C0000000 		.4byte	.LASF26
 595 01f7 04       		.byte	0x4
 596 01f8 9D       		.byte	0x9d
 597 01f9 11       		.byte	0x11
 598 01fa A5000000 		.4byte	0xa5
 599 01fe 02       		.byte	0x2
 600 01ff 23       		.byte	0x23
 601 0200 00       		.uleb128 0
 602 0201 08       		.uleb128 0x8
 603 0202 23010000 		.4byte	.LASF27
 604 0206 04       		.byte	0x4
 605 0207 9E       		.byte	0x9e
 606 0208 11       		.byte	0x11
 607 0209 A0000000 		.4byte	0xa0
 608 020d 02       		.byte	0x2
 609 020e 23       		.byte	0x23
ARM GAS  /tmp/ccYMl0pw.s 			page 16


 610 020f 04       		.uleb128 0x4
 611 0210 08       		.uleb128 0x8
 612 0211 35020000 		.4byte	.LASF28
 613 0215 04       		.byte	0x4
 614 0216 9F       		.byte	0x9f
 615 0217 11       		.byte	0x11
 616 0218 A0000000 		.4byte	0xa0
 617 021c 02       		.byte	0x2
 618 021d 23       		.byte	0x23
 619 021e 08       		.uleb128 0x8
 620 021f 08       		.uleb128 0x8
 621 0220 63010000 		.4byte	.LASF29
 622 0224 04       		.byte	0x4
 623 0225 A0       		.byte	0xa0
 624 0226 11       		.byte	0x11
 625 0227 A0000000 		.4byte	0xa0
 626 022b 02       		.byte	0x2
 627 022c 23       		.byte	0x23
 628 022d 0C       		.uleb128 0xc
 629 022e 09       		.uleb128 0x9
 630 022f 53435200 		.ascii	"SCR\000"
 631 0233 04       		.byte	0x4
 632 0234 A1       		.byte	0xa1
 633 0235 11       		.byte	0x11
 634 0236 A0000000 		.4byte	0xa0
 635 023a 02       		.byte	0x2
 636 023b 23       		.byte	0x23
 637 023c 10       		.uleb128 0x10
 638 023d 09       		.uleb128 0x9
 639 023e 43435200 		.ascii	"CCR\000"
 640 0242 04       		.byte	0x4
 641 0243 A2       		.byte	0xa2
 642 0244 11       		.byte	0x11
 643 0245 A0000000 		.4byte	0xa0
 644 0249 02       		.byte	0x2
 645 024a 23       		.byte	0x23
 646 024b 14       		.uleb128 0x14
 647 024c 09       		.uleb128 0x9
 648 024d 53485000 		.ascii	"SHP\000"
 649 0251 04       		.byte	0x4
 650 0252 A3       		.byte	0xa3
 651 0253 11       		.byte	0x11
 652 0254 20030000 		.4byte	0x320
 653 0258 02       		.byte	0x2
 654 0259 23       		.byte	0x23
 655 025a 18       		.uleb128 0x18
 656 025b 08       		.uleb128 0x8
 657 025c BE010000 		.4byte	.LASF30
 658 0260 04       		.byte	0x4
 659 0261 A4       		.byte	0xa4
 660 0262 11       		.byte	0x11
 661 0263 A0000000 		.4byte	0xa0
 662 0267 02       		.byte	0x2
 663 0268 23       		.byte	0x23
 664 0269 24       		.uleb128 0x24
 665 026a 08       		.uleb128 0x8
 666 026b 5E010000 		.4byte	.LASF31
ARM GAS  /tmp/ccYMl0pw.s 			page 17


 667 026f 04       		.byte	0x4
 668 0270 A5       		.byte	0xa5
 669 0271 11       		.byte	0x11
 670 0272 A0000000 		.4byte	0xa0
 671 0276 02       		.byte	0x2
 672 0277 23       		.byte	0x23
 673 0278 28       		.uleb128 0x28
 674 0279 08       		.uleb128 0x8
 675 027a 7C020000 		.4byte	.LASF32
 676 027e 04       		.byte	0x4
 677 027f A6       		.byte	0xa6
 678 0280 11       		.byte	0x11
 679 0281 A0000000 		.4byte	0xa0
 680 0285 02       		.byte	0x2
 681 0286 23       		.byte	0x23
 682 0287 2C       		.uleb128 0x2c
 683 0288 08       		.uleb128 0x8
 684 0289 4C020000 		.4byte	.LASF33
 685 028d 04       		.byte	0x4
 686 028e A7       		.byte	0xa7
 687 028f 11       		.byte	0x11
 688 0290 A0000000 		.4byte	0xa0
 689 0294 02       		.byte	0x2
 690 0295 23       		.byte	0x23
 691 0296 30       		.uleb128 0x30
 692 0297 08       		.uleb128 0x8
 693 0298 67000000 		.4byte	.LASF34
 694 029c 04       		.byte	0x4
 695 029d A8       		.byte	0xa8
 696 029e 11       		.byte	0x11
 697 029f A0000000 		.4byte	0xa0
 698 02a3 02       		.byte	0x2
 699 02a4 23       		.byte	0x23
 700 02a5 34       		.uleb128 0x34
 701 02a6 08       		.uleb128 0x8
 702 02a7 46010000 		.4byte	.LASF35
 703 02ab 04       		.byte	0x4
 704 02ac A9       		.byte	0xa9
 705 02ad 11       		.byte	0x11
 706 02ae A0000000 		.4byte	0xa0
 707 02b2 02       		.byte	0x2
 708 02b3 23       		.byte	0x23
 709 02b4 38       		.uleb128 0x38
 710 02b5 08       		.uleb128 0x8
 711 02b6 1D030000 		.4byte	.LASF36
 712 02ba 04       		.byte	0x4
 713 02bb AA       		.byte	0xaa
 714 02bc 11       		.byte	0x11
 715 02bd A0000000 		.4byte	0xa0
 716 02c1 02       		.byte	0x2
 717 02c2 23       		.byte	0x23
 718 02c3 3C       		.uleb128 0x3c
 719 02c4 09       		.uleb128 0x9
 720 02c5 50465200 		.ascii	"PFR\000"
 721 02c9 04       		.byte	0x4
 722 02ca AB       		.byte	0xab
 723 02cb 11       		.byte	0x11
ARM GAS  /tmp/ccYMl0pw.s 			page 18


 724 02cc 3A030000 		.4byte	0x33a
 725 02d0 02       		.byte	0x2
 726 02d1 23       		.byte	0x23
 727 02d2 40       		.uleb128 0x40
 728 02d3 09       		.uleb128 0x9
 729 02d4 44465200 		.ascii	"DFR\000"
 730 02d8 04       		.byte	0x4
 731 02d9 AC       		.byte	0xac
 732 02da 11       		.byte	0x11
 733 02db A5000000 		.4byte	0xa5
 734 02df 02       		.byte	0x2
 735 02e0 23       		.byte	0x23
 736 02e1 48       		.uleb128 0x48
 737 02e2 09       		.uleb128 0x9
 738 02e3 41445200 		.ascii	"ADR\000"
 739 02e7 04       		.byte	0x4
 740 02e8 AD       		.byte	0xad
 741 02e9 11       		.byte	0x11
 742 02ea A5000000 		.4byte	0xa5
 743 02ee 02       		.byte	0x2
 744 02ef 23       		.byte	0x23
 745 02f0 4C       		.uleb128 0x4c
 746 02f1 08       		.uleb128 0x8
 747 02f2 86020000 		.4byte	.LASF37
 748 02f6 04       		.byte	0x4
 749 02f7 AE       		.byte	0xae
 750 02f8 11       		.byte	0x11
 751 02f9 54030000 		.4byte	0x354
 752 02fd 02       		.byte	0x2
 753 02fe 23       		.byte	0x23
 754 02ff 50       		.uleb128 0x50
 755 0300 08       		.uleb128 0x8
 756 0301 42020000 		.4byte	.LASF38
 757 0305 04       		.byte	0x4
 758 0306 AF       		.byte	0xaf
 759 0307 11       		.byte	0x11
 760 0308 6E030000 		.4byte	0x36e
 761 030c 02       		.byte	0x2
 762 030d 23       		.byte	0x23
 763 030e 60       		.uleb128 0x60
 764 030f 00       		.byte	0
 765 0310 0A       		.uleb128 0xa
 766 0311 8F000000 		.4byte	0x8f
 767 0315 20030000 		.4byte	0x320
 768 0319 0B       		.uleb128 0xb
 769 031a 2C000000 		.4byte	0x2c
 770 031e 0B       		.byte	0xb
 771 031f 00       		.byte	0
 772 0320 05       		.uleb128 0x5
 773 0321 10030000 		.4byte	0x310
 774 0325 0A       		.uleb128 0xa
 775 0326 A5000000 		.4byte	0xa5
 776 032a 35030000 		.4byte	0x335
 777 032e 0B       		.uleb128 0xb
 778 032f 2C000000 		.4byte	0x2c
 779 0333 01       		.byte	0x1
 780 0334 00       		.byte	0
ARM GAS  /tmp/ccYMl0pw.s 			page 19


 781 0335 06       		.uleb128 0x6
 782 0336 25030000 		.4byte	0x325
 783 033a 05       		.uleb128 0x5
 784 033b 35030000 		.4byte	0x335
 785 033f 0A       		.uleb128 0xa
 786 0340 A5000000 		.4byte	0xa5
 787 0344 4F030000 		.4byte	0x34f
 788 0348 0B       		.uleb128 0xb
 789 0349 2C000000 		.4byte	0x2c
 790 034d 03       		.byte	0x3
 791 034e 00       		.byte	0
 792 034f 06       		.uleb128 0x6
 793 0350 3F030000 		.4byte	0x33f
 794 0354 05       		.uleb128 0x5
 795 0355 4F030000 		.4byte	0x34f
 796 0359 0A       		.uleb128 0xa
 797 035a A5000000 		.4byte	0xa5
 798 035e 69030000 		.4byte	0x369
 799 0362 0B       		.uleb128 0xb
 800 0363 2C000000 		.4byte	0x2c
 801 0367 04       		.byte	0x4
 802 0368 00       		.byte	0
 803 0369 06       		.uleb128 0x6
 804 036a 59030000 		.4byte	0x359
 805 036e 05       		.uleb128 0x5
 806 036f 69030000 		.4byte	0x369
 807 0373 03       		.uleb128 0x3
 808 0374 D5000000 		.4byte	.LASF39
 809 0378 04       		.byte	0x4
 810 0379 B0       		.byte	0xb0
 811 037a 03       		.byte	0x3
 812 037b E9010000 		.4byte	0x1e9
 813 037f 0E       		.uleb128 0xe
 814 0380 10       		.byte	0x10
 815 0381 04       		.byte	0x4
 816 0382 6D01     		.2byte	0x16d
 817 0384 09       		.byte	0x9
 818 0385 CA030000 		.4byte	0x3ca
 819 0389 0F       		.uleb128 0xf
 820 038a 77010000 		.4byte	.LASF40
 821 038e 04       		.byte	0x4
 822 038f 6F01     		.2byte	0x16f
 823 0391 11       		.byte	0x11
 824 0392 A0000000 		.4byte	0xa0
 825 0396 02       		.byte	0x2
 826 0397 23       		.byte	0x23
 827 0398 00       		.uleb128 0
 828 0399 0F       		.uleb128 0xf
 829 039a 18030000 		.4byte	.LASF41
 830 039e 04       		.byte	0x4
 831 039f 7001     		.2byte	0x170
 832 03a1 11       		.byte	0x11
 833 03a2 A0000000 		.4byte	0xa0
 834 03a6 02       		.byte	0x2
 835 03a7 23       		.byte	0x23
 836 03a8 04       		.uleb128 0x4
 837 03a9 10       		.uleb128 0x10
ARM GAS  /tmp/ccYMl0pw.s 			page 20


 838 03aa 56414C00 		.ascii	"VAL\000"
 839 03ae 04       		.byte	0x4
 840 03af 7101     		.2byte	0x171
 841 03b1 11       		.byte	0x11
 842 03b2 A0000000 		.4byte	0xa0
 843 03b6 02       		.byte	0x2
 844 03b7 23       		.byte	0x23
 845 03b8 08       		.uleb128 0x8
 846 03b9 0F       		.uleb128 0xf
 847 03ba B8010000 		.4byte	.LASF42
 848 03be 04       		.byte	0x4
 849 03bf 7201     		.2byte	0x172
 850 03c1 11       		.byte	0x11
 851 03c2 A5000000 		.4byte	0xa5
 852 03c6 02       		.byte	0x2
 853 03c7 23       		.byte	0x23
 854 03c8 0C       		.uleb128 0xc
 855 03c9 00       		.byte	0
 856 03ca 11       		.uleb128 0x11
 857 03cb 09020000 		.4byte	.LASF43
 858 03cf 04       		.byte	0x4
 859 03d0 7301     		.2byte	0x173
 860 03d2 03       		.byte	0x3
 861 03d3 7F030000 		.4byte	0x37f
 862 03d7 12       		.uleb128 0x12
 863 03d8 07       		.byte	0x7
 864 03d9 01       		.byte	0x1
 865 03da 46000000 		.4byte	0x46
 866 03de 05       		.byte	0x5
 867 03df 0902     		.2byte	0x209
 868 03e1 0E       		.byte	0xe
 869 03e2 F3030000 		.4byte	0x3f3
 870 03e6 13       		.uleb128 0x13
 871 03e7 3A020000 		.4byte	.LASF44
 872 03eb 00       		.byte	0
 873 03ec 13       		.uleb128 0x13
 874 03ed 9C030000 		.4byte	.LASF45
 875 03f1 01       		.byte	0x1
 876 03f2 00       		.byte	0
 877 03f3 11       		.uleb128 0x11
 878 03f4 FB020000 		.4byte	.LASF46
 879 03f8 05       		.byte	0x5
 880 03f9 0902     		.2byte	0x209
 881 03fb 2F       		.byte	0x2f
 882 03fc D7030000 		.4byte	0x3d7
 883 0400 0D       		.uleb128 0xd
 884 0401 04       		.byte	0x4
 885 0402 06       		.byte	0x6
 886 0403 32       		.byte	0x32
 887 0404 09       		.byte	0x9
 888 0405 46040000 		.4byte	0x446
 889 0409 08       		.uleb128 0x8
 890 040a 51020000 		.4byte	.LASF47
 891 040e 06       		.byte	0x6
 892 040f 34       		.byte	0x34
 893 0410 0B       		.byte	0xb
 894 0411 83000000 		.4byte	0x83
ARM GAS  /tmp/ccYMl0pw.s 			page 21


 895 0415 02       		.byte	0x2
 896 0416 23       		.byte	0x23
 897 0417 00       		.uleb128 0
 898 0418 08       		.uleb128 0x8
 899 0419 D9020000 		.4byte	.LASF48
 900 041d 06       		.byte	0x6
 901 041e 39       		.byte	0x39
 902 041f 0B       		.byte	0xb
 903 0420 83000000 		.4byte	0x83
 904 0424 02       		.byte	0x2
 905 0425 23       		.byte	0x23
 906 0426 01       		.uleb128 0x1
 907 0427 08       		.uleb128 0x8
 908 0428 61020000 		.4byte	.LASF49
 909 042c 06       		.byte	0x6
 910 042d 3D       		.byte	0x3d
 911 042e 0B       		.byte	0xb
 912 042f 83000000 		.4byte	0x83
 913 0433 02       		.byte	0x2
 914 0434 23       		.byte	0x23
 915 0435 02       		.uleb128 0x2
 916 0436 08       		.uleb128 0x8
 917 0437 1F000000 		.4byte	.LASF50
 918 043b 06       		.byte	0x6
 919 043c 41       		.byte	0x41
 920 043d 13       		.byte	0x13
 921 043e F3030000 		.4byte	0x3f3
 922 0442 02       		.byte	0x2
 923 0443 23       		.byte	0x23
 924 0444 03       		.uleb128 0x3
 925 0445 00       		.byte	0
 926 0446 03       		.uleb128 0x3
 927 0447 0E000000 		.4byte	.LASF51
 928 044b 06       		.byte	0x6
 929 044c 44       		.byte	0x44
 930 044d 03       		.byte	0x3
 931 044e 00040000 		.4byte	0x400
 932 0452 14       		.uleb128 0x14
 933 0453 01       		.byte	0x1
 934 0454 F1010000 		.4byte	.LASF52
 935 0458 01       		.byte	0x1
 936 0459 C7       		.byte	0xc7
 937 045a 06       		.byte	0x6
 938 045b 01       		.byte	0x1
 939 045c 94000000 		.4byte	.LFB33
 940 0460 AA000000 		.4byte	.LFE33
 941 0464 02       		.byte	0x2
 942 0465 7D       		.byte	0x7d
 943 0466 00       		.sleb128 0
 944 0467 01       		.byte	0x1
 945 0468 7B040000 		.4byte	0x47b
 946 046c 15       		.uleb128 0x15
 947 046d 32000000 		.4byte	.LASF54
 948 0471 01       		.byte	0x1
 949 0472 C7       		.byte	0xc7
 950 0473 27       		.byte	0x27
 951 0474 94000000 		.4byte	0x94
ARM GAS  /tmp/ccYMl0pw.s 			page 22


 952 0478 01       		.byte	0x1
 953 0479 50       		.byte	0x50
 954 047a 00       		.byte	0
 955 047b 14       		.uleb128 0x14
 956 047c 01       		.byte	0x1
 957 047d DD010000 		.4byte	.LASF53
 958 0481 01       		.byte	0x1
 959 0482 AF       		.byte	0xaf
 960 0483 06       		.byte	0x6
 961 0484 01       		.byte	0x1
 962 0485 7C000000 		.4byte	.LFB32
 963 0489 94000000 		.4byte	.LFE32
 964 048d 02       		.byte	0x2
 965 048e 7D       		.byte	0x7d
 966 048f 00       		.sleb128 0
 967 0490 01       		.byte	0x1
 968 0491 B2040000 		.4byte	0x4b2
 969 0495 15       		.uleb128 0x15
 970 0496 22030000 		.4byte	.LASF55
 971 049a 01       		.byte	0x1
 972 049b AF       		.byte	0xaf
 973 049c 22       		.byte	0x22
 974 049d 83000000 		.4byte	0x83
 975 04a1 01       		.byte	0x1
 976 04a2 50       		.byte	0x50
 977 04a3 15       		.uleb128 0x15
 978 04a4 DE000000 		.4byte	.LASF56
 979 04a8 01       		.byte	0x1
 980 04a9 AF       		.byte	0xaf
 981 04aa 40       		.byte	0x40
 982 04ab F3030000 		.4byte	0x3f3
 983 04af 01       		.byte	0x1
 984 04b0 51       		.byte	0x51
 985 04b1 00       		.byte	0
 986 04b2 14       		.uleb128 0x14
 987 04b3 01       		.byte	0x1
 988 04b4 7C010000 		.4byte	.LASF57
 989 04b8 01       		.byte	0x1
 990 04b9 9C       		.byte	0x9c
 991 04ba 06       		.byte	0x6
 992 04bb 01       		.byte	0x1
 993 04bc 68000000 		.4byte	.LFB31
 994 04c0 7C000000 		.4byte	.LFE31
 995 04c4 02       		.byte	0x2
 996 04c5 7D       		.byte	0x7d
 997 04c6 00       		.sleb128 0
 998 04c7 01       		.byte	0x1
 999 04c8 EF040000 		.4byte	0x4ef
 1000 04cc 15       		.uleb128 0x15
 1001 04cd 0B030000 		.4byte	.LASF58
 1002 04d1 01       		.byte	0x1
 1003 04d2 9C       		.byte	0x9c
 1004 04d3 23       		.byte	0x23
 1005 04d4 94000000 		.4byte	0x94
 1006 04d8 01       		.byte	0x1
 1007 04d9 50       		.byte	0x50
 1008 04da 16       		.uleb128 0x16
ARM GAS  /tmp/ccYMl0pw.s 			page 23


 1009 04db 3F010000 		.4byte	.LASF60
 1010 04df 01       		.byte	0x1
 1011 04e0 9C       		.byte	0x9c
 1012 04e1 3A       		.byte	0x3a
 1013 04e2 94000000 		.4byte	0x94
 1014 04e6 04000000 		.4byte	.LLST6
 1015 04ea 00000000 		.4byte	.LVUS6
 1016 04ee 00       		.byte	0
 1017 04ef 17       		.uleb128 0x17
 1018 04f0 01       		.byte	0x1
 1019 04f1 77000000 		.4byte	.LASF59
 1020 04f5 01       		.byte	0x1
 1021 04f6 70       		.byte	0x70
 1022 04f7 06       		.byte	0x6
 1023 04f8 01       		.byte	0x1
 1024 04f9 14000000 		.4byte	.LFB30
 1025 04fd 68000000 		.4byte	.LFE30
 1026 0501 2B000000 		.4byte	.LLST1
 1027 0505 01       		.byte	0x1
 1028 0506 5B050000 		.4byte	0x55b
 1029 050a 16       		.uleb128 0x16
 1030 050b 44000000 		.4byte	.LASF61
 1031 050f 01       		.byte	0x1
 1032 0510 70       		.byte	0x70
 1033 0511 22       		.byte	0x22
 1034 0512 5B050000 		.4byte	0x55b
 1035 0516 51000000 		.4byte	.LLST2
 1036 051a 4B000000 		.4byte	.LVUS2
 1037 051e 18       		.uleb128 0x18
 1038 051f 29020000 		.4byte	.LASF62
 1039 0523 01       		.byte	0x1
 1040 0524 72       		.byte	0x72
 1041 0525 0C       		.byte	0xc
 1042 0526 94000000 		.4byte	0x94
 1043 052a 8F000000 		.4byte	.LLST3
 1044 052e 83000000 		.4byte	.LVUS3
 1045 0532 18       		.uleb128 0x18
 1046 0533 C6000000 		.4byte	.LASF63
 1047 0537 01       		.byte	0x1
 1048 0538 72       		.byte	0x72
 1049 0539 20       		.byte	0x20
 1050 053a 94000000 		.4byte	0x94
 1051 053e EA000000 		.4byte	.LLST4
 1052 0542 E2000000 		.4byte	.LVUS4
 1053 0546 18       		.uleb128 0x18
 1054 0547 D6010000 		.4byte	.LASF64
 1055 054b 01       		.byte	0x1
 1056 054c 72       		.byte	0x72
 1057 054d 2F       		.byte	0x2f
 1058 054e 94000000 		.4byte	0x94
 1059 0552 2C010000 		.4byte	.LLST5
 1060 0556 24010000 		.4byte	.LVUS5
 1061 055a 00       		.byte	0
 1062 055b 19       		.uleb128 0x19
 1063 055c 04       		.byte	0x4
 1064 055d 46040000 		.4byte	0x446
 1065 0561 1A       		.uleb128 0x1a
ARM GAS  /tmp/ccYMl0pw.s 			page 24


 1066 0562 01       		.byte	0x1
 1067 0563 A3030000 		.4byte	.LASF69
 1068 0567 01       		.byte	0x1
 1069 0568 60       		.byte	0x60
 1070 0569 06       		.byte	0x6
 1071 056a 01       		.byte	0x1
 1072 056b 00000000 		.4byte	.LFB29
 1073 056f 14000000 		.4byte	.LFE29
 1074 0573 02       		.byte	0x2
 1075 0574 7D       		.byte	0x7d
 1076 0575 00       		.sleb128 0
 1077 0576 01       		.byte	0x1
 1078 0577 16       		.uleb128 0x16
 1079 0578 54000000 		.4byte	.LASF65
 1080 057c 01       		.byte	0x1
 1081 057d 60       		.byte	0x60
 1082 057e 28       		.byte	0x28
 1083 057f 94000000 		.4byte	0x94
 1084 0583 6A010000 		.4byte	.LLST0
 1085 0587 66010000 		.4byte	.LVUS0
 1086 058b 00       		.byte	0
 1087 058c 00       		.byte	0
 1088              		.section	.debug_abbrev,"",%progbits
 1089              	.Ldebug_abbrev0:
 1090 0000 01       		.uleb128 0x1
 1091 0001 11       		.uleb128 0x11
 1092 0002 01       		.byte	0x1
 1093 0003 25       		.uleb128 0x25
 1094 0004 0E       		.uleb128 0xe
 1095 0005 13       		.uleb128 0x13
 1096 0006 0B       		.uleb128 0xb
 1097 0007 03       		.uleb128 0x3
 1098 0008 0E       		.uleb128 0xe
 1099 0009 1B       		.uleb128 0x1b
 1100 000a 0E       		.uleb128 0xe
 1101 000b 11       		.uleb128 0x11
 1102 000c 01       		.uleb128 0x1
 1103 000d 12       		.uleb128 0x12
 1104 000e 01       		.uleb128 0x1
 1105 000f 10       		.uleb128 0x10
 1106 0010 06       		.uleb128 0x6
 1107 0011 00       		.byte	0
 1108 0012 00       		.byte	0
 1109 0013 02       		.uleb128 0x2
 1110 0014 24       		.uleb128 0x24
 1111 0015 00       		.byte	0
 1112 0016 0B       		.uleb128 0xb
 1113 0017 0B       		.uleb128 0xb
 1114 0018 3E       		.uleb128 0x3e
 1115 0019 0B       		.uleb128 0xb
 1116 001a 03       		.uleb128 0x3
 1117 001b 0E       		.uleb128 0xe
 1118 001c 00       		.byte	0
 1119 001d 00       		.byte	0
 1120 001e 03       		.uleb128 0x3
 1121 001f 16       		.uleb128 0x16
 1122 0020 00       		.byte	0
ARM GAS  /tmp/ccYMl0pw.s 			page 25


 1123 0021 03       		.uleb128 0x3
 1124 0022 0E       		.uleb128 0xe
 1125 0023 3A       		.uleb128 0x3a
 1126 0024 0B       		.uleb128 0xb
 1127 0025 3B       		.uleb128 0x3b
 1128 0026 0B       		.uleb128 0xb
 1129 0027 39       		.uleb128 0x39
 1130 0028 0B       		.uleb128 0xb
 1131 0029 49       		.uleb128 0x49
 1132 002a 13       		.uleb128 0x13
 1133 002b 00       		.byte	0
 1134 002c 00       		.byte	0
 1135 002d 04       		.uleb128 0x4
 1136 002e 24       		.uleb128 0x24
 1137 002f 00       		.byte	0
 1138 0030 0B       		.uleb128 0xb
 1139 0031 0B       		.uleb128 0xb
 1140 0032 3E       		.uleb128 0x3e
 1141 0033 0B       		.uleb128 0xb
 1142 0034 03       		.uleb128 0x3
 1143 0035 08       		.uleb128 0x8
 1144 0036 00       		.byte	0
 1145 0037 00       		.byte	0
 1146 0038 05       		.uleb128 0x5
 1147 0039 35       		.uleb128 0x35
 1148 003a 00       		.byte	0
 1149 003b 49       		.uleb128 0x49
 1150 003c 13       		.uleb128 0x13
 1151 003d 00       		.byte	0
 1152 003e 00       		.byte	0
 1153 003f 06       		.uleb128 0x6
 1154 0040 26       		.uleb128 0x26
 1155 0041 00       		.byte	0
 1156 0042 49       		.uleb128 0x49
 1157 0043 13       		.uleb128 0x13
 1158 0044 00       		.byte	0
 1159 0045 00       		.byte	0
 1160 0046 07       		.uleb128 0x7
 1161 0047 13       		.uleb128 0x13
 1162 0048 01       		.byte	0x1
 1163 0049 0B       		.uleb128 0xb
 1164 004a 05       		.uleb128 0x5
 1165 004b 3A       		.uleb128 0x3a
 1166 004c 0B       		.uleb128 0xb
 1167 004d 3B       		.uleb128 0x3b
 1168 004e 0B       		.uleb128 0xb
 1169 004f 39       		.uleb128 0x39
 1170 0050 0B       		.uleb128 0xb
 1171 0051 01       		.uleb128 0x1
 1172 0052 13       		.uleb128 0x13
 1173 0053 00       		.byte	0
 1174 0054 00       		.byte	0
 1175 0055 08       		.uleb128 0x8
 1176 0056 0D       		.uleb128 0xd
 1177 0057 00       		.byte	0
 1178 0058 03       		.uleb128 0x3
 1179 0059 0E       		.uleb128 0xe
ARM GAS  /tmp/ccYMl0pw.s 			page 26


 1180 005a 3A       		.uleb128 0x3a
 1181 005b 0B       		.uleb128 0xb
 1182 005c 3B       		.uleb128 0x3b
 1183 005d 0B       		.uleb128 0xb
 1184 005e 39       		.uleb128 0x39
 1185 005f 0B       		.uleb128 0xb
 1186 0060 49       		.uleb128 0x49
 1187 0061 13       		.uleb128 0x13
 1188 0062 38       		.uleb128 0x38
 1189 0063 0A       		.uleb128 0xa
 1190 0064 00       		.byte	0
 1191 0065 00       		.byte	0
 1192 0066 09       		.uleb128 0x9
 1193 0067 0D       		.uleb128 0xd
 1194 0068 00       		.byte	0
 1195 0069 03       		.uleb128 0x3
 1196 006a 08       		.uleb128 0x8
 1197 006b 3A       		.uleb128 0x3a
 1198 006c 0B       		.uleb128 0xb
 1199 006d 3B       		.uleb128 0x3b
 1200 006e 0B       		.uleb128 0xb
 1201 006f 39       		.uleb128 0x39
 1202 0070 0B       		.uleb128 0xb
 1203 0071 49       		.uleb128 0x49
 1204 0072 13       		.uleb128 0x13
 1205 0073 38       		.uleb128 0x38
 1206 0074 0A       		.uleb128 0xa
 1207 0075 00       		.byte	0
 1208 0076 00       		.byte	0
 1209 0077 0A       		.uleb128 0xa
 1210 0078 01       		.uleb128 0x1
 1211 0079 01       		.byte	0x1
 1212 007a 49       		.uleb128 0x49
 1213 007b 13       		.uleb128 0x13
 1214 007c 01       		.uleb128 0x1
 1215 007d 13       		.uleb128 0x13
 1216 007e 00       		.byte	0
 1217 007f 00       		.byte	0
 1218 0080 0B       		.uleb128 0xb
 1219 0081 21       		.uleb128 0x21
 1220 0082 00       		.byte	0
 1221 0083 49       		.uleb128 0x49
 1222 0084 13       		.uleb128 0x13
 1223 0085 2F       		.uleb128 0x2f
 1224 0086 0B       		.uleb128 0xb
 1225 0087 00       		.byte	0
 1226 0088 00       		.byte	0
 1227 0089 0C       		.uleb128 0xc
 1228 008a 21       		.uleb128 0x21
 1229 008b 00       		.byte	0
 1230 008c 49       		.uleb128 0x49
 1231 008d 13       		.uleb128 0x13
 1232 008e 2F       		.uleb128 0x2f
 1233 008f 05       		.uleb128 0x5
 1234 0090 00       		.byte	0
 1235 0091 00       		.byte	0
 1236 0092 0D       		.uleb128 0xd
ARM GAS  /tmp/ccYMl0pw.s 			page 27


 1237 0093 13       		.uleb128 0x13
 1238 0094 01       		.byte	0x1
 1239 0095 0B       		.uleb128 0xb
 1240 0096 0B       		.uleb128 0xb
 1241 0097 3A       		.uleb128 0x3a
 1242 0098 0B       		.uleb128 0xb
 1243 0099 3B       		.uleb128 0x3b
 1244 009a 0B       		.uleb128 0xb
 1245 009b 39       		.uleb128 0x39
 1246 009c 0B       		.uleb128 0xb
 1247 009d 01       		.uleb128 0x1
 1248 009e 13       		.uleb128 0x13
 1249 009f 00       		.byte	0
 1250 00a0 00       		.byte	0
 1251 00a1 0E       		.uleb128 0xe
 1252 00a2 13       		.uleb128 0x13
 1253 00a3 01       		.byte	0x1
 1254 00a4 0B       		.uleb128 0xb
 1255 00a5 0B       		.uleb128 0xb
 1256 00a6 3A       		.uleb128 0x3a
 1257 00a7 0B       		.uleb128 0xb
 1258 00a8 3B       		.uleb128 0x3b
 1259 00a9 05       		.uleb128 0x5
 1260 00aa 39       		.uleb128 0x39
 1261 00ab 0B       		.uleb128 0xb
 1262 00ac 01       		.uleb128 0x1
 1263 00ad 13       		.uleb128 0x13
 1264 00ae 00       		.byte	0
 1265 00af 00       		.byte	0
 1266 00b0 0F       		.uleb128 0xf
 1267 00b1 0D       		.uleb128 0xd
 1268 00b2 00       		.byte	0
 1269 00b3 03       		.uleb128 0x3
 1270 00b4 0E       		.uleb128 0xe
 1271 00b5 3A       		.uleb128 0x3a
 1272 00b6 0B       		.uleb128 0xb
 1273 00b7 3B       		.uleb128 0x3b
 1274 00b8 05       		.uleb128 0x5
 1275 00b9 39       		.uleb128 0x39
 1276 00ba 0B       		.uleb128 0xb
 1277 00bb 49       		.uleb128 0x49
 1278 00bc 13       		.uleb128 0x13
 1279 00bd 38       		.uleb128 0x38
 1280 00be 0A       		.uleb128 0xa
 1281 00bf 00       		.byte	0
 1282 00c0 00       		.byte	0
 1283 00c1 10       		.uleb128 0x10
 1284 00c2 0D       		.uleb128 0xd
 1285 00c3 00       		.byte	0
 1286 00c4 03       		.uleb128 0x3
 1287 00c5 08       		.uleb128 0x8
 1288 00c6 3A       		.uleb128 0x3a
 1289 00c7 0B       		.uleb128 0xb
 1290 00c8 3B       		.uleb128 0x3b
 1291 00c9 05       		.uleb128 0x5
 1292 00ca 39       		.uleb128 0x39
 1293 00cb 0B       		.uleb128 0xb
ARM GAS  /tmp/ccYMl0pw.s 			page 28


 1294 00cc 49       		.uleb128 0x49
 1295 00cd 13       		.uleb128 0x13
 1296 00ce 38       		.uleb128 0x38
 1297 00cf 0A       		.uleb128 0xa
 1298 00d0 00       		.byte	0
 1299 00d1 00       		.byte	0
 1300 00d2 11       		.uleb128 0x11
 1301 00d3 16       		.uleb128 0x16
 1302 00d4 00       		.byte	0
 1303 00d5 03       		.uleb128 0x3
 1304 00d6 0E       		.uleb128 0xe
 1305 00d7 3A       		.uleb128 0x3a
 1306 00d8 0B       		.uleb128 0xb
 1307 00d9 3B       		.uleb128 0x3b
 1308 00da 05       		.uleb128 0x5
 1309 00db 39       		.uleb128 0x39
 1310 00dc 0B       		.uleb128 0xb
 1311 00dd 49       		.uleb128 0x49
 1312 00de 13       		.uleb128 0x13
 1313 00df 00       		.byte	0
 1314 00e0 00       		.byte	0
 1315 00e1 12       		.uleb128 0x12
 1316 00e2 04       		.uleb128 0x4
 1317 00e3 01       		.byte	0x1
 1318 00e4 3E       		.uleb128 0x3e
 1319 00e5 0B       		.uleb128 0xb
 1320 00e6 0B       		.uleb128 0xb
 1321 00e7 0B       		.uleb128 0xb
 1322 00e8 49       		.uleb128 0x49
 1323 00e9 13       		.uleb128 0x13
 1324 00ea 3A       		.uleb128 0x3a
 1325 00eb 0B       		.uleb128 0xb
 1326 00ec 3B       		.uleb128 0x3b
 1327 00ed 05       		.uleb128 0x5
 1328 00ee 39       		.uleb128 0x39
 1329 00ef 0B       		.uleb128 0xb
 1330 00f0 01       		.uleb128 0x1
 1331 00f1 13       		.uleb128 0x13
 1332 00f2 00       		.byte	0
 1333 00f3 00       		.byte	0
 1334 00f4 13       		.uleb128 0x13
 1335 00f5 28       		.uleb128 0x28
 1336 00f6 00       		.byte	0
 1337 00f7 03       		.uleb128 0x3
 1338 00f8 0E       		.uleb128 0xe
 1339 00f9 1C       		.uleb128 0x1c
 1340 00fa 0B       		.uleb128 0xb
 1341 00fb 00       		.byte	0
 1342 00fc 00       		.byte	0
 1343 00fd 14       		.uleb128 0x14
 1344 00fe 2E       		.uleb128 0x2e
 1345 00ff 01       		.byte	0x1
 1346 0100 3F       		.uleb128 0x3f
 1347 0101 0C       		.uleb128 0xc
 1348 0102 03       		.uleb128 0x3
 1349 0103 0E       		.uleb128 0xe
 1350 0104 3A       		.uleb128 0x3a
ARM GAS  /tmp/ccYMl0pw.s 			page 29


 1351 0105 0B       		.uleb128 0xb
 1352 0106 3B       		.uleb128 0x3b
 1353 0107 0B       		.uleb128 0xb
 1354 0108 39       		.uleb128 0x39
 1355 0109 0B       		.uleb128 0xb
 1356 010a 27       		.uleb128 0x27
 1357 010b 0C       		.uleb128 0xc
 1358 010c 11       		.uleb128 0x11
 1359 010d 01       		.uleb128 0x1
 1360 010e 12       		.uleb128 0x12
 1361 010f 01       		.uleb128 0x1
 1362 0110 40       		.uleb128 0x40
 1363 0111 0A       		.uleb128 0xa
 1364 0112 9742     		.uleb128 0x2117
 1365 0114 0C       		.uleb128 0xc
 1366 0115 01       		.uleb128 0x1
 1367 0116 13       		.uleb128 0x13
 1368 0117 00       		.byte	0
 1369 0118 00       		.byte	0
 1370 0119 15       		.uleb128 0x15
 1371 011a 05       		.uleb128 0x5
 1372 011b 00       		.byte	0
 1373 011c 03       		.uleb128 0x3
 1374 011d 0E       		.uleb128 0xe
 1375 011e 3A       		.uleb128 0x3a
 1376 011f 0B       		.uleb128 0xb
 1377 0120 3B       		.uleb128 0x3b
 1378 0121 0B       		.uleb128 0xb
 1379 0122 39       		.uleb128 0x39
 1380 0123 0B       		.uleb128 0xb
 1381 0124 49       		.uleb128 0x49
 1382 0125 13       		.uleb128 0x13
 1383 0126 02       		.uleb128 0x2
 1384 0127 0A       		.uleb128 0xa
 1385 0128 00       		.byte	0
 1386 0129 00       		.byte	0
 1387 012a 16       		.uleb128 0x16
 1388 012b 05       		.uleb128 0x5
 1389 012c 00       		.byte	0
 1390 012d 03       		.uleb128 0x3
 1391 012e 0E       		.uleb128 0xe
 1392 012f 3A       		.uleb128 0x3a
 1393 0130 0B       		.uleb128 0xb
 1394 0131 3B       		.uleb128 0x3b
 1395 0132 0B       		.uleb128 0xb
 1396 0133 39       		.uleb128 0x39
 1397 0134 0B       		.uleb128 0xb
 1398 0135 49       		.uleb128 0x49
 1399 0136 13       		.uleb128 0x13
 1400 0137 02       		.uleb128 0x2
 1401 0138 06       		.uleb128 0x6
 1402 0139 B742     		.uleb128 0x2137
 1403 013b 06       		.uleb128 0x6
 1404 013c 00       		.byte	0
 1405 013d 00       		.byte	0
 1406 013e 17       		.uleb128 0x17
 1407 013f 2E       		.uleb128 0x2e
ARM GAS  /tmp/ccYMl0pw.s 			page 30


 1408 0140 01       		.byte	0x1
 1409 0141 3F       		.uleb128 0x3f
 1410 0142 0C       		.uleb128 0xc
 1411 0143 03       		.uleb128 0x3
 1412 0144 0E       		.uleb128 0xe
 1413 0145 3A       		.uleb128 0x3a
 1414 0146 0B       		.uleb128 0xb
 1415 0147 3B       		.uleb128 0x3b
 1416 0148 0B       		.uleb128 0xb
 1417 0149 39       		.uleb128 0x39
 1418 014a 0B       		.uleb128 0xb
 1419 014b 27       		.uleb128 0x27
 1420 014c 0C       		.uleb128 0xc
 1421 014d 11       		.uleb128 0x11
 1422 014e 01       		.uleb128 0x1
 1423 014f 12       		.uleb128 0x12
 1424 0150 01       		.uleb128 0x1
 1425 0151 40       		.uleb128 0x40
 1426 0152 06       		.uleb128 0x6
 1427 0153 9742     		.uleb128 0x2117
 1428 0155 0C       		.uleb128 0xc
 1429 0156 01       		.uleb128 0x1
 1430 0157 13       		.uleb128 0x13
 1431 0158 00       		.byte	0
 1432 0159 00       		.byte	0
 1433 015a 18       		.uleb128 0x18
 1434 015b 34       		.uleb128 0x34
 1435 015c 00       		.byte	0
 1436 015d 03       		.uleb128 0x3
 1437 015e 0E       		.uleb128 0xe
 1438 015f 3A       		.uleb128 0x3a
 1439 0160 0B       		.uleb128 0xb
 1440 0161 3B       		.uleb128 0x3b
 1441 0162 0B       		.uleb128 0xb
 1442 0163 39       		.uleb128 0x39
 1443 0164 0B       		.uleb128 0xb
 1444 0165 49       		.uleb128 0x49
 1445 0166 13       		.uleb128 0x13
 1446 0167 02       		.uleb128 0x2
 1447 0168 06       		.uleb128 0x6
 1448 0169 B742     		.uleb128 0x2137
 1449 016b 06       		.uleb128 0x6
 1450 016c 00       		.byte	0
 1451 016d 00       		.byte	0
 1452 016e 19       		.uleb128 0x19
 1453 016f 0F       		.uleb128 0xf
 1454 0170 00       		.byte	0
 1455 0171 0B       		.uleb128 0xb
 1456 0172 0B       		.uleb128 0xb
 1457 0173 49       		.uleb128 0x49
 1458 0174 13       		.uleb128 0x13
 1459 0175 00       		.byte	0
 1460 0176 00       		.byte	0
 1461 0177 1A       		.uleb128 0x1a
 1462 0178 2E       		.uleb128 0x2e
 1463 0179 01       		.byte	0x1
 1464 017a 3F       		.uleb128 0x3f
ARM GAS  /tmp/ccYMl0pw.s 			page 31


 1465 017b 0C       		.uleb128 0xc
 1466 017c 03       		.uleb128 0x3
 1467 017d 0E       		.uleb128 0xe
 1468 017e 3A       		.uleb128 0x3a
 1469 017f 0B       		.uleb128 0xb
 1470 0180 3B       		.uleb128 0x3b
 1471 0181 0B       		.uleb128 0xb
 1472 0182 39       		.uleb128 0x39
 1473 0183 0B       		.uleb128 0xb
 1474 0184 27       		.uleb128 0x27
 1475 0185 0C       		.uleb128 0xc
 1476 0186 11       		.uleb128 0x11
 1477 0187 01       		.uleb128 0x1
 1478 0188 12       		.uleb128 0x12
 1479 0189 01       		.uleb128 0x1
 1480 018a 40       		.uleb128 0x40
 1481 018b 0A       		.uleb128 0xa
 1482 018c 9742     		.uleb128 0x2117
 1483 018e 0C       		.uleb128 0xc
 1484 018f 00       		.byte	0
 1485 0190 00       		.byte	0
 1486 0191 00       		.byte	0
 1487              		.section	.debug_loc,"",%progbits
 1488              	.Ldebug_loc0:
 1489              	.LVUS6:
 1490 0000 00       		.uleb128 0
 1491 0001 00       		.uleb128 .LVU55
 1492 0002 00       		.uleb128 .LVU55
 1493 0003 00       		.uleb128 0
 1494              	.LLST6:
 1495 0004 68000000 		.4byte	.LVL15-.Ltext0
 1496 0008 6C000000 		.4byte	.LVL16-.Ltext0
 1497 000c 0100     		.2byte	0x1
 1498 000e 51       		.byte	0x51
 1499 000f 6C000000 		.4byte	.LVL16-.Ltext0
 1500 0013 7C000000 		.4byte	.LFE31-.Ltext0
 1501 0017 0A00     		.2byte	0xa
 1502 0019 F3       		.byte	0xf3
 1503 001a 03       		.uleb128 0x3
 1504 001b F5       		.byte	0xf5
 1505 001c 01       		.uleb128 0x1
 1506 001d 25       		.uleb128 0x25
 1507 001e F7       		.byte	0xf7
 1508 001f 2C       		.uleb128 0x2c
 1509 0020 F7       		.byte	0xf7
 1510 0021 00       		.uleb128 0
 1511 0022 9F       		.byte	0x9f
 1512 0023 00000000 		.4byte	0
 1513 0027 00000000 		.4byte	0
 1514              	.LLST1:
 1515 002b 14000000 		.4byte	.LFB30-.Ltext0
 1516 002f 16000000 		.4byte	.LCFI0-.Ltext0
 1517 0033 0200     		.2byte	0x2
 1518 0035 7D       		.byte	0x7d
 1519 0036 00       		.sleb128 0
 1520 0037 16000000 		.4byte	.LCFI0-.Ltext0
 1521 003b 68000000 		.4byte	.LFE30-.Ltext0
ARM GAS  /tmp/ccYMl0pw.s 			page 32


 1522 003f 0200     		.2byte	0x2
 1523 0041 7D       		.byte	0x7d
 1524 0042 10       		.sleb128 16
 1525 0043 00000000 		.4byte	0
 1526 0047 00000000 		.4byte	0
 1527              	.LVUS2:
 1528 004b 00       		.uleb128 0
 1529 004c 00       		.uleb128 .LVU36
 1530 004d 00       		.uleb128 .LVU36
 1531 004e 00       		.uleb128 .LVU47
 1532 004f 00       		.uleb128 .LVU47
 1533 0050 00       		.uleb128 0
 1534              	.LLST2:
 1535 0051 14000000 		.4byte	.LVL2-.Ltext0
 1536 0055 3C000000 		.4byte	.LVL7-.Ltext0
 1537 0059 0100     		.2byte	0x1
 1538 005b 50       		.byte	0x50
 1539 005c 3C000000 		.4byte	.LVL7-.Ltext0
 1540 0060 54000000 		.4byte	.LVL14-.Ltext0
 1541 0064 0A00     		.2byte	0xa
 1542 0066 F3       		.byte	0xf3
 1543 0067 03       		.uleb128 0x3
 1544 0068 F5       		.byte	0xf5
 1545 0069 00       		.uleb128 0
 1546 006a 25       		.uleb128 0x25
 1547 006b F7       		.byte	0xf7
 1548 006c 2C       		.uleb128 0x2c
 1549 006d F7       		.byte	0xf7
 1550 006e 00       		.uleb128 0
 1551 006f 9F       		.byte	0x9f
 1552 0070 54000000 		.4byte	.LVL14-.Ltext0
 1553 0074 68000000 		.4byte	.LFE30-.Ltext0
 1554 0078 0100     		.2byte	0x1
 1555 007a 50       		.byte	0x50
 1556 007b 00000000 		.4byte	0
 1557 007f 00000000 		.4byte	0
 1558              	.LVUS3:
 1559 0083 02       		.uleb128 .LVU10
 1560 0084 00       		.uleb128 .LVU28
 1561 0085 00       		.uleb128 .LVU28
 1562 0086 00       		.uleb128 .LVU33
 1563 0087 00       		.uleb128 .LVU33
 1564 0088 01       		.uleb128 .LVU39
 1565 0089 01       		.uleb128 .LVU39
 1566 008a 00       		.uleb128 .LVU42
 1567 008b 00       		.uleb128 .LVU43
 1568 008c 00       		.uleb128 .LVU46
 1569 008d 00       		.uleb128 .LVU47
 1570 008e 00       		.uleb128 0
 1571              	.LLST3:
 1572 008f 14000000 		.4byte	.LVL2-.Ltext0
 1573 0093 32000000 		.4byte	.LVL3-.Ltext0
 1574 0097 0200     		.2byte	0x2
 1575 0099 30       		.byte	0x30
 1576 009a 9F       		.byte	0x9f
 1577 009b 32000000 		.4byte	.LVL3-.Ltext0
 1578 009f 38000000 		.4byte	.LVL5-.Ltext0
ARM GAS  /tmp/ccYMl0pw.s 			page 33


 1579 00a3 0100     		.2byte	0x1
 1580 00a5 52       		.byte	0x52
 1581 00a6 38000000 		.4byte	.LVL5-.Ltext0
 1582 00aa 42000000 		.4byte	.LVL9-.Ltext0
 1583 00ae 0100     		.2byte	0x1
 1584 00b0 56       		.byte	0x56
 1585 00b1 42000000 		.4byte	.LVL9-.Ltext0
 1586 00b5 46000000 		.4byte	.LVL11-.Ltext0
 1587 00b9 0800     		.2byte	0x8
 1588 00bb 73       		.byte	0x73
 1589 00bc 00       		.sleb128 0
 1590 00bd 76       		.byte	0x76
 1591 00be 00       		.sleb128 0
 1592 00bf 21       		.byte	0x21
 1593 00c0 34       		.byte	0x34
 1594 00c1 24       		.byte	0x24
 1595 00c2 9F       		.byte	0x9f
 1596 00c3 48000000 		.4byte	.LVL12-.Ltext0
 1597 00c7 52000000 		.4byte	.LVL13-.Ltext0
 1598 00cb 0100     		.2byte	0x1
 1599 00cd 53       		.byte	0x53
 1600 00ce 54000000 		.4byte	.LVL14-.Ltext0
 1601 00d2 68000000 		.4byte	.LFE30-.Ltext0
 1602 00d6 0200     		.2byte	0x2
 1603 00d8 30       		.byte	0x30
 1604 00d9 9F       		.byte	0x9f
 1605 00da 00000000 		.4byte	0
 1606 00de 00000000 		.4byte	0
 1607              	.LVUS4:
 1608 00e2 02       		.uleb128 .LVU10
 1609 00e3 00       		.uleb128 .LVU30
 1610 00e4 00       		.uleb128 .LVU30
 1611 00e5 00       		.uleb128 .LVU35
 1612 00e6 00       		.uleb128 .LVU35
 1613 00e7 00       		.uleb128 .LVU37
 1614 00e8 00       		.uleb128 .LVU47
 1615 00e9 00       		.uleb128 0
 1616              	.LLST4:
 1617 00ea 14000000 		.4byte	.LVL2-.Ltext0
 1618 00ee 36000000 		.4byte	.LVL4-.Ltext0
 1619 00f2 0200     		.2byte	0x2
 1620 00f4 30       		.byte	0x30
 1621 00f5 9F       		.byte	0x9f
 1622 00f6 36000000 		.4byte	.LVL4-.Ltext0
 1623 00fa 3A000000 		.4byte	.LVL6-.Ltext0
 1624 00fe 0100     		.2byte	0x1
 1625 0100 53       		.byte	0x53
 1626 0101 3A000000 		.4byte	.LVL6-.Ltext0
 1627 0105 40000000 		.4byte	.LVL8-.Ltext0
 1628 0109 0500     		.2byte	0x5
 1629 010b 34       		.byte	0x34
 1630 010c 72       		.byte	0x72
 1631 010d 00       		.sleb128 0
 1632 010e 1C       		.byte	0x1c
 1633 010f 9F       		.byte	0x9f
 1634 0110 54000000 		.4byte	.LVL14-.Ltext0
 1635 0114 68000000 		.4byte	.LFE30-.Ltext0
ARM GAS  /tmp/ccYMl0pw.s 			page 34


 1636 0118 0200     		.2byte	0x2
 1637 011a 30       		.byte	0x30
 1638 011b 9F       		.byte	0x9f
 1639 011c 00000000 		.4byte	0
 1640 0120 00000000 		.4byte	0
 1641              	.LVUS5:
 1642 0124 02       		.uleb128 .LVU10
 1643 0125 01       		.uleb128 .LVU31
 1644 0126 01       		.uleb128 .LVU31
 1645 0127 00       		.uleb128 .LVU37
 1646 0128 00       		.uleb128 .LVU37
 1647 0129 00       		.uleb128 .LVU41
 1648 012a 00       		.uleb128 .LVU47
 1649 012b 00       		.uleb128 0
 1650              	.LLST5:
 1651 012c 14000000 		.4byte	.LVL2-.Ltext0
 1652 0130 36000000 		.4byte	.LVL4-.Ltext0
 1653 0134 0200     		.2byte	0x2
 1654 0136 3F       		.byte	0x3f
 1655 0137 9F       		.byte	0x9f
 1656 0138 36000000 		.4byte	.LVL4-.Ltext0
 1657 013c 40000000 		.4byte	.LVL8-.Ltext0
 1658 0140 0500     		.2byte	0x5
 1659 0142 3F       		.byte	0x3f
 1660 0143 72       		.byte	0x72
 1661 0144 00       		.sleb128 0
 1662 0145 25       		.byte	0x25
 1663 0146 9F       		.byte	0x9f
 1664 0147 40000000 		.4byte	.LVL8-.Ltext0
 1665 014b 44000000 		.4byte	.LVL10-.Ltext0
 1666 014f 0100     		.2byte	0x1
 1667 0151 52       		.byte	0x52
 1668 0152 54000000 		.4byte	.LVL14-.Ltext0
 1669 0156 68000000 		.4byte	.LFE30-.Ltext0
 1670 015a 0200     		.2byte	0x2
 1671 015c 3F       		.byte	0x3f
 1672 015d 9F       		.byte	0x9f
 1673 015e 00000000 		.4byte	0
 1674 0162 00000000 		.4byte	0
 1675              	.LVUS0:
 1676 0166 00       		.uleb128 0
 1677 0167 00       		.uleb128 .LVU5
 1678 0168 00       		.uleb128 .LVU5
 1679 0169 00       		.uleb128 0
 1680              	.LLST0:
 1681 016a 00000000 		.4byte	.LVL0-.Ltext0
 1682 016e 06000000 		.4byte	.LVL1-.Ltext0
 1683 0172 0100     		.2byte	0x1
 1684 0174 50       		.byte	0x50
 1685 0175 06000000 		.4byte	.LVL1-.Ltext0
 1686 0179 14000000 		.4byte	.LFE29-.Ltext0
 1687 017d 0A00     		.2byte	0xa
 1688 017f F3       		.byte	0xf3
 1689 0180 03       		.uleb128 0x3
 1690 0181 F5       		.byte	0xf5
 1691 0182 00       		.uleb128 0
 1692 0183 25       		.uleb128 0x25
ARM GAS  /tmp/ccYMl0pw.s 			page 35


 1693 0184 F7       		.byte	0xf7
 1694 0185 2C       		.uleb128 0x2c
 1695 0186 F7       		.byte	0xf7
 1696 0187 00       		.uleb128 0
 1697 0188 9F       		.byte	0x9f
 1698 0189 00000000 		.4byte	0
 1699 018d 00000000 		.4byte	0
 1700              		.section	.debug_aranges,"",%progbits
 1701 0000 1C000000 		.4byte	0x1c
 1702 0004 0200     		.2byte	0x2
 1703 0006 00000000 		.4byte	.Ldebug_info0
 1704 000a 04       		.byte	0x4
 1705 000b 00       		.byte	0
 1706 000c 0000     		.2byte	0
 1707 000e 0000     		.2byte	0
 1708 0010 00000000 		.4byte	.Ltext0
 1709 0014 AA000000 		.4byte	.Letext0-.Ltext0
 1710 0018 00000000 		.4byte	0
 1711 001c 00000000 		.4byte	0
 1712              		.section	.debug_line,"",%progbits
 1713              	.Ldebug_line0:
 1714 0000 96020000 		.section	.debug_str,"MS",%progbits,1
 1714      03005E01 
 1714      00000201 
 1714      FB0E0D00 
 1714      01010101 
 1715              	.LASF12:
 1716 0000 75696E74 		.ascii	"uint32_t\000"
 1716      33325F74 
 1716      00
 1717              	.LASF21:
 1718 0009 49414252 		.ascii	"IABR\000"
 1718      00
 1719              	.LASF51:
 1720 000e 4E564943 		.ascii	"NVIC_InitTypeDef\000"
 1720      5F496E69 
 1720      74547970 
 1720      65446566 
 1720      00
 1721              	.LASF50:
 1722 001f 4E564943 		.ascii	"NVIC_IRQChannelCmd\000"
 1722      5F495251 
 1722      4368616E 
 1722      6E656C43 
 1722      6D6400
 1723              	.LASF54:
 1724 0032 53797354 		.ascii	"SysTick_CLKSource\000"
 1724      69636B5F 
 1724      434C4B53 
 1724      6F757263 
 1724      6500
 1725              	.LASF61:
 1726 0044 4E564943 		.ascii	"NVIC_InitStruct\000"
 1726      5F496E69 
 1726      74537472 
 1726      75637400 
 1727              	.LASF65:
ARM GAS  /tmp/ccYMl0pw.s 			page 36


 1728 0054 4E564943 		.ascii	"NVIC_PriorityGroup\000"
 1728      5F507269 
 1728      6F726974 
 1728      7947726F 
 1728      757000
 1729              	.LASF34:
 1730 0067 4D4D4641 		.ascii	"MMFAR\000"
 1730      5200
 1731              	.LASF4:
 1732 006d 73686F72 		.ascii	"short int\000"
 1732      7420696E 
 1732      7400
 1733              	.LASF59:
 1734 0077 4E564943 		.ascii	"NVIC_Init\000"
 1734      5F496E69 
 1734      7400
 1735              	.LASF67:
 1736 0081 73746D33 		.ascii	"stm32f10x_lib/STM32F10x_StdPeriph_Driver/src/misc.c"
 1736      32663130 
 1736      785F6C69 
 1736      622F5354 
 1736      4D333246 
 1737 00b4 00       		.ascii	"\000"
 1738              	.LASF8:
 1739 00b5 5F5F7569 		.ascii	"__uint32_t\000"
 1739      6E743332 
 1739      5F7400
 1740              	.LASF26:
 1741 00c0 43505549 		.ascii	"CPUID\000"
 1741      4400
 1742              	.LASF63:
 1743 00c6 746D7070 		.ascii	"tmppre\000"
 1743      726500
 1744              	.LASF11:
 1745 00cd 75696E74 		.ascii	"uint8_t\000"
 1745      385F7400 
 1746              	.LASF39:
 1747 00d5 5343425F 		.ascii	"SCB_Type\000"
 1747      54797065 
 1747      00
 1748              	.LASF56:
 1749 00de 4E657753 		.ascii	"NewState\000"
 1749      74617465 
 1749      00
 1750              	.LASF24:
 1751 00e7 53544952 		.ascii	"STIR\000"
 1751      00
 1752              	.LASF68:
 1753 00ec 2F686F6D 		.ascii	"/home/yaolin/project/stm32/stm32f10x_makefile_templ"
 1753      652F7961 
 1753      6F6C696E 
 1753      2F70726F 
 1753      6A656374 
 1754 011f 61746500 		.ascii	"ate\000"
 1755              	.LASF27:
 1756 0123 49435352 		.ascii	"ICSR\000"
 1756      00
ARM GAS  /tmp/ccYMl0pw.s 			page 37


 1757              	.LASF16:
 1758 0128 52534552 		.ascii	"RSERVED1\000"
 1758      56454431 
 1758      00
 1759              	.LASF10:
 1760 0131 6C6F6E67 		.ascii	"long long int\000"
 1760      206C6F6E 
 1760      6720696E 
 1760      7400
 1761              	.LASF60:
 1762 013f 4F666673 		.ascii	"Offset\000"
 1762      657400
 1763              	.LASF35:
 1764 0146 42464152 		.ascii	"BFAR\000"
 1764      00
 1765              	.LASF6:
 1766 014b 6C6F6E67 		.ascii	"long int\000"
 1766      20696E74 
 1766      00
 1767              	.LASF7:
 1768 0154 5F5F7569 		.ascii	"__uint8_t\000"
 1768      6E74385F 
 1768      7400
 1769              	.LASF31:
 1770 015e 43465352 		.ascii	"CFSR\000"
 1770      00
 1771              	.LASF29:
 1772 0163 41495243 		.ascii	"AIRCR\000"
 1772      5200
 1773              	.LASF3:
 1774 0169 756E7369 		.ascii	"unsigned char\000"
 1774      676E6564 
 1774      20636861 
 1774      7200
 1775              	.LASF40:
 1776 0177 4354524C 		.ascii	"CTRL\000"
 1776      00
 1777              	.LASF57:
 1778 017c 4E564943 		.ascii	"NVIC_SetVectorTable\000"
 1778      5F536574 
 1778      56656374 
 1778      6F725461 
 1778      626C6500 
 1779              	.LASF19:
 1780 0190 49435052 		.ascii	"ICPR\000"
 1780      00
 1781              	.LASF2:
 1782 0195 7369676E 		.ascii	"signed char\000"
 1782      65642063 
 1782      68617200 
 1783              	.LASF0:
 1784 01a1 6C6F6E67 		.ascii	"long long unsigned int\000"
 1784      206C6F6E 
 1784      6720756E 
 1784      7369676E 
 1784      65642069 
 1785              	.LASF42:
ARM GAS  /tmp/ccYMl0pw.s 			page 38


 1786 01b8 43414C49 		.ascii	"CALIB\000"
 1786      4200
 1787              	.LASF30:
 1788 01be 53484353 		.ascii	"SHCSR\000"
 1788      5200
 1789              	.LASF1:
 1790 01c4 756E7369 		.ascii	"unsigned int\000"
 1790      676E6564 
 1790      20696E74 
 1790      00
 1791              	.LASF15:
 1792 01d1 49434552 		.ascii	"ICER\000"
 1792      00
 1793              	.LASF64:
 1794 01d6 746D7073 		.ascii	"tmpsub\000"
 1794      756200
 1795              	.LASF53:
 1796 01dd 4E564943 		.ascii	"NVIC_SystemLPConfig\000"
 1796      5F537973 
 1796      74656D4C 
 1796      50436F6E 
 1796      66696700 
 1797              	.LASF52:
 1798 01f1 53797354 		.ascii	"SysTick_CLKSourceConfig\000"
 1798      69636B5F 
 1798      434C4B53 
 1798      6F757263 
 1798      65436F6E 
 1799              	.LASF43:
 1800 0209 53797354 		.ascii	"SysTick_Type\000"
 1800      69636B5F 
 1800      54797065 
 1800      00
 1801              	.LASF5:
 1802 0216 73686F72 		.ascii	"short unsigned int\000"
 1802      7420756E 
 1802      7369676E 
 1802      65642069 
 1802      6E7400
 1803              	.LASF62:
 1804 0229 746D7070 		.ascii	"tmppriority\000"
 1804      72696F72 
 1804      69747900 
 1805              	.LASF28:
 1806 0235 56544F52 		.ascii	"VTOR\000"
 1806      00
 1807              	.LASF44:
 1808 023a 44495341 		.ascii	"DISABLE\000"
 1808      424C4500 
 1809              	.LASF38:
 1810 0242 49534152 		.ascii	"ISAR\000"
 1810      00
 1811              	.LASF17:
 1812 0247 49535052 		.ascii	"ISPR\000"
 1812      00
 1813              	.LASF33:
 1814 024c 44465352 		.ascii	"DFSR\000"
ARM GAS  /tmp/ccYMl0pw.s 			page 39


 1814      00
 1815              	.LASF47:
 1816 0251 4E564943 		.ascii	"NVIC_IRQChannel\000"
 1816      5F495251 
 1816      4368616E 
 1816      6E656C00 
 1817              	.LASF49:
 1818 0261 4E564943 		.ascii	"NVIC_IRQChannelSubPriority\000"
 1818      5F495251 
 1818      4368616E 
 1818      6E656C53 
 1818      75625072 
 1819              	.LASF32:
 1820 027c 48465352 		.ascii	"HFSR\000"
 1820      00
 1821              	.LASF13:
 1822 0281 49534552 		.ascii	"ISER\000"
 1822      00
 1823              	.LASF37:
 1824 0286 4D4D4652 		.ascii	"MMFR\000"
 1824      00
 1825              	.LASF14:
 1826 028b 52455345 		.ascii	"RESERVED0\000"
 1826      52564544 
 1826      3000
 1827              	.LASF18:
 1828 0295 52455345 		.ascii	"RESERVED2\000"
 1828      52564544 
 1828      3200
 1829              	.LASF20:
 1830 029f 52455345 		.ascii	"RESERVED3\000"
 1830      52564544 
 1830      3300
 1831              	.LASF22:
 1832 02a9 52455345 		.ascii	"RESERVED4\000"
 1832      52564544 
 1832      3400
 1833              	.LASF23:
 1834 02b3 52455345 		.ascii	"RESERVED5\000"
 1834      52564544 
 1834      3500
 1835              	.LASF9:
 1836 02bd 6C6F6E67 		.ascii	"long unsigned int\000"
 1836      20756E73 
 1836      69676E65 
 1836      6420696E 
 1836      7400
 1837              	.LASF25:
 1838 02cf 4E564943 		.ascii	"NVIC_Type\000"
 1838      5F547970 
 1838      6500
 1839              	.LASF48:
 1840 02d9 4E564943 		.ascii	"NVIC_IRQChannelPreemptionPriority\000"
 1840      5F495251 
 1840      4368616E 
 1840      6E656C50 
 1840      7265656D 
ARM GAS  /tmp/ccYMl0pw.s 			page 40


 1841              	.LASF46:
 1842 02fb 46756E63 		.ascii	"FunctionalState\000"
 1842      74696F6E 
 1842      616C5374 
 1842      61746500 
 1843              	.LASF58:
 1844 030b 4E564943 		.ascii	"NVIC_VectTab\000"
 1844      5F566563 
 1844      74546162 
 1844      00
 1845              	.LASF41:
 1846 0318 4C4F4144 		.ascii	"LOAD\000"
 1846      00
 1847              	.LASF36:
 1848 031d 41465352 		.ascii	"AFSR\000"
 1848      00
 1849              	.LASF55:
 1850 0322 4C6F7750 		.ascii	"LowPowerMode\000"
 1850      6F776572 
 1850      4D6F6465 
 1850      00
 1851              	.LASF66:
 1852 032f 474E5520 		.ascii	"GNU C23 16.2.0 -mcpu=cortex-m3 -mthumb -mfloat-abi="
 1852      43323320 
 1852      31362E32 
 1852      2E30202D 
 1852      6D637075 
 1853 0362 736F6674 		.ascii	"soft -march=armv7-m -g -gdwarf-2 -Os -fomit-frame-p"
 1853      202D6D61 
 1853      7263683D 
 1853      61726D76 
 1853      372D6D20 
 1854 0395 6F696E74 		.ascii	"ointer\000"
 1854      657200
 1855              	.LASF45:
 1856 039c 454E4142 		.ascii	"ENABLE\000"
 1856      4C4500
 1857              	.LASF69:
 1858 03a3 4E564943 		.ascii	"NVIC_PriorityGroupConfig\000"
 1858      5F507269 
 1858      6F726974 
 1858      7947726F 
 1858      7570436F 
 1859              		.ident	"GCC: (Arch Repository) 16.2.0"
ARM GAS  /tmp/ccYMl0pw.s 			page 41


DEFINED SYMBOLS
                            *ABS*:00000000 misc.c
     /tmp/ccYMl0pw.s:23     .text:00000000 $t
     /tmp/ccYMl0pw.s:29     .text:00000000 NVIC_PriorityGroupConfig
     /tmp/ccYMl0pw.s:57     .text:00000010 $d
     /tmp/ccYMl0pw.s:61     .text:00000014 $t
     /tmp/ccYMl0pw.s:67     .text:00000014 NVIC_Init
     /tmp/ccYMl0pw.s:193    .text:00000060 $d
     /tmp/ccYMl0pw.s:198    .text:00000068 $t
     /tmp/ccYMl0pw.s:204    .text:00000068 NVIC_SetVectorTable
     /tmp/ccYMl0pw.s:237    .text:00000078 $d
     /tmp/ccYMl0pw.s:241    .text:0000007c $t
     /tmp/ccYMl0pw.s:247    .text:0000007c NVIC_SystemLPConfig
     /tmp/ccYMl0pw.s:285    .text:00000090 $d
     /tmp/ccYMl0pw.s:289    .text:00000094 $t
     /tmp/ccYMl0pw.s:295    .text:00000094 SysTick_CLKSourceConfig

NO UNDEFINED SYMBOLS
