ARM GAS  /tmp/cccmuhaV.s 			page 1


   1              		.cpu cortex-m3
   2              		.arch armv7-m
   3              		.fpu softvfp
   4              		.eabi_attribute 20, 1	@ Tag_ABI_FP_denormal
   5              		.eabi_attribute 21, 1	@ Tag_ABI_FP_exceptions
   6              		.eabi_attribute 23, 3	@ Tag_ABI_FP_number_model
   7              		.eabi_attribute 24, 1	@ Tag_ABI_align8_needed
   8              		.eabi_attribute 25, 1	@ Tag_ABI_align8_preserved
   9              		.eabi_attribute 26, 1	@ Tag_ABI_enum_size
  10              		.eabi_attribute 30, 4	@ Tag_ABI_optimization_goals
  11              		.eabi_attribute 34, 1	@ Tag_CPU_unaligned_access
  12              		.eabi_attribute 18, 4	@ Tag_ABI_PCS_wchar_t
  13              		.file	"main.c"
  14              	@ GNU C23 (Arch Repository) version 16.2.0 (arm-none-eabi)
  15              	@	compiled by GNU C version 16.2.1 20260810, GMP version 6.3.0, MPFR version 4.2.2, MPC version 1.4
  16              	
  17              	@ GGC heuristics: --param ggc-min-expand=100 --param ggc-min-heapsize=131072
  18              	@ options passed: -mcpu=cortex-m3 -mthumb -mfloat-abi=soft -march=armv7-m -g -gdwarf-2 -Os -fomit-f
  19              		.text
  20              	.Ltext0:
  21              		.cfi_sections	.debug_frame
  22              		.file 1 "user/main.c"
  23              		.align	1
  24              		.global	Delay
  25              		.syntax unified
  26              		.thumb
  27              		.thumb_func
  28              		.type	Delay, %function
  29              	Delay:
  30              	.LVL0:
  31              	.LFB29:
   1:user/main.c   **** #include "stm32f10x.h"
   2:user/main.c   **** 
   3:user/main.c   **** void Delay(__IO uint32_t nCount)
   4:user/main.c   **** {
  32              		.loc 1 4 1 view -0
  33              		.cfi_startproc
  34              		@ args = 0, pretend = 0, frame = 8
  35              		@ frame_needed = 0, uses_anonymous_args = 0
  36              		@ link register save eliminated.
  37              		.loc 1 4 1 is_stmt 0 view .LVU1
  38 0000 82B0     		sub	sp, sp, #8	@,,
  39              	.LCFI0:
  40              		.cfi_def_cfa_offset 8
  41 0002 0190     		str	r0, [sp, #4]	@ nCount, nCount
   5:user/main.c   ****     for (; nCount != 0; nCount--);
  42              		.loc 1 5 5 is_stmt 1 view .LVU2
  43              	.L2:
  44              		.loc 1 5 19 discriminator 2 view .LVU3
  45 0004 019B     		ldr	r3, [sp, #4]	@ nCount.1_3, nCount
  46 0006 0BB9     		cbnz	r3, .L3	@ nCount.1_3,
  47              	@ user/main.c:6: }
   6:user/main.c   **** }
  48              		.loc 1 6 1 is_stmt 0 view .LVU4
  49 0008 02B0     		add	sp, sp, #8	@,,
  50              	.LCFI1:
  51              		.cfi_remember_state
ARM GAS  /tmp/cccmuhaV.s 			page 2


  52              		.cfi_def_cfa_offset 0
  53              		@ sp needed	@
  54 000a 7047     		bx	lr	@
  55              	.L3:
  56              	.LCFI2:
  57              		.cfi_restore_state
   5:user/main.c   ****     for (; nCount != 0; nCount--);
  58              		.loc 1 5 31 is_stmt 1 discriminator 1 view .LVU5
  59 000c 019B     		ldr	r3, [sp, #4]	@ nCount.0_1, nCount
  60 000e 013B     		subs	r3, r3, #1	@ _2, nCount.0_1,
  61 0010 0193     		str	r3, [sp, #4]	@ _2, nCount
  62 0012 F7E7     		b	.L2		@
  63              		.cfi_endproc
  64              	.LFE29:
  65              		.size	Delay, .-Delay
  66              		.section	.text.startup,"ax",%progbits
  67              		.align	1
  68              		.global	main
  69              		.syntax unified
  70              		.thumb
  71              		.thumb_func
  72              		.type	main, %function
  73              	main:
  74              	.LFB30:
   7:user/main.c   **** 
   8:user/main.c   **** int main(void)
   9:user/main.c   **** {
  75              		.loc 1 9 1 view -0
  76              		.cfi_startproc
  77              		@ Volatile: function does not return.
  78              		@ args = 0, pretend = 0, frame = 8
  79              		@ frame_needed = 0, uses_anonymous_args = 0
  10:user/main.c   ****     GPIO_InitTypeDef GPIO_InitStructure;
  80              		.loc 1 10 5 view .LVU7
  11:user/main.c   **** 
  12:user/main.c   ****     /* Enable GPIOC clock */
  13:user/main.c   ****     RCC_APB2PeriphClockCmd(RCC_APB2Periph_GPIOC, ENABLE);
  81              		.loc 1 13 5 view .LVU8
  82              	@ user/main.c:9: {
   9:user/main.c   ****     GPIO_InitTypeDef GPIO_InitStructure;
  83              		.loc 1 9 1 is_stmt 0 view .LVU9
  84 0000 07B5     		push	{r0, r1, r2, lr}	@
  85              	.LCFI3:
  86              		.cfi_def_cfa_offset 16
  87              		.cfi_offset 14, -4
  88              	@ user/main.c:13:     RCC_APB2PeriphClockCmd(RCC_APB2Periph_GPIOC, ENABLE);
  89              		.loc 1 13 5 view .LVU10
  90 0002 0121     		movs	r1, #1	@,
  91 0004 1020     		movs	r0, #16	@,
  92 0006 FFF7FEFF 		bl	RCC_APB2PeriphClockCmd		@
  93              	.LVL1:
  14:user/main.c   **** 
  15:user/main.c   ****     /* Configure PC13 as push-pull output */
  16:user/main.c   ****     GPIO_InitStructure.GPIO_Pin   = GPIO_Pin_13;
  94              		.loc 1 16 5 is_stmt 1 view .LVU11
  17:user/main.c   ****     GPIO_InitStructure.GPIO_Mode  = GPIO_Mode_Out_PP;
  95              		.loc 1 17 5 view .LVU12
ARM GAS  /tmp/cccmuhaV.s 			page 3


  18:user/main.c   ****     GPIO_InitStructure.GPIO_Speed = GPIO_Speed_50MHz;
  96              		.loc 1 18 5 view .LVU13
  97              	@ user/main.c:16:     GPIO_InitStructure.GPIO_Pin   = GPIO_Pin_13;
  16:user/main.c   ****     GPIO_InitStructure.GPIO_Mode  = GPIO_Mode_Out_PP;
  98              		.loc 1 16 35 is_stmt 0 view .LVU14
  99 000a 0B4B     		ldr	r3, .L6	@ tmp95,
 100              	@ user/main.c:19:     GPIO_Init(GPIOC, &GPIO_InitStructure);
  19:user/main.c   ****     GPIO_Init(GPIOC, &GPIO_InitStructure);
 101              		.loc 1 19 5 view .LVU15
 102 000c 0B48     		ldr	r0, .L6+4	@,
 103 000e 01A9     		add	r1, sp, #4	@,,
 104              	@ user/main.c:16:     GPIO_InitStructure.GPIO_Pin   = GPIO_Pin_13;
  16:user/main.c   ****     GPIO_InitStructure.GPIO_Mode  = GPIO_Mode_Out_PP;
 105              		.loc 1 16 35 view .LVU16
 106 0010 0193     		str	r3, [sp, #4]	@ tmp95, MEM <unsigned int> [(void *)&GPIO_InitStructure]
 107              		.loc 1 19 5 is_stmt 1 view .LVU17
 108 0012 FFF7FEFF 		bl	GPIO_Init		@
 109              	.LVL2:
 110              	.L5:
  20:user/main.c   **** 
  21:user/main.c   ****     while (1) {
 111              		.loc 1 21 5 view .LVU18
  22:user/main.c   ****         GPIO_ResetBits(GPIOC, GPIO_Pin_13);   /* LED on  (active low) */
 112              		.loc 1 22 9 view .LVU19
 113 0016 4FF40051 		mov	r1, #8192	@,
 114 001a 0848     		ldr	r0, .L6+4	@,
 115 001c FFF7FEFF 		bl	GPIO_ResetBits		@
 116              	.LVL3:
  23:user/main.c   ****         Delay(2000000);
 117              		.loc 1 23 9 view .LVU20
 118 0020 0748     		ldr	r0, .L6+8	@,
 119 0022 FFF7FEFF 		bl	Delay		@
 120              	.LVL4:
  24:user/main.c   ****         GPIO_SetBits(GPIOC, GPIO_Pin_13);     /* LED off */
 121              		.loc 1 24 9 view .LVU21
 122 0026 4FF40051 		mov	r1, #8192	@,
 123 002a 0448     		ldr	r0, .L6+4	@,
 124 002c FFF7FEFF 		bl	GPIO_SetBits		@
 125              	.LVL5:
  25:user/main.c   ****         Delay(2000000);
 126              		.loc 1 25 9 view .LVU22
 127 0030 0348     		ldr	r0, .L6+8	@,
 128 0032 FFF7FEFF 		bl	Delay		@
 129              	.LVL6:
  21:user/main.c   ****         GPIO_ResetBits(GPIOC, GPIO_Pin_13);   /* LED on  (active low) */
 130              		.loc 1 21 11 discriminator 1 view .LVU23
 131 0036 EEE7     		b	.L5		@
 132              	.L7:
 133              		.align	2
 134              	.L6:
 135 0038 00200310 		.word	268640256
 136 003c 00100140 		.word	1073811456
 137 0040 80841E00 		.word	2000000
 138              		.cfi_endproc
 139              	.LFE30:
 140              		.size	main, .-main
 141              		.text
ARM GAS  /tmp/cccmuhaV.s 			page 4


 142              	.Letext0:
 143              		.file 2 "/usr/arm-none-eabi/include/machine/_default_types.h"
 144              		.file 3 "/usr/arm-none-eabi/include/sys/_stdint.h"
 145              		.file 4 "./stm32f10x_lib/CMSIS/CM3/DeviceSupport/ST/STM32F10x/stm32f10x.h"
 146              		.file 5 "./stm32f10x_lib/STM32F10x_StdPeriph_Driver/inc/stm32f10x_gpio.h"
 147              		.file 6 "./stm32f10x_lib/STM32F10x_StdPeriph_Driver/inc/stm32f10x_rcc.h"
 148              		.section	.debug_info,"",%progbits
 149              	.Ldebug_info0:
 150 0000 6F030000 		.4byte	0x36f
 151 0004 0200     		.2byte	0x2
 152 0006 00000000 		.4byte	.Ldebug_abbrev0
 153 000a 04       		.byte	0x4
 154 000b 01       		.uleb128 0x1
 155 000c E1000000 		.4byte	.LASF40
 156 0010 0C       		.byte	0xc
 157 0011 4E010000 		.4byte	.LASF41
 158 0015 95000000 		.4byte	.LASF42
 159 0019 00000000 		.4byte	.Ldebug_ranges0+0
 160 001d 00000000 		.4byte	0
 161 0021 00000000 		.4byte	0
 162 0025 00000000 		.4byte	.Ldebug_line0
 163 0029 02       		.uleb128 0x2
 164 002a 01       		.byte	0x1
 165 002b 06       		.byte	0x6
 166 002c B5020000 		.4byte	.LASF0
 167 0030 02       		.uleb128 0x2
 168 0031 01       		.byte	0x1
 169 0032 08       		.byte	0x8
 170 0033 D3000000 		.4byte	.LASF1
 171 0037 02       		.uleb128 0x2
 172 0038 02       		.byte	0x2
 173 0039 05       		.byte	0x5
 174 003a 4B020000 		.4byte	.LASF2
 175 003e 03       		.uleb128 0x3
 176 003f A2010000 		.4byte	.LASF5
 177 0043 02       		.byte	0x2
 178 0044 39       		.byte	0x39
 179 0045 19       		.byte	0x19
 180 0046 4A000000 		.4byte	0x4a
 181 004a 02       		.uleb128 0x2
 182 004b 02       		.byte	0x2
 183 004c 07       		.byte	0x7
 184 004d 6C010000 		.4byte	.LASF3
 185 0051 02       		.uleb128 0x2
 186 0052 04       		.byte	0x4
 187 0053 05       		.byte	0x5
 188 0054 9A020000 		.4byte	.LASF4
 189 0058 03       		.uleb128 0x3
 190 0059 97010000 		.4byte	.LASF6
 191 005d 02       		.byte	0x2
 192 005e 4F       		.byte	0x4f
 193 005f 19       		.byte	0x19
 194 0060 64000000 		.4byte	0x64
 195 0064 02       		.uleb128 0x2
 196 0065 04       		.byte	0x4
 197 0066 07       		.byte	0x7
 198 0067 5A010000 		.4byte	.LASF7
ARM GAS  /tmp/cccmuhaV.s 			page 5


 199 006b 02       		.uleb128 0x2
 200 006c 08       		.byte	0x8
 201 006d 05       		.byte	0x5
 202 006e 1C020000 		.4byte	.LASF8
 203 0072 02       		.uleb128 0x2
 204 0073 08       		.byte	0x8
 205 0074 07       		.byte	0x7
 206 0075 C1020000 		.4byte	.LASF9
 207 0079 04       		.uleb128 0x4
 208 007a 04       		.byte	0x4
 209 007b 05       		.byte	0x5
 210 007c 696E7400 		.ascii	"int\000"
 211 0080 02       		.uleb128 0x2
 212 0081 04       		.byte	0x4
 213 0082 07       		.byte	0x7
 214 0083 B8010000 		.4byte	.LASF10
 215 0087 03       		.uleb128 0x3
 216 0088 70020000 		.4byte	.LASF11
 217 008c 03       		.byte	0x3
 218 008d 24       		.byte	0x24
 219 008e 14       		.byte	0x14
 220 008f 3E000000 		.4byte	0x3e
 221 0093 03       		.uleb128 0x3
 222 0094 91020000 		.4byte	.LASF12
 223 0098 03       		.byte	0x3
 224 0099 30       		.byte	0x30
 225 009a 14       		.byte	0x14
 226 009b 58000000 		.4byte	0x58
 227 009f 05       		.uleb128 0x5
 228 00a0 93000000 		.4byte	0x93
 229 00a4 06       		.uleb128 0x6
 230 00a5 07       		.byte	0x7
 231 00a6 01       		.byte	0x1
 232 00a7 30000000 		.4byte	0x30
 233 00ab 04       		.byte	0x4
 234 00ac 0902     		.2byte	0x209
 235 00ae 0E       		.byte	0xe
 236 00af C0000000 		.4byte	0xc0
 237 00b3 07       		.uleb128 0x7
 238 00b4 8F010000 		.4byte	.LASF13
 239 00b8 00       		.byte	0
 240 00b9 07       		.uleb128 0x7
 241 00ba CC000000 		.4byte	.LASF14
 242 00be 01       		.byte	0x1
 243 00bf 00       		.byte	0
 244 00c0 08       		.uleb128 0x8
 245 00c1 49000000 		.4byte	.LASF15
 246 00c5 04       		.byte	0x4
 247 00c6 0902     		.2byte	0x209
 248 00c8 2F       		.byte	0x2f
 249 00c9 A4000000 		.4byte	0xa4
 250 00cd 09       		.uleb128 0x9
 251 00ce 1C       		.byte	0x1c
 252 00cf 04       		.byte	0x4
 253 00d0 E903     		.2byte	0x3e9
 254 00d2 09       		.byte	0x9
 255 00d3 48010000 		.4byte	0x148
ARM GAS  /tmp/cccmuhaV.s 			page 6


 256 00d7 0A       		.uleb128 0xa
 257 00d8 43524C00 		.ascii	"CRL\000"
 258 00dc 04       		.byte	0x4
 259 00dd EB03     		.2byte	0x3eb
 260 00df 11       		.byte	0x11
 261 00e0 9F000000 		.4byte	0x9f
 262 00e4 02       		.byte	0x2
 263 00e5 23       		.byte	0x23
 264 00e6 00       		.uleb128 0
 265 00e7 0A       		.uleb128 0xa
 266 00e8 43524800 		.ascii	"CRH\000"
 267 00ec 04       		.byte	0x4
 268 00ed EC03     		.2byte	0x3ec
 269 00ef 11       		.byte	0x11
 270 00f0 9F000000 		.4byte	0x9f
 271 00f4 02       		.byte	0x2
 272 00f5 23       		.byte	0x23
 273 00f6 04       		.uleb128 0x4
 274 00f7 0A       		.uleb128 0xa
 275 00f8 49445200 		.ascii	"IDR\000"
 276 00fc 04       		.byte	0x4
 277 00fd ED03     		.2byte	0x3ed
 278 00ff 11       		.byte	0x11
 279 0100 9F000000 		.4byte	0x9f
 280 0104 02       		.byte	0x2
 281 0105 23       		.byte	0x23
 282 0106 08       		.uleb128 0x8
 283 0107 0A       		.uleb128 0xa
 284 0108 4F445200 		.ascii	"ODR\000"
 285 010c 04       		.byte	0x4
 286 010d EE03     		.2byte	0x3ee
 287 010f 11       		.byte	0x11
 288 0110 9F000000 		.4byte	0x9f
 289 0114 02       		.byte	0x2
 290 0115 23       		.byte	0x23
 291 0116 0C       		.uleb128 0xc
 292 0117 0B       		.uleb128 0xb
 293 0118 44000000 		.4byte	.LASF16
 294 011c 04       		.byte	0x4
 295 011d EF03     		.2byte	0x3ef
 296 011f 11       		.byte	0x11
 297 0120 9F000000 		.4byte	0x9f
 298 0124 02       		.byte	0x2
 299 0125 23       		.byte	0x23
 300 0126 10       		.uleb128 0x10
 301 0127 0A       		.uleb128 0xa
 302 0128 42525200 		.ascii	"BRR\000"
 303 012c 04       		.byte	0x4
 304 012d F003     		.2byte	0x3f0
 305 012f 11       		.byte	0x11
 306 0130 9F000000 		.4byte	0x9f
 307 0134 02       		.byte	0x2
 308 0135 23       		.byte	0x23
 309 0136 14       		.uleb128 0x14
 310 0137 0B       		.uleb128 0xb
 311 0138 0B000000 		.4byte	.LASF17
 312 013c 04       		.byte	0x4
ARM GAS  /tmp/cccmuhaV.s 			page 7


 313 013d F103     		.2byte	0x3f1
 314 013f 11       		.byte	0x11
 315 0140 9F000000 		.4byte	0x9f
 316 0144 02       		.byte	0x2
 317 0145 23       		.byte	0x23
 318 0146 18       		.uleb128 0x18
 319 0147 00       		.byte	0
 320 0148 08       		.uleb128 0x8
 321 0149 70000000 		.4byte	.LASF18
 322 014d 04       		.byte	0x4
 323 014e F203     		.2byte	0x3f2
 324 0150 03       		.byte	0x3
 325 0151 CD000000 		.4byte	0xcd
 326 0155 0C       		.uleb128 0xc
 327 0156 07       		.byte	0x7
 328 0157 01       		.byte	0x1
 329 0158 30000000 		.4byte	0x30
 330 015c 05       		.byte	0x5
 331 015d 3B       		.byte	0x3b
 332 015e 01       		.byte	0x1
 333 015f 76010000 		.4byte	0x176
 334 0163 07       		.uleb128 0x7
 335 0164 55020000 		.4byte	.LASF19
 336 0168 01       		.byte	0x1
 337 0169 07       		.uleb128 0x7
 338 016a 7F010000 		.4byte	.LASF20
 339 016e 02       		.byte	0x2
 340 016f 07       		.uleb128 0x7
 341 0170 F2010000 		.4byte	.LASF21
 342 0174 03       		.byte	0x3
 343 0175 00       		.byte	0
 344 0176 03       		.uleb128 0x3
 345 0177 A3020000 		.4byte	.LASF22
 346 017b 05       		.byte	0x5
 347 017c 3F       		.byte	0x3f
 348 017d 02       		.byte	0x2
 349 017e 55010000 		.4byte	0x155
 350 0182 0C       		.uleb128 0xc
 351 0183 07       		.byte	0x7
 352 0184 01       		.byte	0x1
 353 0185 30000000 		.4byte	0x30
 354 0189 05       		.byte	0x5
 355 018a 48       		.byte	0x48
 356 018b 01       		.byte	0x1
 357 018c C1010000 		.4byte	0x1c1
 358 0190 07       		.uleb128 0x7
 359 0191 2A020000 		.4byte	.LASF23
 360 0195 00       		.byte	0
 361 0196 07       		.uleb128 0x7
 362 0197 10000000 		.4byte	.LASF24
 363 019b 04       		.byte	0x4
 364 019c 07       		.uleb128 0x7
 365 019d 36000000 		.4byte	.LASF25
 366 01a1 28       		.byte	0x28
 367 01a2 07       		.uleb128 0x7
 368 01a3 7D000000 		.4byte	.LASF26
 369 01a7 48       		.byte	0x48
ARM GAS  /tmp/cccmuhaV.s 			page 8


 370 01a8 07       		.uleb128 0x7
 371 01a9 D8020000 		.4byte	.LASF27
 372 01ad 14       		.byte	0x14
 373 01ae 07       		.uleb128 0x7
 374 01af D4010000 		.4byte	.LASF28
 375 01b3 10       		.byte	0x10
 376 01b4 07       		.uleb128 0x7
 377 01b5 26000000 		.4byte	.LASF29
 378 01b9 1C       		.byte	0x1c
 379 01ba 07       		.uleb128 0x7
 380 01bb 03020000 		.4byte	.LASF30
 381 01bf 18       		.byte	0x18
 382 01c0 00       		.byte	0
 383 01c1 03       		.uleb128 0x3
 384 01c2 E9020000 		.4byte	.LASF31
 385 01c6 05       		.byte	0x5
 386 01c7 50       		.byte	0x50
 387 01c8 02       		.byte	0x2
 388 01c9 82010000 		.4byte	0x182
 389 01cd 0D       		.uleb128 0xd
 390 01ce 04       		.byte	0x4
 391 01cf 05       		.byte	0x5
 392 01d0 5B       		.byte	0x5b
 393 01d1 09       		.byte	0x9
 394 01d2 04020000 		.4byte	0x204
 395 01d6 0E       		.uleb128 0xe
 396 01d7 13020000 		.4byte	.LASF32
 397 01db 05       		.byte	0x5
 398 01dc 5D       		.byte	0x5d
 399 01dd 0C       		.byte	0xc
 400 01de 87000000 		.4byte	0x87
 401 01e2 02       		.byte	0x2
 402 01e3 23       		.byte	0x23
 403 01e4 00       		.uleb128 0
 404 01e5 0E       		.uleb128 0xe
 405 01e6 00000000 		.4byte	.LASF33
 406 01ea 05       		.byte	0x5
 407 01eb 60       		.byte	0x60
 408 01ec 15       		.byte	0x15
 409 01ed 76010000 		.4byte	0x176
 410 01f1 02       		.byte	0x2
 411 01f2 23       		.byte	0x23
 412 01f3 02       		.uleb128 0x2
 413 01f4 0E       		.uleb128 0xe
 414 01f5 8B000000 		.4byte	.LASF34
 415 01f9 05       		.byte	0x5
 416 01fa 63       		.byte	0x63
 417 01fb 14       		.byte	0x14
 418 01fc C1010000 		.4byte	0x1c1
 419 0200 02       		.byte	0x2
 420 0201 23       		.byte	0x23
 421 0202 03       		.uleb128 0x3
 422 0203 00       		.byte	0
 423 0204 03       		.uleb128 0x3
 424 0205 79020000 		.4byte	.LASF35
 425 0209 05       		.byte	0x5
 426 020a 65       		.byte	0x65
ARM GAS  /tmp/cccmuhaV.s 			page 9


 427 020b 02       		.byte	0x2
 428 020c CD010000 		.4byte	0x1cd
 429 0210 0F       		.uleb128 0xf
 430 0211 01       		.byte	0x1
 431 0212 E5010000 		.4byte	.LASF36
 432 0216 05       		.byte	0x5
 433 0217 6501     		.2byte	0x165
 434 0219 06       		.byte	0x6
 435 021a 01       		.byte	0x1
 436 021b 01       		.byte	0x1
 437 021c 2B020000 		.4byte	0x22b
 438 0220 10       		.uleb128 0x10
 439 0221 2B020000 		.4byte	0x22b
 440 0225 10       		.uleb128 0x10
 441 0226 87000000 		.4byte	0x87
 442 022a 00       		.byte	0
 443 022b 11       		.uleb128 0x11
 444 022c 04       		.byte	0x4
 445 022d 48010000 		.4byte	0x148
 446 0231 0F       		.uleb128 0xf
 447 0232 01       		.byte	0x1
 448 0233 C5010000 		.4byte	.LASF37
 449 0237 05       		.byte	0x5
 450 0238 6601     		.2byte	0x166
 451 023a 06       		.byte	0x6
 452 023b 01       		.byte	0x1
 453 023c 01       		.byte	0x1
 454 023d 4C020000 		.4byte	0x24c
 455 0241 10       		.uleb128 0x10
 456 0242 2B020000 		.4byte	0x22b
 457 0246 10       		.uleb128 0x10
 458 0247 87000000 		.4byte	0x87
 459 024b 00       		.byte	0
 460 024c 0F       		.uleb128 0xf
 461 024d 01       		.byte	0x1
 462 024e 66020000 		.4byte	.LASF38
 463 0252 05       		.byte	0x5
 464 0253 5F01     		.2byte	0x15f
 465 0255 06       		.byte	0x6
 466 0256 01       		.byte	0x1
 467 0257 01       		.byte	0x1
 468 0258 67020000 		.4byte	0x267
 469 025c 10       		.uleb128 0x10
 470 025d 2B020000 		.4byte	0x22b
 471 0261 10       		.uleb128 0x10
 472 0262 67020000 		.4byte	0x267
 473 0266 00       		.byte	0
 474 0267 11       		.uleb128 0x11
 475 0268 04       		.byte	0x4
 476 0269 04020000 		.4byte	0x204
 477 026d 0F       		.uleb128 0xf
 478 026e 01       		.byte	0x1
 479 026f 59000000 		.4byte	.LASF39
 480 0273 06       		.byte	0x6
 481 0274 B502     		.2byte	0x2b5
 482 0276 06       		.byte	0x6
 483 0277 01       		.byte	0x1
ARM GAS  /tmp/cccmuhaV.s 			page 10


 484 0278 01       		.byte	0x1
 485 0279 88020000 		.4byte	0x288
 486 027d 10       		.uleb128 0x10
 487 027e 93000000 		.4byte	0x93
 488 0282 10       		.uleb128 0x10
 489 0283 C0000000 		.4byte	0xc0
 490 0287 00       		.byte	0
 491 0288 12       		.uleb128 0x12
 492 0289 01       		.byte	0x1
 493 028a B3010000 		.4byte	.LASF43
 494 028e 01       		.byte	0x1
 495 028f 08       		.byte	0x8
 496 0290 05       		.byte	0x5
 497 0291 01       		.byte	0x1
 498 0292 79000000 		.4byte	0x79
 499 0296 00000000 		.4byte	.LFB30
 500 029a 44000000 		.4byte	.LFE30
 501 029e 00000000 		.4byte	.LLST1
 502 02a2 01       		.byte	0x1
 503 02a3 4C030000 		.4byte	0x34c
 504 02a7 13       		.uleb128 0x13
 505 02a8 38020000 		.4byte	.LASF44
 506 02ac 01       		.byte	0x1
 507 02ad 0A       		.byte	0xa
 508 02ae 16       		.byte	0x16
 509 02af 04020000 		.4byte	0x204
 510 02b3 02       		.byte	0x2
 511 02b4 91       		.byte	0x91
 512 02b5 74       		.sleb128 -12
 513 02b6 14       		.uleb128 0x14
 514 02b7 0A000000 		.4byte	.LVL1
 515 02bb 6D020000 		.4byte	0x26d
 516 02bf CE020000 		.4byte	0x2ce
 517 02c3 15       		.uleb128 0x15
 518 02c4 01       		.byte	0x1
 519 02c5 50       		.byte	0x50
 520 02c6 01       		.byte	0x1
 521 02c7 40       		.byte	0x40
 522 02c8 15       		.uleb128 0x15
 523 02c9 01       		.byte	0x1
 524 02ca 51       		.byte	0x51
 525 02cb 01       		.byte	0x1
 526 02cc 31       		.byte	0x31
 527 02cd 00       		.byte	0
 528 02ce 14       		.uleb128 0x14
 529 02cf 16000000 		.4byte	.LVL2
 530 02d3 4C020000 		.4byte	0x24c
 531 02d7 EB020000 		.4byte	0x2eb
 532 02db 15       		.uleb128 0x15
 533 02dc 01       		.byte	0x1
 534 02dd 50       		.byte	0x50
 535 02de 05       		.byte	0x5
 536 02df 0C       		.byte	0xc
 537 02e0 00100140 		.4byte	0x40011000
 538 02e4 15       		.uleb128 0x15
 539 02e5 01       		.byte	0x1
 540 02e6 51       		.byte	0x51
ARM GAS  /tmp/cccmuhaV.s 			page 11


 541 02e7 02       		.byte	0x2
 542 02e8 91       		.byte	0x91
 543 02e9 74       		.sleb128 -12
 544 02ea 00       		.byte	0
 545 02eb 14       		.uleb128 0x14
 546 02ec 20000000 		.4byte	.LVL3
 547 02f0 31020000 		.4byte	0x231
 548 02f4 09030000 		.4byte	0x309
 549 02f8 15       		.uleb128 0x15
 550 02f9 01       		.byte	0x1
 551 02fa 50       		.byte	0x50
 552 02fb 05       		.byte	0x5
 553 02fc 0C       		.byte	0xc
 554 02fd 00100140 		.4byte	0x40011000
 555 0301 15       		.uleb128 0x15
 556 0302 01       		.byte	0x1
 557 0303 51       		.byte	0x51
 558 0304 03       		.byte	0x3
 559 0305 0A       		.byte	0xa
 560 0306 0020     		.2byte	0x2000
 561 0308 00       		.byte	0
 562 0309 14       		.uleb128 0x14
 563 030a 26000000 		.4byte	.LVL4
 564 030e 4C030000 		.4byte	0x34c
 565 0312 1D030000 		.4byte	0x31d
 566 0316 15       		.uleb128 0x15
 567 0317 01       		.byte	0x1
 568 0318 50       		.byte	0x50
 569 0319 02       		.byte	0x2
 570 031a 70       		.byte	0x70
 571 031b 00       		.sleb128 0
 572 031c 00       		.byte	0
 573 031d 14       		.uleb128 0x14
 574 031e 30000000 		.4byte	.LVL5
 575 0322 10020000 		.4byte	0x210
 576 0326 3B030000 		.4byte	0x33b
 577 032a 15       		.uleb128 0x15
 578 032b 01       		.byte	0x1
 579 032c 50       		.byte	0x50
 580 032d 05       		.byte	0x5
 581 032e 0C       		.byte	0xc
 582 032f 00100140 		.4byte	0x40011000
 583 0333 15       		.uleb128 0x15
 584 0334 01       		.byte	0x1
 585 0335 51       		.byte	0x51
 586 0336 03       		.byte	0x3
 587 0337 0A       		.byte	0xa
 588 0338 0020     		.2byte	0x2000
 589 033a 00       		.byte	0
 590 033b 16       		.uleb128 0x16
 591 033c 36000000 		.4byte	.LVL6
 592 0340 4C030000 		.4byte	0x34c
 593 0344 15       		.uleb128 0x15
 594 0345 01       		.byte	0x1
 595 0346 50       		.byte	0x50
 596 0347 02       		.byte	0x2
 597 0348 70       		.byte	0x70
ARM GAS  /tmp/cccmuhaV.s 			page 12


 598 0349 00       		.sleb128 0
 599 034a 00       		.byte	0
 600 034b 00       		.byte	0
 601 034c 17       		.uleb128 0x17
 602 034d 01       		.byte	0x1
 603 034e AD010000 		.4byte	.LASF45
 604 0352 01       		.byte	0x1
 605 0353 03       		.byte	0x3
 606 0354 06       		.byte	0x6
 607 0355 01       		.byte	0x1
 608 0356 00000000 		.4byte	.LFB29
 609 035a 14000000 		.4byte	.LFE29
 610 035e 20000000 		.4byte	.LLST0
 611 0362 01       		.byte	0x1
 612 0363 18       		.uleb128 0x18
 613 0364 8A020000 		.4byte	.LASF46
 614 0368 01       		.byte	0x1
 615 0369 03       		.byte	0x3
 616 036a 1A       		.byte	0x1a
 617 036b 9F000000 		.4byte	0x9f
 618 036f 01       		.byte	0x1
 619 0370 50       		.byte	0x50
 620 0371 00       		.byte	0
 621 0372 00       		.byte	0
 622              		.section	.debug_abbrev,"",%progbits
 623              	.Ldebug_abbrev0:
 624 0000 01       		.uleb128 0x1
 625 0001 11       		.uleb128 0x11
 626 0002 01       		.byte	0x1
 627 0003 25       		.uleb128 0x25
 628 0004 0E       		.uleb128 0xe
 629 0005 13       		.uleb128 0x13
 630 0006 0B       		.uleb128 0xb
 631 0007 03       		.uleb128 0x3
 632 0008 0E       		.uleb128 0xe
 633 0009 1B       		.uleb128 0x1b
 634 000a 0E       		.uleb128 0xe
 635 000b 55       		.uleb128 0x55
 636 000c 06       		.uleb128 0x6
 637 000d 11       		.uleb128 0x11
 638 000e 01       		.uleb128 0x1
 639 000f 52       		.uleb128 0x52
 640 0010 01       		.uleb128 0x1
 641 0011 10       		.uleb128 0x10
 642 0012 06       		.uleb128 0x6
 643 0013 00       		.byte	0
 644 0014 00       		.byte	0
 645 0015 02       		.uleb128 0x2
 646 0016 24       		.uleb128 0x24
 647 0017 00       		.byte	0
 648 0018 0B       		.uleb128 0xb
 649 0019 0B       		.uleb128 0xb
 650 001a 3E       		.uleb128 0x3e
 651 001b 0B       		.uleb128 0xb
 652 001c 03       		.uleb128 0x3
 653 001d 0E       		.uleb128 0xe
 654 001e 00       		.byte	0
ARM GAS  /tmp/cccmuhaV.s 			page 13


 655 001f 00       		.byte	0
 656 0020 03       		.uleb128 0x3
 657 0021 16       		.uleb128 0x16
 658 0022 00       		.byte	0
 659 0023 03       		.uleb128 0x3
 660 0024 0E       		.uleb128 0xe
 661 0025 3A       		.uleb128 0x3a
 662 0026 0B       		.uleb128 0xb
 663 0027 3B       		.uleb128 0x3b
 664 0028 0B       		.uleb128 0xb
 665 0029 39       		.uleb128 0x39
 666 002a 0B       		.uleb128 0xb
 667 002b 49       		.uleb128 0x49
 668 002c 13       		.uleb128 0x13
 669 002d 00       		.byte	0
 670 002e 00       		.byte	0
 671 002f 04       		.uleb128 0x4
 672 0030 24       		.uleb128 0x24
 673 0031 00       		.byte	0
 674 0032 0B       		.uleb128 0xb
 675 0033 0B       		.uleb128 0xb
 676 0034 3E       		.uleb128 0x3e
 677 0035 0B       		.uleb128 0xb
 678 0036 03       		.uleb128 0x3
 679 0037 08       		.uleb128 0x8
 680 0038 00       		.byte	0
 681 0039 00       		.byte	0
 682 003a 05       		.uleb128 0x5
 683 003b 35       		.uleb128 0x35
 684 003c 00       		.byte	0
 685 003d 49       		.uleb128 0x49
 686 003e 13       		.uleb128 0x13
 687 003f 00       		.byte	0
 688 0040 00       		.byte	0
 689 0041 06       		.uleb128 0x6
 690 0042 04       		.uleb128 0x4
 691 0043 01       		.byte	0x1
 692 0044 3E       		.uleb128 0x3e
 693 0045 0B       		.uleb128 0xb
 694 0046 0B       		.uleb128 0xb
 695 0047 0B       		.uleb128 0xb
 696 0048 49       		.uleb128 0x49
 697 0049 13       		.uleb128 0x13
 698 004a 3A       		.uleb128 0x3a
 699 004b 0B       		.uleb128 0xb
 700 004c 3B       		.uleb128 0x3b
 701 004d 05       		.uleb128 0x5
 702 004e 39       		.uleb128 0x39
 703 004f 0B       		.uleb128 0xb
 704 0050 01       		.uleb128 0x1
 705 0051 13       		.uleb128 0x13
 706 0052 00       		.byte	0
 707 0053 00       		.byte	0
 708 0054 07       		.uleb128 0x7
 709 0055 28       		.uleb128 0x28
 710 0056 00       		.byte	0
 711 0057 03       		.uleb128 0x3
ARM GAS  /tmp/cccmuhaV.s 			page 14


 712 0058 0E       		.uleb128 0xe
 713 0059 1C       		.uleb128 0x1c
 714 005a 0B       		.uleb128 0xb
 715 005b 00       		.byte	0
 716 005c 00       		.byte	0
 717 005d 08       		.uleb128 0x8
 718 005e 16       		.uleb128 0x16
 719 005f 00       		.byte	0
 720 0060 03       		.uleb128 0x3
 721 0061 0E       		.uleb128 0xe
 722 0062 3A       		.uleb128 0x3a
 723 0063 0B       		.uleb128 0xb
 724 0064 3B       		.uleb128 0x3b
 725 0065 05       		.uleb128 0x5
 726 0066 39       		.uleb128 0x39
 727 0067 0B       		.uleb128 0xb
 728 0068 49       		.uleb128 0x49
 729 0069 13       		.uleb128 0x13
 730 006a 00       		.byte	0
 731 006b 00       		.byte	0
 732 006c 09       		.uleb128 0x9
 733 006d 13       		.uleb128 0x13
 734 006e 01       		.byte	0x1
 735 006f 0B       		.uleb128 0xb
 736 0070 0B       		.uleb128 0xb
 737 0071 3A       		.uleb128 0x3a
 738 0072 0B       		.uleb128 0xb
 739 0073 3B       		.uleb128 0x3b
 740 0074 05       		.uleb128 0x5
 741 0075 39       		.uleb128 0x39
 742 0076 0B       		.uleb128 0xb
 743 0077 01       		.uleb128 0x1
 744 0078 13       		.uleb128 0x13
 745 0079 00       		.byte	0
 746 007a 00       		.byte	0
 747 007b 0A       		.uleb128 0xa
 748 007c 0D       		.uleb128 0xd
 749 007d 00       		.byte	0
 750 007e 03       		.uleb128 0x3
 751 007f 08       		.uleb128 0x8
 752 0080 3A       		.uleb128 0x3a
 753 0081 0B       		.uleb128 0xb
 754 0082 3B       		.uleb128 0x3b
 755 0083 05       		.uleb128 0x5
 756 0084 39       		.uleb128 0x39
 757 0085 0B       		.uleb128 0xb
 758 0086 49       		.uleb128 0x49
 759 0087 13       		.uleb128 0x13
 760 0088 38       		.uleb128 0x38
 761 0089 0A       		.uleb128 0xa
 762 008a 00       		.byte	0
 763 008b 00       		.byte	0
 764 008c 0B       		.uleb128 0xb
 765 008d 0D       		.uleb128 0xd
 766 008e 00       		.byte	0
 767 008f 03       		.uleb128 0x3
 768 0090 0E       		.uleb128 0xe
ARM GAS  /tmp/cccmuhaV.s 			page 15


 769 0091 3A       		.uleb128 0x3a
 770 0092 0B       		.uleb128 0xb
 771 0093 3B       		.uleb128 0x3b
 772 0094 05       		.uleb128 0x5
 773 0095 39       		.uleb128 0x39
 774 0096 0B       		.uleb128 0xb
 775 0097 49       		.uleb128 0x49
 776 0098 13       		.uleb128 0x13
 777 0099 38       		.uleb128 0x38
 778 009a 0A       		.uleb128 0xa
 779 009b 00       		.byte	0
 780 009c 00       		.byte	0
 781 009d 0C       		.uleb128 0xc
 782 009e 04       		.uleb128 0x4
 783 009f 01       		.byte	0x1
 784 00a0 3E       		.uleb128 0x3e
 785 00a1 0B       		.uleb128 0xb
 786 00a2 0B       		.uleb128 0xb
 787 00a3 0B       		.uleb128 0xb
 788 00a4 49       		.uleb128 0x49
 789 00a5 13       		.uleb128 0x13
 790 00a6 3A       		.uleb128 0x3a
 791 00a7 0B       		.uleb128 0xb
 792 00a8 3B       		.uleb128 0x3b
 793 00a9 0B       		.uleb128 0xb
 794 00aa 39       		.uleb128 0x39
 795 00ab 0B       		.uleb128 0xb
 796 00ac 01       		.uleb128 0x1
 797 00ad 13       		.uleb128 0x13
 798 00ae 00       		.byte	0
 799 00af 00       		.byte	0
 800 00b0 0D       		.uleb128 0xd
 801 00b1 13       		.uleb128 0x13
 802 00b2 01       		.byte	0x1
 803 00b3 0B       		.uleb128 0xb
 804 00b4 0B       		.uleb128 0xb
 805 00b5 3A       		.uleb128 0x3a
 806 00b6 0B       		.uleb128 0xb
 807 00b7 3B       		.uleb128 0x3b
 808 00b8 0B       		.uleb128 0xb
 809 00b9 39       		.uleb128 0x39
 810 00ba 0B       		.uleb128 0xb
 811 00bb 01       		.uleb128 0x1
 812 00bc 13       		.uleb128 0x13
 813 00bd 00       		.byte	0
 814 00be 00       		.byte	0
 815 00bf 0E       		.uleb128 0xe
 816 00c0 0D       		.uleb128 0xd
 817 00c1 00       		.byte	0
 818 00c2 03       		.uleb128 0x3
 819 00c3 0E       		.uleb128 0xe
 820 00c4 3A       		.uleb128 0x3a
 821 00c5 0B       		.uleb128 0xb
 822 00c6 3B       		.uleb128 0x3b
 823 00c7 0B       		.uleb128 0xb
 824 00c8 39       		.uleb128 0x39
 825 00c9 0B       		.uleb128 0xb
ARM GAS  /tmp/cccmuhaV.s 			page 16


 826 00ca 49       		.uleb128 0x49
 827 00cb 13       		.uleb128 0x13
 828 00cc 38       		.uleb128 0x38
 829 00cd 0A       		.uleb128 0xa
 830 00ce 00       		.byte	0
 831 00cf 00       		.byte	0
 832 00d0 0F       		.uleb128 0xf
 833 00d1 2E       		.uleb128 0x2e
 834 00d2 01       		.byte	0x1
 835 00d3 3F       		.uleb128 0x3f
 836 00d4 0C       		.uleb128 0xc
 837 00d5 03       		.uleb128 0x3
 838 00d6 0E       		.uleb128 0xe
 839 00d7 3A       		.uleb128 0x3a
 840 00d8 0B       		.uleb128 0xb
 841 00d9 3B       		.uleb128 0x3b
 842 00da 05       		.uleb128 0x5
 843 00db 39       		.uleb128 0x39
 844 00dc 0B       		.uleb128 0xb
 845 00dd 27       		.uleb128 0x27
 846 00de 0C       		.uleb128 0xc
 847 00df 3C       		.uleb128 0x3c
 848 00e0 0C       		.uleb128 0xc
 849 00e1 01       		.uleb128 0x1
 850 00e2 13       		.uleb128 0x13
 851 00e3 00       		.byte	0
 852 00e4 00       		.byte	0
 853 00e5 10       		.uleb128 0x10
 854 00e6 05       		.uleb128 0x5
 855 00e7 00       		.byte	0
 856 00e8 49       		.uleb128 0x49
 857 00e9 13       		.uleb128 0x13
 858 00ea 00       		.byte	0
 859 00eb 00       		.byte	0
 860 00ec 11       		.uleb128 0x11
 861 00ed 0F       		.uleb128 0xf
 862 00ee 00       		.byte	0
 863 00ef 0B       		.uleb128 0xb
 864 00f0 0B       		.uleb128 0xb
 865 00f1 49       		.uleb128 0x49
 866 00f2 13       		.uleb128 0x13
 867 00f3 00       		.byte	0
 868 00f4 00       		.byte	0
 869 00f5 12       		.uleb128 0x12
 870 00f6 2E       		.uleb128 0x2e
 871 00f7 01       		.byte	0x1
 872 00f8 3F       		.uleb128 0x3f
 873 00f9 0C       		.uleb128 0xc
 874 00fa 03       		.uleb128 0x3
 875 00fb 0E       		.uleb128 0xe
 876 00fc 3A       		.uleb128 0x3a
 877 00fd 0B       		.uleb128 0xb
 878 00fe 3B       		.uleb128 0x3b
 879 00ff 0B       		.uleb128 0xb
 880 0100 39       		.uleb128 0x39
 881 0101 0B       		.uleb128 0xb
 882 0102 27       		.uleb128 0x27
ARM GAS  /tmp/cccmuhaV.s 			page 17


 883 0103 0C       		.uleb128 0xc
 884 0104 49       		.uleb128 0x49
 885 0105 13       		.uleb128 0x13
 886 0106 11       		.uleb128 0x11
 887 0107 01       		.uleb128 0x1
 888 0108 12       		.uleb128 0x12
 889 0109 01       		.uleb128 0x1
 890 010a 40       		.uleb128 0x40
 891 010b 06       		.uleb128 0x6
 892 010c 9742     		.uleb128 0x2117
 893 010e 0C       		.uleb128 0xc
 894 010f 01       		.uleb128 0x1
 895 0110 13       		.uleb128 0x13
 896 0111 00       		.byte	0
 897 0112 00       		.byte	0
 898 0113 13       		.uleb128 0x13
 899 0114 34       		.uleb128 0x34
 900 0115 00       		.byte	0
 901 0116 03       		.uleb128 0x3
 902 0117 0E       		.uleb128 0xe
 903 0118 3A       		.uleb128 0x3a
 904 0119 0B       		.uleb128 0xb
 905 011a 3B       		.uleb128 0x3b
 906 011b 0B       		.uleb128 0xb
 907 011c 39       		.uleb128 0x39
 908 011d 0B       		.uleb128 0xb
 909 011e 49       		.uleb128 0x49
 910 011f 13       		.uleb128 0x13
 911 0120 02       		.uleb128 0x2
 912 0121 0A       		.uleb128 0xa
 913 0122 00       		.byte	0
 914 0123 00       		.byte	0
 915 0124 14       		.uleb128 0x14
 916 0125 898201   		.uleb128 0x4109
 917 0128 01       		.byte	0x1
 918 0129 11       		.uleb128 0x11
 919 012a 01       		.uleb128 0x1
 920 012b 31       		.uleb128 0x31
 921 012c 13       		.uleb128 0x13
 922 012d 01       		.uleb128 0x1
 923 012e 13       		.uleb128 0x13
 924 012f 00       		.byte	0
 925 0130 00       		.byte	0
 926 0131 15       		.uleb128 0x15
 927 0132 8A8201   		.uleb128 0x410a
 928 0135 00       		.byte	0
 929 0136 02       		.uleb128 0x2
 930 0137 0A       		.uleb128 0xa
 931 0138 9142     		.uleb128 0x2111
 932 013a 0A       		.uleb128 0xa
 933 013b 00       		.byte	0
 934 013c 00       		.byte	0
 935 013d 16       		.uleb128 0x16
 936 013e 898201   		.uleb128 0x4109
 937 0141 01       		.byte	0x1
 938 0142 11       		.uleb128 0x11
 939 0143 01       		.uleb128 0x1
ARM GAS  /tmp/cccmuhaV.s 			page 18


 940 0144 31       		.uleb128 0x31
 941 0145 13       		.uleb128 0x13
 942 0146 00       		.byte	0
 943 0147 00       		.byte	0
 944 0148 17       		.uleb128 0x17
 945 0149 2E       		.uleb128 0x2e
 946 014a 01       		.byte	0x1
 947 014b 3F       		.uleb128 0x3f
 948 014c 0C       		.uleb128 0xc
 949 014d 03       		.uleb128 0x3
 950 014e 0E       		.uleb128 0xe
 951 014f 3A       		.uleb128 0x3a
 952 0150 0B       		.uleb128 0xb
 953 0151 3B       		.uleb128 0x3b
 954 0152 0B       		.uleb128 0xb
 955 0153 39       		.uleb128 0x39
 956 0154 0B       		.uleb128 0xb
 957 0155 27       		.uleb128 0x27
 958 0156 0C       		.uleb128 0xc
 959 0157 11       		.uleb128 0x11
 960 0158 01       		.uleb128 0x1
 961 0159 12       		.uleb128 0x12
 962 015a 01       		.uleb128 0x1
 963 015b 40       		.uleb128 0x40
 964 015c 06       		.uleb128 0x6
 965 015d 9742     		.uleb128 0x2117
 966 015f 0C       		.uleb128 0xc
 967 0160 00       		.byte	0
 968 0161 00       		.byte	0
 969 0162 18       		.uleb128 0x18
 970 0163 05       		.uleb128 0x5
 971 0164 00       		.byte	0
 972 0165 03       		.uleb128 0x3
 973 0166 0E       		.uleb128 0xe
 974 0167 3A       		.uleb128 0x3a
 975 0168 0B       		.uleb128 0xb
 976 0169 3B       		.uleb128 0x3b
 977 016a 0B       		.uleb128 0xb
 978 016b 39       		.uleb128 0x39
 979 016c 0B       		.uleb128 0xb
 980 016d 49       		.uleb128 0x49
 981 016e 13       		.uleb128 0x13
 982 016f 02       		.uleb128 0x2
 983 0170 0A       		.uleb128 0xa
 984 0171 00       		.byte	0
 985 0172 00       		.byte	0
 986 0173 00       		.byte	0
 987              		.section	.debug_loc,"",%progbits
 988              	.Ldebug_loc0:
 989              	.LLST1:
 990 0000 00000000 		.4byte	.LFB30
 991 0004 02000000 		.4byte	.LCFI3
 992 0008 0200     		.2byte	0x2
 993 000a 7D       		.byte	0x7d
 994 000b 00       		.sleb128 0
 995 000c 02000000 		.4byte	.LCFI3
 996 0010 44000000 		.4byte	.LFE30
ARM GAS  /tmp/cccmuhaV.s 			page 19


 997 0014 0200     		.2byte	0x2
 998 0016 7D       		.byte	0x7d
 999 0017 10       		.sleb128 16
 1000 0018 00000000 		.4byte	0
 1001 001c 00000000 		.4byte	0
 1002              	.LLST0:
 1003 0020 00000000 		.4byte	.LFB29
 1004 0024 02000000 		.4byte	.LCFI0
 1005 0028 0200     		.2byte	0x2
 1006 002a 7D       		.byte	0x7d
 1007 002b 00       		.sleb128 0
 1008 002c 02000000 		.4byte	.LCFI0
 1009 0030 0A000000 		.4byte	.LCFI1
 1010 0034 0200     		.2byte	0x2
 1011 0036 7D       		.byte	0x7d
 1012 0037 08       		.sleb128 8
 1013 0038 0A000000 		.4byte	.LCFI1
 1014 003c 0C000000 		.4byte	.LCFI2
 1015 0040 0200     		.2byte	0x2
 1016 0042 7D       		.byte	0x7d
 1017 0043 00       		.sleb128 0
 1018 0044 0C000000 		.4byte	.LCFI2
 1019 0048 14000000 		.4byte	.LFE29
 1020 004c 0200     		.2byte	0x2
 1021 004e 7D       		.byte	0x7d
 1022 004f 08       		.sleb128 8
 1023 0050 00000000 		.4byte	0
 1024 0054 00000000 		.4byte	0
 1025              		.section	.debug_aranges,"",%progbits
 1026 0000 24000000 		.4byte	0x24
 1027 0004 0200     		.2byte	0x2
 1028 0006 00000000 		.4byte	.Ldebug_info0
 1029 000a 04       		.byte	0x4
 1030 000b 00       		.byte	0
 1031 000c 0000     		.2byte	0
 1032 000e 0000     		.2byte	0
 1033 0010 00000000 		.4byte	.Ltext0
 1034 0014 14000000 		.4byte	.Letext0-.Ltext0
 1035 0018 00000000 		.4byte	.LFB30
 1036 001c 44000000 		.4byte	.LFE30-.LFB30
 1037 0020 00000000 		.4byte	0
 1038 0024 00000000 		.4byte	0
 1039              		.section	.debug_ranges,"",%progbits
 1040              	.Ldebug_ranges0:
 1041 0000 00000000 		.4byte	.Ltext0
 1042 0004 14000000 		.4byte	.Letext0
 1043 0008 00000000 		.4byte	.LFB30
 1044 000c 44000000 		.4byte	.LFE30
 1045 0010 00000000 		.4byte	0
 1046 0014 00000000 		.4byte	0
 1047              		.section	.debug_line,"",%progbits
 1048              	.Ldebug_line0:
 1049 0000 87010000 		.section	.debug_str,"MS",%progbits,1
 1049      03001F01 
 1049      00000201 
 1049      FB0E0D00 
 1049      01010101 
ARM GAS  /tmp/cccmuhaV.s 			page 20


 1050              	.LASF33:
 1051 0000 4750494F 		.ascii	"GPIO_Speed\000"
 1051      5F537065 
 1051      656400
 1052              	.LASF17:
 1053 000b 4C434B52 		.ascii	"LCKR\000"
 1053      00
 1054              	.LASF24:
 1055 0010 4750494F 		.ascii	"GPIO_Mode_IN_FLOATING\000"
 1055      5F4D6F64 
 1055      655F494E 
 1055      5F464C4F 
 1055      4154494E 
 1056              	.LASF29:
 1057 0026 4750494F 		.ascii	"GPIO_Mode_AF_OD\000"
 1057      5F4D6F64 
 1057      655F4146 
 1057      5F4F4400 
 1058              	.LASF25:
 1059 0036 4750494F 		.ascii	"GPIO_Mode_IPD\000"
 1059      5F4D6F64 
 1059      655F4950 
 1059      4400
 1060              	.LASF16:
 1061 0044 42535252 		.ascii	"BSRR\000"
 1061      00
 1062              	.LASF15:
 1063 0049 46756E63 		.ascii	"FunctionalState\000"
 1063      74696F6E 
 1063      616C5374 
 1063      61746500 
 1064              	.LASF39:
 1065 0059 5243435F 		.ascii	"RCC_APB2PeriphClockCmd\000"
 1065      41504232 
 1065      50657269 
 1065      7068436C 
 1065      6F636B43 
 1066              	.LASF18:
 1067 0070 4750494F 		.ascii	"GPIO_TypeDef\000"
 1067      5F547970 
 1067      65446566 
 1067      00
 1068              	.LASF26:
 1069 007d 4750494F 		.ascii	"GPIO_Mode_IPU\000"
 1069      5F4D6F64 
 1069      655F4950 
 1069      5500
 1070              	.LASF34:
 1071 008b 4750494F 		.ascii	"GPIO_Mode\000"
 1071      5F4D6F64 
 1071      6500
 1072              	.LASF42:
 1073 0095 2F686F6D 		.ascii	"/home/yaolin/project/stm32/stm32f10x_makefile_templ"
 1073      652F7961 
 1073      6F6C696E 
 1073      2F70726F 
 1073      6A656374 
ARM GAS  /tmp/cccmuhaV.s 			page 21


 1074 00c8 61746500 		.ascii	"ate\000"
 1075              	.LASF14:
 1076 00cc 454E4142 		.ascii	"ENABLE\000"
 1076      4C4500
 1077              	.LASF1:
 1078 00d3 756E7369 		.ascii	"unsigned char\000"
 1078      676E6564 
 1078      20636861 
 1078      7200
 1079              	.LASF40:
 1080 00e1 474E5520 		.ascii	"GNU C23 16.2.0 -mcpu=cortex-m3 -mthumb -mfloat-abi="
 1080      43323320 
 1080      31362E32 
 1080      2E30202D 
 1080      6D637075 
 1081 0114 736F6674 		.ascii	"soft -march=armv7-m -g -gdwarf-2 -Os -fomit-frame-p"
 1081      202D6D61 
 1081      7263683D 
 1081      61726D76 
 1081      372D6D20 
 1082 0147 6F696E74 		.ascii	"ointer\000"
 1082      657200
 1083              	.LASF41:
 1084 014e 75736572 		.ascii	"user/main.c\000"
 1084      2F6D6169 
 1084      6E2E6300 
 1085              	.LASF7:
 1086 015a 6C6F6E67 		.ascii	"long unsigned int\000"
 1086      20756E73 
 1086      69676E65 
 1086      6420696E 
 1086      7400
 1087              	.LASF3:
 1088 016c 73686F72 		.ascii	"short unsigned int\000"
 1088      7420756E 
 1088      7369676E 
 1088      65642069 
 1088      6E7400
 1089              	.LASF20:
 1090 017f 4750494F 		.ascii	"GPIO_Speed_2MHz\000"
 1090      5F537065 
 1090      65645F32 
 1090      4D487A00 
 1091              	.LASF13:
 1092 018f 44495341 		.ascii	"DISABLE\000"
 1092      424C4500 
 1093              	.LASF6:
 1094 0197 5F5F7569 		.ascii	"__uint32_t\000"
 1094      6E743332 
 1094      5F7400
 1095              	.LASF5:
 1096 01a2 5F5F7569 		.ascii	"__uint16_t\000"
 1096      6E743136 
 1096      5F7400
 1097              	.LASF45:
 1098 01ad 44656C61 		.ascii	"Delay\000"
 1098      7900
ARM GAS  /tmp/cccmuhaV.s 			page 22


 1099              	.LASF43:
 1100 01b3 6D61696E 		.ascii	"main\000"
 1100      00
 1101              	.LASF10:
 1102 01b8 756E7369 		.ascii	"unsigned int\000"
 1102      676E6564 
 1102      20696E74 
 1102      00
 1103              	.LASF37:
 1104 01c5 4750494F 		.ascii	"GPIO_ResetBits\000"
 1104      5F526573 
 1104      65744269 
 1104      747300
 1105              	.LASF28:
 1106 01d4 4750494F 		.ascii	"GPIO_Mode_Out_PP\000"
 1106      5F4D6F64 
 1106      655F4F75 
 1106      745F5050 
 1106      00
 1107              	.LASF36:
 1108 01e5 4750494F 		.ascii	"GPIO_SetBits\000"
 1108      5F536574 
 1108      42697473 
 1108      00
 1109              	.LASF21:
 1110 01f2 4750494F 		.ascii	"GPIO_Speed_50MHz\000"
 1110      5F537065 
 1110      65645F35 
 1110      304D487A 
 1110      00
 1111              	.LASF30:
 1112 0203 4750494F 		.ascii	"GPIO_Mode_AF_PP\000"
 1112      5F4D6F64 
 1112      655F4146 
 1112      5F505000 
 1113              	.LASF32:
 1114 0213 4750494F 		.ascii	"GPIO_Pin\000"
 1114      5F50696E 
 1114      00
 1115              	.LASF8:
 1116 021c 6C6F6E67 		.ascii	"long long int\000"
 1116      206C6F6E 
 1116      6720696E 
 1116      7400
 1117              	.LASF23:
 1118 022a 4750494F 		.ascii	"GPIO_Mode_AIN\000"
 1118      5F4D6F64 
 1118      655F4149 
 1118      4E00
 1119              	.LASF44:
 1120 0238 4750494F 		.ascii	"GPIO_InitStructure\000"
 1120      5F496E69 
 1120      74537472 
 1120      75637475 
 1120      726500
 1121              	.LASF2:
 1122 024b 73686F72 		.ascii	"short int\000"
ARM GAS  /tmp/cccmuhaV.s 			page 23


 1122      7420696E 
 1122      7400
 1123              	.LASF19:
 1124 0255 4750494F 		.ascii	"GPIO_Speed_10MHz\000"
 1124      5F537065 
 1124      65645F31 
 1124      304D487A 
 1124      00
 1125              	.LASF38:
 1126 0266 4750494F 		.ascii	"GPIO_Init\000"
 1126      5F496E69 
 1126      7400
 1127              	.LASF11:
 1128 0270 75696E74 		.ascii	"uint16_t\000"
 1128      31365F74 
 1128      00
 1129              	.LASF35:
 1130 0279 4750494F 		.ascii	"GPIO_InitTypeDef\000"
 1130      5F496E69 
 1130      74547970 
 1130      65446566 
 1130      00
 1131              	.LASF46:
 1132 028a 6E436F75 		.ascii	"nCount\000"
 1132      6E7400
 1133              	.LASF12:
 1134 0291 75696E74 		.ascii	"uint32_t\000"
 1134      33325F74 
 1134      00
 1135              	.LASF4:
 1136 029a 6C6F6E67 		.ascii	"long int\000"
 1136      20696E74 
 1136      00
 1137              	.LASF22:
 1138 02a3 4750494F 		.ascii	"GPIOSpeed_TypeDef\000"
 1138      53706565 
 1138      645F5479 
 1138      70654465 
 1138      6600
 1139              	.LASF0:
 1140 02b5 7369676E 		.ascii	"signed char\000"
 1140      65642063 
 1140      68617200 
 1141              	.LASF9:
 1142 02c1 6C6F6E67 		.ascii	"long long unsigned int\000"
 1142      206C6F6E 
 1142      6720756E 
 1142      7369676E 
 1142      65642069 
 1143              	.LASF27:
 1144 02d8 4750494F 		.ascii	"GPIO_Mode_Out_OD\000"
 1144      5F4D6F64 
 1144      655F4F75 
 1144      745F4F44 
 1144      00
 1145              	.LASF31:
 1146 02e9 4750494F 		.ascii	"GPIOMode_TypeDef\000"
ARM GAS  /tmp/cccmuhaV.s 			page 24


 1146      4D6F6465 
 1146      5F547970 
 1146      65446566 
 1146      00
 1147              		.ident	"GCC: (Arch Repository) 16.2.0"
ARM GAS  /tmp/cccmuhaV.s 			page 25


DEFINED SYMBOLS
                            *ABS*:00000000 main.c
     /tmp/cccmuhaV.s:23     .text:00000000 $t
     /tmp/cccmuhaV.s:29     .text:00000000 Delay
     /tmp/cccmuhaV.s:67     .text.startup:00000000 $t
     /tmp/cccmuhaV.s:73     .text.startup:00000000 main
     /tmp/cccmuhaV.s:135    .text.startup:00000038 $d

UNDEFINED SYMBOLS
RCC_APB2PeriphClockCmd
GPIO_Init
GPIO_ResetBits
GPIO_SetBits
